avo.csv
Date,AveragePrice,lon,lat,region,Total Volume,lon_scaled,lat_scaled,logPrice,logPriceDiff,Date,logVol,logDiffVol
2017-11-12,1.26,-73.754968,42.6511674,Albany,113586.0,0.8955098484500623,0.5424192041733096,0.23111172096338664,-0.2513144282809061,2017-11-12,11.640315538237965,0.0
2017-06-25,1.53,-73.754968,42.6511674,Albany,89303.04,0.8955098484500623,0.5424192041733096,0.4252677354043441,-0.03215711163453139,2017-06-25,11.399790808838347,-0.24052472939961866
2016-09-18,1.39,-73.754968,42.6511674,Albany,79513.63,0.8955098484500623,0.5424192041733096,0.3293037471426003,0.014493007302566696,2016-09-18,11.283683732488026,-0.11610707635032114
2015-03-15,1.11,-73.754968,42.6511674,Albany,43045.79,0.8955098484500623,0.5424192041733096,0.10436001532424286,0.03670136685042799,2015-03-15,10.670019711810157,-0.6136640206778683
2016-05-08,1.27,-73.754968,42.6511674,Albany,120194.49,0.8955098484500623,0.5424192041733096,0.23901690047049992,0.2094580982289555,2016-05-08,11.696866459766325,1.0268467479561671
2017-01-29,1.31,-73.754968,42.6511674,Albany,95424.59,0.8955098484500623,0.5424192041733096,0.2700271372130602,-0.19370687901908,2017-01-29,11.466091581036215,-0.23077487873010938
2015-08-09,1.12,-73.754968,42.6511674,Albany,111140.93,0.8955098484500623,0.5424192041733096,0.11332868530700327,-0.2582348711254797,2015-08-09,11.618554314623267,0.1524627335870523
2017-04-02,1.62,-73.754968,42.6511674,Albany,92621.11,0.8955098484500623,0.5424192041733096,0.4824261492442928,0.3340061441260196,2017-04-02,11.436272364415531,-0.1822819502077362
2017-07-16,1.39,-73.754968,42.6511674,Albany,102461.61,0.8955098484500623,0.5424192041733096,0.3293037471426003,-0.08940658771558474,2017-07-16,11.53724347081889,0.10097110640335849
2015-05-31,1.23,-73.754968,42.6511674,Albany,95123.62,0.8955098484500623,0.5424192041733096,0.20701416938432612,0.03306086226088814,2015-05-31,11.462932587831423,-0.0743108829874668
2017-11-05,1.62,-73.754968,42.6511674,Albany,71076.94,0.8955098484500623,0.5424192041733096,0.4824261492442928,-0.03039747718437097,2017-11-05,11.171518231257494,-0.2914143565739291
2018-02-18,1.43,-73.754968,42.6511674,Albany,85630.24,0.8955098484500623,0.5424192041733096,0.3576744442718159,-0.013889112160667128,2018-02-18,11.357793770772354,0.18627553951485964
2016-09-11,1.37,-73.754968,42.6511674,Albany,81473.15,0.8955098484500623,0.5424192041733096,0.3148107398400336,-0.049832373747875636,2016-09-11,11.308028797096327,-0.049764973676026614
2018-01-28,1.57,-73.754968,42.6511674,Albany,93625.03,0.8955098484500623,0.5424192041733096,0.45107561936021673,-0.07365290957476539,2018-01-28,11.447053041246706,0.13902424415037906
2016-04-03,0.85,-73.754968,42.6511674,Albany,81694.23,0.8955098484500623,0.5424192041733096,-0.16251892949777494,-0.5612950494551427,2016-04-03,11.31073865411908,-0.13631438712762645
2017-08-06,1.53,-73.754968,42.6511674,Albany,92938.17,0.8955098484500623,0.5424192041733096,0.4252677354043441,-0.05096644359202762,2017-08-06,11.439689712322457,0.12895105820337704
2017-04-23,1.34,-73.754968,42.6511674,Albany,89327.1,0.8955098484500623,0.5424192041733096,0.29266961396282004,-0.18975653528147274,2017-04-23,11.400060192271015,-0.0396295200514416
2016-01-10,1.28,-73.754968,42.6511674,Albany,79121.77,0.8955098484500623,0.5424192041733096,0.2468600779315258,0.2173012756899814,2016-01-10,11.278743337128265,-0.1213168551427497
2018-01-07,1.13,-73.754968,42.6511674,Albany,98540.22,0.8955098484500623,0.5424192041733096,0.12221763272424911,-0.26304476806639576,2018-01-07,11.498220068691362,0.21947673156309655
2015-06-28,1.37,-73.754968,42.6511674,Albany,89534.81,0.8955098484500623,0.5424192041733096,0.3148107398400336,0.07579383936953368,2015-06-28,11.402382767193442,-0.09583730149791947
2016-03-27,1.49,-73.754968,42.6511674,Albany,92529.27,0.8955098484500623,0.5424192041733096,0.3987761199573678,0.12114438335908823,2016-03-27,11.435280305878766,0.03289753868532408
2016-02-07,1.07,-73.754968,42.6511674,Albany,169614.01,0.8955098484500623,0.5424192041733096,0.06765864847381486,-0.08076135664445835,2016-02-07,12.041280605060317,0.6060002991815505
2015-10-18,1.12,-73.754968,42.6511674,Albany,84843.44,0.8955098484500623,0.5424192041733096,0.11332868530700327,-0.13353139262452254,2015-10-18,11.348562954768449,-0.6927176502918684
2017-12-24,1.45,-73.754968,42.6511674,Albany,77039.09,0.8955098484500623,0.5424192041733096,0.371563556432483,0.013889112160667128,2017-12-24,11.252068234356553,-0.09649472041189533
2016-03-20,1.32,-73.754968,42.6511674,Albany,110401.88,0.8955098484500623,0.5424192041733096,0.27763173659827955,0.11211729812070623,2016-03-20,11.611882441665648,0.3598142073090944
2016-07-03,1.42,-73.754968,42.6511674,Albany,115907.61,0.8955098484500623,0.5424192041733096,0.35065687161316933,-0.054808236494995055,2016-07-03,11.660548687224084,0.04866624555843657
2018-01-21,1.69,-73.754968,42.6511674,Albany,135196.35,0.8955098484500623,0.5424192041733096,0.5247285289349821,0.1740716573218128,2018-01-21,11.814483445185154,0.15393475796106948
2016-10-09,1.13,-73.754968,42.6511674,Albany,101087.84,0.8955098484500623,0.5424192041733096,0.12221763272424911,-0.28989201810258386,2016-10-09,11.523745120821198,-0.2907383243639554
2016-10-02,1.51,-73.754968,42.6511674,Albany,75480.26,0.8955098484500623,0.5424192041733096,0.412109650826833,-0.0703164984174598,2016-10-02,11.231626444097646,-0.2921186767235522
2015-03-01,0.99,-73.754968,42.6511674,Albany,55595.74,0.8955098484500623,0.5424192041733096,-0.01005033585350145,-0.07770898432731632,2015-03-01,10.925861858598275,-0.3057645854993716
2016-01-17,1.26,-73.754968,42.6511674,Albany,119972.41,0.8955098484500623,0.5424192041733096,0.23111172096338664,-0.01574835696813917,2016-01-17,11.695017078662628,0.7691552200643539
2017-10-22,1.56,-73.754968,42.6511674,Albany,69704.09,0.8955098484500623,0.5424192041733096,0.44468582126144574,-0.05608946665104342,2017-10-22,11.152014275084397,-0.543002803578231
2017-04-30,1.13,-73.754968,42.6511674,Albany,124926.39,0.8955098484500623,0.5424192041733096,0.12221763272424911,-0.17045198123857092,2017-04-30,11.73547996282651,0.5834656877421125
2016-09-25,1.62,-73.754968,42.6511674,Albany,96853.15,0.8955098484500623,0.5424192041733096,0.4824261492442928,0.15312240210169248,2016-09-25,11.48095119282869,-0.2545287699978207
2017-10-29,1.67,-73.754968,42.6511674,Albany,69432.23,0.8955098484500623,0.5424192041733096,0.5128236264286637,0.06813780516721801,2017-10-29,11.14810644791221,-0.3328447449164784
2015-07-19,1.26,-73.754968,42.6511674,Albany,96617.0,0.8955098484500623,0.5424192041733096,0.23111172096338664,0.1823215567939546,2015-07-19,11.478509988154194,0.33040354024198315
2017-08-13,1.52,-73.754968,42.6511674,Albany,133070.41,0.8955098484500623,0.5424192041733096,0.41871033485818504,-0.0065574005461590534,2017-08-13,11.798633665618185,0.3201236774639913
2017-03-05,1.18,-73.754968,42.6511674,Albany,107354.25,0.8955098484500623,0.5424192041733096,0.16551443847757333,-0.17095779814363957,2017-03-05,11.583889392649015,-0.21474427296917042
2015-05-24,1.19,-73.754968,42.6511674,Albany,101470.91,0.8955098484500623,0.5424192041733096,0.17395330712343798,-0.1837211371483779,2015-05-24,11.527527435400847,-0.05636195724816773
2016-05-15,1.36,-73.754968,42.6511674,Albany,96924.19,0.8955098484500623,0.5424192041733096,0.3074846997479607,0.0684677992774608,2016-05-15,11.481684405527165,-0.04584302987368183
2015-03-22,1.12,-73.754968,42.6511674,Albany,46346.85,0.8955098484500623,0.5424192041733096,0.11332868530700327,0.008968669982760413,2015-03-22,10.743908607519488,-0.7377757980076769
2017-01-22,1.59,-73.754968,42.6511674,Albany,128679.24,0.8955098484500623,0.5424192041733096,0.4637340162321402,0.025479085300984916,2017-01-22,11.765078075211804,1.0211694676923155
2018-02-25,1.28,-73.754968,42.6511674,Albany,104278.89,0.8955098484500623,0.5424192041733096,0.2468600779315258,-0.11081436634029007,2018-02-25,11.554824223571913,-0.21025385163989085
2015-10-11,1.28,-73.754968,42.6511674,Albany,64489.17,0.8955098484500623,0.5424192041733096,0.2468600779315258,-0.023167059281534397,2015-10-11,11.074252581709166,-0.48057164186274726
2015-12-20,1.35,-73.754968,42.6511674,Albany,54876.98,0.8955098484500623,0.5424192041733096,0.30010459245033816,0.3726752852851735,2015-12-20,10.912849231731089,-0.1614033499780767
2015-01-18,1.17,-73.754968,42.6511674,Albany,44511.28,0.8955098484500623,0.5424192041733096,0.1570037488096647,-0.05810763080728079,2015-01-18,10.703497919178975,-0.2093513125521138
2016-09-04,1.44,-73.754968,42.6511674,Albany,95456.26,0.8955098484500623,0.5424192041733096,0.36464311358790924,0.1991286751103359,2016-09-04,11.466423411078784,0.762925491899809
2016-04-17,1.22,-73.754968,42.6511674,Albany,86433.63,0.8955098484500623,0.5424192041733096,0.19885085874516517,-0.17958557697507987,2016-04-17,11.367132115170534,-0.09929129590824992
2015-12-27,1.33,-73.754968,42.6511674,Albany,64236.62,0.8955098484500623,0.5424192041733096,0.28517894223366247,-0.01492565021667569,2015-12-27,11.07032873204339,-0.2968033831271448
2017-02-12,1.42,-73.754968,42.6511674,Albany,97215.94,0.8955098484500623,0.5424192041733096,0.35065687161316933,-0.04811924834419845,2017-02-12,11.484689968772898,0.4143612367295084
2017-11-26,1.5,-73.754968,42.6511674,Albany,62977.0,0.8955098484500623,0.5424192041733096,0.4054651081081644,-0.09531017980432477,2017-11-26,11.050524859350896,-0.43416510942200226
2015-01-25,1.06,-73.754968,42.6511674,Albany,45147.5,0.8955098484500623,0.5424192041733096,0.058268908123975824,-0.09873484068568887,2015-01-25,10.717690186326498,-0.3328346730243972
2015-02-22,1.07,-73.754968,42.6511674,Albany,45675.05,0.8955098484500623,0.5424192041733096,0.06765864847381486,0.00938974034983904,2015-02-22,10.729307475936357,0.011617289609858972
2016-04-24,1.18,-73.754968,42.6511674,Albany,102490.2,0.8955098484500623,0.5424192041733096,0.16551443847757333,-0.03333642026759184,2016-04-24,11.537522463233598,0.8082149872972408
2015-07-26,1.11,-73.754968,42.6511674,Albany,106757.1,0.8955098484500623,0.5424192041733096,0.10436001532424286,-0.12675170563914379,2015-07-26,11.578311439417785,0.040788976184186865
2016-07-17,1.31,-73.754968,42.6511674,Albany,89228.02,0.8955098484500623,0.5424192041733096,0.2700271372130602,0.16566712188881735,2016-07-17,11.398950394801535,-0.17936104461625035
2017-04-09,1.54,-73.754968,42.6511674,Albany,105436.11,0.8955098484500623,0.5424192041733096,0.43178241642553783,-0.05064373281875495,2017-04-09,11.565860456036043,0.1669100612345087
2017-07-23,1.49,-73.754968,42.6511674,Albany,84416.61,0.8955098484500623,0.5424192041733096,0.3987761199573678,0.06947237281476748,2017-07-23,11.34351946216915,-0.22234099386689365
2017-02-19,1.67,-73.754968,42.6511674,Albany,95475.07,0.8955098484500623,0.5424192041733096,0.5128236264286637,0.16216675481549442,2017-02-19,11.466620445269673,0.12310098310052275
2016-08-07,1.48,-73.754968,42.6511674,Albany,99683.11,0.8955098484500623,0.5424192041733096,0.3920420877760237,-0.08419209122034804,2016-08-07,11.509751533374061,0.04313108810438848
2016-07-31,1.61,-73.754968,42.6511674,Albany,125586.57,0.8955098484500623,0.5424192041733096,0.4762341789963717,0.09779774327612667,2016-07-31,11.740750600547571,0.23099906717351004
2017-12-03,1.39,-73.754968,42.6511674,Albany,139970.0,0.8955098484500623,0.5424192041733096,0.3293037471426003,-0.07616136096556408,2017-12-03,11.849183392914691,0.10843279236712
2015-11-08,0.98,-73.754968,42.6511674,Albany,109428.33,0.8955098484500623,0.5424192041733096,-0.020202707317519466,-0.04000533461369919,2015-11-08,11.603025093398662,-0.2461582995160292
2017-02-26,1.4,-73.754968,42.6511674,Albany,88371.09,0.8955098484500623,0.5424192041733096,0.3364722366212129,-0.17635138980745085,2017-02-26,11.38930015893864,-0.2137249344600214
2016-07-24,1.46,-73.754968,42.6511674,Albany,98321.14,0.8955098484500623,0.5424192041733096,0.37843643572024505,0.10840929850718484,2016-07-24,11.495994338965211,0.1066941800265706
2017-12-10,1.29,-73.754968,42.6511674,Albany,92325.53,0.8955098484500623,0.5424192041733096,0.25464221837358075,-0.07466152876901955,2017-12-10,11.433075980294593,-0.06291835867061835
2017-04-16,1.62,-73.754968,42.6511674,Albany,90487.05,0.8955098484500623,0.5424192041733096,0.4824261492442928,0.05064373281875495,2017-04-16,11.412962025526454,-0.020113954768138598
2016-01-03,1.03,-73.754968,42.6511674,Albany,149038.15,0.8955098484500623,0.5424192041733096,0.02955880224154443,-0.255620139992118,2016-01-03,11.911957592423336,0.4989955668968822
2016-08-14,1.2,-73.754968,42.6511674,Albany,110528.09,0.8955098484500623,0.5424192041733096,0.1823215567939546,-0.20972053098206908,2016-08-14,11.613024975779325,-0.29893261664401116
2015-11-01,1.02,-73.754968,42.6511674,Albany,99811.42,0.8955098484500623,0.5424192041733096,0.01980262729617973,-0.047856021177635134,2015-11-01,11.511037884610788,-0.10198709116853699
2016-04-10,1.46,-73.754968,42.6511674,Albany,70253.3,0.8955098484500623,0.5424192041733096,0.37843643572024505,0.54095536521802,2016-04-10,11.159862561181665,-0.35117532342912305
2015-05-03,1.2,-73.754968,42.6511674,Albany,59197.67,0.8955098484500623,0.5424192041733096,0.1823215567939546,-0.01652930195121058,2015-05-03,10.988637461989438,-0.1712250991922275
2015-11-22,1.26,-73.754968,42.6511674,Albany,55979.78,0.8955098484500623,0.5424192041733096,0.23111172096338664,0.2411620568168881,2015-11-22,10.93274583308673,-0.055891628902706714
2017-12-17,1.43,-73.754968,42.6511674,Albany,70677.56,0.8955098484500623,0.5424192041733096,0.3576744442718159,0.10303222589823513,2017-12-17,11.165883404049401,0.23313757096267018
2017-06-11,1.65,-73.754968,42.6511674,Albany,91949.26,0.8955098484500623,0.5424192041733096,0.5007752879124892,-0.029852963149681222,2017-06-11,11.42899218214799,0.263108778098589
2015-03-08,1.07,-73.754968,42.6511674,Albany,40507.36,0.8955098484500623,0.5424192041733096,0.06765864847381486,0.07770898432731632,2015-03-08,10.609238964979088,-0.8197532171689019
2015-05-10,1.26,-73.754968,42.6511674,Albany,120427.91,0.8955098484500623,0.5424192041733096,0.23111172096338664,0.04879016416943205,2015-05-10,11.698806595624154,1.0895676306450657
2017-07-30,1.61,-73.754968,42.6511674,Albany,83599.96,0.8955098484500623,0.5424192041733096,0.4762341789963717,0.07745805903900393,2017-07-30,11.33379832060378,-0.36500827502037403
2016-08-28,1.18,-73.754968,42.6511674,Albany,145323.22,0.8955098484500623,0.5424192041733096,0.16551443847757333,-0.19216000579424256,2016-08-28,11.8867156440858,0.5529173234820206
2017-02-05,1.49,-73.754968,42.6511674,Albany,183549.08,0.8955098484500623,0.5424192041733096,0.3987761199573678,0.12874898274430757,2017-02-05,12.12023737665418,0.23352173256837894
2015-02-01,0.99,-73.754968,42.6511674,Albany,70873.6,0.8955098484500623,0.5424192041733096,-0.01005033585350145,-0.06831924397747727,2015-02-01,11.168653287748539,-0.9515840889056406
2015-08-02,1.45,-73.754968,42.6511674,Albany,75133.1,0.8955098484500623,0.5424192041733096,0.371563556432483,0.2672035411082402,2015-08-02,11.22701648632482,0.058363198576280695
2015-10-25,1.07,-73.754968,42.6511674,Albany,74338.76,0.8955098484500623,0.5424192041733096,0.06765864847381486,-0.045670036833188404,2015-10-25,11.216387763593753,-0.010628722731066631
2017-11-19,1.65,-73.754968,42.6511674,Albany,97273.0,0.8955098484500623,0.5424192041733096,0.5007752879124892,0.26966356694910254,2017-11-19,11.485276737374106,0.2688889737803528
2016-07-10,1.11,-73.754968,42.6511674,Albany,131630.13,0.8955098484500623,0.5424192041733096,0.10436001532424286,-0.24629685628892647,2016-07-10,11.787751223035771,0.3024744856616657
2016-05-01,1.03,-73.754968,42.6511674,Albany,173781.78,0.8955098484500623,0.5424192041733096,0.02955880224154443,-0.1359556362360289,2016-05-01,12.065555653176508,0.27780443014073697
2017-06-18,1.58,-73.754968,42.6511674,Albany,97079.34,0.8955098484500623,0.5424192041733096,0.4574248470388755,-0.04335044087361367,2017-06-18,11.483283861300741,-0.5822717918757672
2016-08-21,1.43,-73.754968,42.6511674,Albany,94882.79,0.8955098484500623,0.5424192041733096,0.3576744442718159,0.1753528874778613,2016-08-21,11.46039761936414,-0.02288624193660027
2018-02-11,1.45,-73.754968,42.6511674,Albany,121804.36,0.8955098484500623,0.5424192041733096,0.371563556432483,0.34200475419093856,2018-02-11,11.71017143000478,0.24977381064063842
2015-11-15,0.99,-73.754968,42.6511674,Albany,83453.76,0.8955098484500623,0.5424192041733096,-0.01005033585350145,0.010152371464018015,2015-11-15,11.33204798499526,-0.37812344500951944
2016-06-26,1.5,-73.754968,42.6511674,Albany,133086.66,0.8955098484500623,0.5424192041733096,0.4054651081081644,0.054808236494995055,2016-06-26,11.798755773965862,0.46670778897060217
2018-03-04,1.08,-73.754968,42.6511674,Albany,139520.6,0.8955098484500623,0.5424192041733096,0.0769610411361284,-0.16989903679539742,2018-03-04,11.845967539592275,0.04721176562641283
2015-11-29,1.28,-73.754968,42.6511674,Albany,51039.6,0.8955098484500623,0.5424192041733096,0.2468600779315258,0.01574835696813917,2015-11-29,10.840357080997366,-1.0056104585949086
2016-12-25,1.52,-73.754968,42.6511674,Albany,73341.73,0.8955098484500623,0.5424192041733096,0.41871033485818504,-0.0065574005461590534,2016-12-25,11.202885030111764,0.3625279491143978
2016-11-20,1.56,-73.754968,42.6511674,Albany,70089.51,0.8955098484500623,0.5424192041733096,0.44468582126144574,-0.037740327982847044,2016-11-20,11.157528418458377,-0.045356611653387446
2017-05-14,1.77,-73.754968,42.6511674,Albany,96750.67,0.8955098484500623,0.5424192041733096,0.5709795465857378,0.1857171457950929,2017-05-14,11.479892535932649,0.3223641174742724
2015-08-23,1.34,-73.754968,42.6511674,Albany,79992.09,0.8955098484500623,0.5424192041733096,0.29266961396282004,0.007490671729157572,2015-08-23,11.289683033767563,-0.1902095021650858
2015-09-13,1.28,-73.754968,42.6511674,Albany,76111.27,0.8955098484500623,0.5424192041733096,0.2468600779315258,0.14250006260728296,2015-09-13,11.239951627497204,-0.0497314062703591
