avo.csv
Date,AveragePrice,lon,lat,region,Total Volume,lon_scaled,lat_scaled,logPrice,logPriceDiff,Date,logVol,logDiffVol
2015-04-05,1.16,-73.754968,42.6511674,Albany,47362.13,0.8955098484500623,0.5424192041733096,0.14842000511827322,0.12861737782209348,2015-04-05,10.76557824320872,-0.47437338428848363
2015-12-06,1.08,-73.754968,42.6511674,Albany,78992.15,0.8955098484500623,0.5424192041733096,0.0769610411361284,-0.16989903679539742,2015-12-06,11.277103759423314,0.5115255162145935
2016-06-12,1.38,-73.754968,42.6511674,Albany,111394.5,0.8955098484500623,0.5424192041733096,0.3220834991691132,-0.06317890162153167,2016-06-12,11.620833233622749,0.343729474199435
2016-01-31,1.16,-73.754968,42.6511674,Albany,102038.32,0.8955098484500623,0.5424192041733096,0.14842000511827322,-0.05043085362689195,2016-01-31,11.533103707988499,-0.0877295256342503
2016-02-21,1.28,-73.754968,42.6511674,Albany,99817.47,0.8955098484500623,0.5424192041733096,0.2468600779315258,0.1246424452072767,2016-02-21,11.511098497080274,-0.02200521090822427
2015-08-16,1.33,-73.754968,42.6511674,Albany,80043.78,0.8955098484500623,0.5424192041733096,0.28517894223366247,0.1718502569266592,2015-08-16,11.290329013969346,-0.22076948311092792
2017-09-24,1.64,-73.754968,42.6511674,Albany,68539.64,0.8955098484500623,0.5424192041733096,0.494696241836107,0.15110653744603014,2017-09-24,11.135167543007453,-0.15516147096189314
2018-03-18,1.35,-73.754968,42.6511674,Albany,105304.65,0.8955098484500623,0.5424192041733096,0.30010459245033816,0.1867759071433349,2018-03-18,11.564612856691223,0.4294453136837699
2016-11-13,1.62,-73.754968,42.6511674,Albany,63608.01,0.8955098484500623,0.5424192041733096,0.4824261492442928,-0.006153865574378137,2016-11-13,11.060494684794236,-0.5041181718969874
2017-08-27,1.61,-73.754968,42.6511674,Albany,75471.56,0.8955098484500623,0.5424192041733096,0.4762341789963717,0.0,2017-08-27,11.231511175530368,0.17101649073613245
2015-01-04,1.22,-73.754968,42.6511674,Albany,40873.28,0.8955098484500623,0.5424192041733096,0.19885085874516517,0.0,2015-01-04,10.618231827803484,-0.6132793477268841
2016-02-28,1.26,-73.754968,42.6511674,Albany,87822.43,0.8955098484500623,0.5424192041733096,0.23111172096338664,-0.01574835696813917,2016-02-28,11.383072213967464,0.7648403861639803
2016-11-06,1.63,-73.754968,42.6511674,Albany,57178.2,0.8955098484500623,0.5424192041733096,0.4885800148186709,0.11014357909842587,2016-11-06,10.953927985842512,-0.4291442281249527
2015-02-15,1.06,-73.754968,42.6511674,Albany,41567.62,0.8955098484500623,0.5424192041733096,0.058268908123975824,0.06831924397747727,2015-02-15,10.63507677778112,-0.31885120806139255
2017-03-26,1.16,-73.754968,42.6511674,Albany,122951.65,0.8955098484500623,0.5424192041733096,0.14842000511827322,-0.32158362412746244,2017-03-26,11.719546467643758,1.0844696898626385
2017-09-17,1.41,-73.754968,42.6511674,Albany,80109.29,0.8955098484500623,0.5424192041733096,0.34358970439007686,-0.23302365991391694,2017-09-17,11.291147106356256,-0.4283993612875019
2015-08-30,1.07,-73.754968,42.6511674,Albany,105693.84,0.8955098484500623,0.5424192041733096,0.06765864847381486,-0.22501096548900518,2015-08-30,11.568301892014397,0.27715478565814067
2016-12-11,1.49,-73.754968,42.6511674,Albany,71777.85,0.8955098484500623,0.5424192041733096,0.3987761199573678,0.006734032181344107,2016-12-11,11.181331211619964,-0.38697068039443216
2015-04-19,1.19,-73.754968,42.6511674,Albany,49064.73,0.8955098484500623,0.5424192041733096,0.17395330712343798,0.05173567439918887,2015-04-19,10.800895725721142,-0.3804354858988219
2016-12-18,1.53,-73.754968,42.6511674,Albany,68938.53,0.8955098484500623,0.5424192041733096,0.4252677354043441,0.026491615446976313,2016-12-18,11.14097051695405,0.34007479123290807
2017-07-02,1.56,-73.754968,42.6511674,Albany,98282.07,0.8955098484500623,0.5424192041733096,0.44468582126144574,0.01941808585710164,2017-07-02,11.495596888684371,0.35462637173032086
2016-12-04,1.48,-73.754968,42.6511674,Albany,113031.96,0.8955098484500623,0.5424192041733096,0.3920420877760237,-0.026668247082161367,2016-12-04,11.635425889563495,0.1398290008791232
2015-09-06,1.11,-73.754968,42.6511674,Albany,99172.96,0.8955098484500623,0.5424192041733096,0.10436001532424286,0.03670136685042799,2015-09-06,11.504620675470946,-0.13080521409254864
2017-09-10,1.78,-73.754968,42.6511674,Albany,99645.88,0.8955098484500623,0.5424192041733096,0.5766133643039938,0.011299555253933335,2017-09-10,11.509377980079753,0.004757304608807189
2017-05-28,1.8,-73.754968,42.6511674,Albany,121869.11,0.8955098484500623,0.5424192041733096,0.5877866649021191,0.26570316573300584,2017-05-28,11.710702878927174,0.201324898847421
2016-06-05,1.47,-73.754968,42.6511674,Albany,115857.12,0.8955098484500623,0.5424192041733096,0.3852624007906449,-0.013513719166722893,2016-06-05,11.660112986754918,-0.05058989217225651
2017-09-03,1.76,-73.754968,42.6511674,Albany,74297.64,0.8955098484500623,0.5424192041733096,0.5653138090500605,0.08907963005368874,2017-09-03,11.215834467078915,-0.4442785196760024
2015-02-08,0.99,-73.754968,42.6511674,Albany,51253.97,0.8955098484500623,0.5424192041733096,-0.01005033585350145,0.0,2015-02-08,10.844548357415153,-0.3712861096637621
2017-03-19,1.6,-73.754968,42.6511674,Albany,92774.61,0.8955098484500623,0.5424192041733096,0.47000362924573563,0.0382212128201978,2017-03-19,11.43792828220129,0.5933799247861362
2016-11-27,1.52,-73.754968,42.6511674,Albany,58171.89,0.8955098484500623,0.5424192041733096,0.41871033485818504,-0.025975486403260695,2016-11-27,10.971157527351716,-0.4667707548495734
2015-04-12,1.13,-73.754968,42.6511674,Albany,48364.29,0.8955098484500623,0.5424192041733096,0.12221763272424911,-0.026202372394024107,2015-04-12,10.786517010471677,-0.18464051688003913
2016-05-29,1.49,-73.754968,42.6511674,Albany,127812.25,0.8955098484500623,0.5424192041733096,0.3987761199573678,0.10610650599454774,2016-05-29,11.758317669227125,0.9718006587554484
2018-03-25,1.57,-73.754968,42.6511674,Albany,149396.5,0.8955098484500623,0.5424192041733096,0.45107561936021673,0.15097102690987857,2018-03-25,11.914359124364937,0.15604145513781198
2016-02-14,1.13,-73.754968,42.6511674,Albany,98008.16,0.8955098484500623,0.5424192041733096,0.12221763272424911,0.05455898425043425,2016-02-14,11.492806019492468,-0.4215531048724692
2015-06-07,1.07,-73.754968,42.6511674,Albany,122743.06,0.8955098484500623,0.5424192041733096,0.06765864847381486,-0.13935552091051126,2015-06-07,11.717848506380244,0.2250424868877765
2017-05-21,1.38,-73.754968,42.6511674,Albany,100256.85,0.8955098484500623,0.5424192041733096,0.3220834991691132,-0.24889604741662458,2017-05-21,11.515490672011541,-0.20235783436870314
2016-01-24,1.22,-73.754968,42.6511674,Albany,96089.13,0.8955098484500623,0.5424192041733096,0.19885085874516517,-0.03226086221822147,2016-01-24,11.473031477218463,-0.04245919479307858
2018-01-14,1.42,-73.754968,42.6511674,Albany,95246.38,0.8955098484500623,0.5424192041733096,0.35065687161316933,0.2284392388889202,2018-01-14,11.464222287017385,-0.0088091902010774
2015-07-12,1.05,-73.754968,42.6511674,Albany,124055.31,0.8955098484500623,0.5424192041733096,0.04879016416943205,-0.2513144282809061,2015-07-12,11.728482793524261,0.2642605065068757
2015-06-14,1.32,-73.754968,42.6511674,Albany,89631.3,0.8955098484500623,0.5424192041733096,0.27763173659827955,0.2099730881244647,2015-06-14,11.40345986831852,-0.32502292520574017
2017-12-31,1.47,-73.754968,42.6511674,Albany,113514.42,0.8955098484500623,0.5424192041733096,0.3852624007906449,0.013698844358161877,2017-12-31,11.639685156291772,0.2362252879732516
2017-05-07,1.47,-73.754968,42.6511674,Albany,127193.26,0.8955098484500623,0.5424192041733096,0.3852624007906449,0.26304476806639576,2017-05-07,11.753462941062892,0.11377778477111988
2015-01-11,1.24,-73.754968,42.6511674,Albany,41195.08,0.8955098484500623,0.5424192041733096,0.2151113796169455,0.016260520871780315,2015-01-11,10.626074110731055,-1.127388830331837
2018-03-11,1.12,-73.754968,42.6511674,Albany,144648.75,0.8955098484500623,0.5424192041733096,0.11332868530700327,0.036367644170874874,2018-03-11,11.882063668818377,1.2559895580873217
2015-12-13,0.93,-73.754968,42.6511674,Albany,118220.22,0.8955098484500623,0.5424192041733096,-0.07257069283483537,-0.14953173397096375,2015-12-13,11.680304435313865,-0.20175923350451264
2015-06-21,1.27,-73.754968,42.6511674,Albany,104849.39,0.8955098484500623,0.5424192041733096,0.23901690047049992,-0.038614836127779634,2015-06-21,11.56028021847814,-0.12002421683572528
2017-06-04,1.7,-73.754968,42.6511674,Albany,84842.97,0.8955098484500623,0.5424192041733096,0.5306282510621704,-0.057158413839948685,2017-06-04,11.348557415138021,-0.21172280334011795
2017-07-09,1.52,-73.754968,42.6511674,Albany,101331.41,0.8955098484500623,0.5424192041733096,0.41871033485818504,-0.025975486403260695,2017-07-09,11.526151711276963,0.17759429613894184
2016-10-23,1.19,-73.754968,42.6511674,Albany,92080.35,0.8955098484500623,0.5424192041733096,0.17395330712343798,-0.1625189294977749,2016-10-23,11.430416844431113,-0.09573486684585042
2015-07-05,1.35,-73.754968,42.6511674,Albany,109252.12,0.8955098484500623,0.5424192041733096,0.30010459245033816,-0.014706147389695445,2015-07-05,11.601413517803886,0.17099667337277324
2015-09-27,0.99,-73.754968,42.6511674,Albany,106803.39,0.8955098484500623,0.5424192041733096,-0.01005033585350145,-0.2952292780871639,2015-09-27,11.578744946577512,-0.022668571226374112
2016-10-16,1.4,-73.754968,42.6511674,Albany,69060.9,0.8955098484500623,0.5424192041733096,0.3364722366212129,0.21425460389696377,2016-10-16,11.142744003005026,-0.43600094357248587
2017-10-15,1.65,-73.754968,42.6511674,Albany,73574.89,0.8955098484500623,0.5424192041733096,0.5007752879124892,-0.07583807639150464,2017-10-15,11.2060590780275,0.06331507502247469
2016-03-13,1.18,-73.754968,42.6511674,Albany,108264.9,0.8955098484500623,0.5424192041733096,0.16551443847757333,-0.0735024619929266,2016-03-13,11.592336280734424,0.386277202706923
2017-01-15,1.55,-73.754968,42.6511674,Albany,88526.26,0.8955098484500623,0.5424192041733096,0.4382549309311553,0.0,2017-01-15,11.391054510146251,-0.20128177058817265
2015-10-04,1.31,-73.754968,42.6511674,Albany,61007.1,0.8955098484500623,0.5424192041733096,0.2700271372130602,0.28007747306656167,2015-10-04,11.01874552982488,-0.37230898032137105
2016-05-22,1.34,-73.754968,42.6511674,Albany,98863.64,0.8955098484500623,0.5424192041733096,0.29266961396282004,-0.01481508578514068,2016-05-22,11.501496805928214,0.48275127610333435
2015-03-29,1.02,-73.754968,42.6511674,Albany,67799.08,0.8955098484500623,0.5424192041733096,0.01980262729617973,-0.09352605801082353,2015-03-29,11.124303904514889,-0.3771929014133253
2015-04-26,1.22,-73.754968,42.6511674,Albany,49585.46,0.8955098484500623,0.5424192041733096,0.19885085874516517,0.024897551621727187,2015-04-26,10.811452924576287,-0.31285097993860234
2017-10-08,1.78,-73.754968,42.6511674,Albany,55368.61,0.8955098484500623,0.5424192041733096,0.5766133643039938,0.05188483536901167,2017-10-08,10.921768105655058,0.11031518107877147
2015-09-20,1.33,-73.754968,42.6511674,Albany,69759.01,0.8955098484500623,0.5424192041733096,0.28517894223366247,0.03831886430213666,2015-09-20,11.1528018669684,0.2310337613133413
2017-10-01,1.69,-73.754968,42.6511674,Albany,71205.11,0.8955098484500623,0.5424192041733096,0.5247285289349821,0.03003228709887512,2017-10-01,11.17331986448767,0.020517997519270637
2017-03-12,1.54,-73.754968,42.6511674,Albany,95713.29,0.8955098484500623,0.5424192041733096,0.43178241642553783,0.26626797794796453,2017-03-12,11.46911243927265,0.2957925747849792
2016-06-19,1.42,-73.754968,42.6511674,Albany,112817.51,0.8955098484500623,0.5424192041733096,0.35065687161316933,0.02857337244405611,2016-06-19,11.633526836495543,0.16441439722289353
2017-01-01,1.47,-73.754968,42.6511674,Albany,129948.23,0.8955098484500623,0.5424192041733096,0.3852624007906449,-0.03344793406754015,2017-01-01,11.774891419353558,0.14136458285801545
2016-03-06,1.27,-73.754968,42.6511674,Albany,90633.66,0.8955098484500623,0.5424192041733096,0.23901690047049992,0.00790517950711328,2016-03-06,11.414580946212231,-0.36031047314132714
2017-01-08,1.55,-73.754968,42.6511674,Albany,91728.18,0.8955098484500623,0.5424192041733096,0.4382549309311553,0.05299253014051042,2017-01-08,11.42658491746963,0.01200397125739805
2015-05-17,1.43,-73.754968,42.6511674,Albany,109857.47,0.8955098484500623,0.5424192041733096,0.3576744442718159,0.12656272330842924,2015-05-17,11.606939077321401,0.18035415985177217
2018-02-04,1.03,-73.754968,42.6511674,Albany,216738.47,0.8955098484500623,0.5424192041733096,0.02955880224154443,-0.4215168171186723,2018-02-04,12.286446698302859,0.6795076209814574
2017-08-20,1.61,-73.754968,42.6511674,Albany,74620.33,0.8955098484500623,0.5424192041733096,0.4762341789963717,0.057523844138186675,2017-08-20,11.220168269172232,-1.0662784291306266
2016-10-30,1.46,-73.754968,42.6511674,Albany,58375.1,0.8955098484500623,0.5424192041733096,0.37843643572024505,0.20448312859680706,2016-10-30,10.97464470803183,-0.24552356114040208
2017-12-24,1.11,-84.39018490000001,33.749098700000005,Atlanta,444781.87,0.4834191501329852,-0.2711615137322876,0.10436001532424286,0.10436001532424286,2017-12-24,13.005339261195717,0.0
2015-07-12,1.14,-84.39018490000001,33.749098700000005,Atlanta,407204.88,0.4834191501329852,-0.2711615137322876,0.131028262406404,0.1210779315532359,2015-07-12,12.917071728429546,-0.08826753276617083
2017-12-31,0.95,-84.39018490000001,33.749098700000005,Atlanta,649352.59,0.4834191501329852,-0.2711615137322876,-0.05129329438755058,-0.15565330971179342,2017-12-31,13.38373113013427,0.46665940170472453
2016-07-24,1.0,-84.39018490000001,33.749098700000005,Atlanta,495686.56,0.4834191501329852,-0.2711615137322876,0.0,-0.009950330853168092,2016-07-24,13.113699070467806,-0.27003205966646426
2018-01-07,0.98,-84.39018490000001,33.749098700000005,Atlanta,713915.8,0.4834191501329852,-0.2711615137322876,-0.020202707317519466,0.031090587070031112,2018-01-07,13.478520307196897,0.3648212367290906
2017-02-26,0.85,-84.39018490000001,33.749098700000005,Atlanta,631507.77,0.4834191501329852,-0.2711615137322876,-0.16251892949777494,-0.01169603976319128,2017-02-26,13.355865524734993,-0.12265478246190398
2017-07-09,1.19,-84.39018490000001,33.749098700000005,Atlanta,507337.7,0.4834191501329852,-0.2711615137322876,0.17395330712343798,0.025533302005164765,2017-07-09,13.136932135794543,-0.21893338894044945
2016-07-10,0.92,-84.39018490000001,33.749098700000005,Atlanta,560865.26,0.4834191501329852,-0.2711615137322876,-0.08338160893905101,0.1779831551953565,2016-07-10,13.237235977404298,0.10030384160975458
2016-07-17,1.01,-84.39018490000001,33.749098700000005,Atlanta,474063.61,0.4834191501329852,-0.2711615137322876,0.009950330853168092,0.0933319397922191,2016-07-17,13.069096789985661,-0.1681391874186371
2017-12-10,0.99,-84.39018490000001,33.749098700000005,Atlanta,543619.28,0.4834191501329852,-0.2711615137322876,-0.01005033585350145,-0.07770898432731632,2017-12-10,13.206004427885512,0.13690763789985105
2015-11-29,0.99,-84.39018490000001,33.749098700000005,Atlanta,333280.79,0.4834191501329852,-0.2711615137322876,-0.01005033585350145,-0.01005033585350145,2015-11-29,12.71674062687125,-0.48926380101426226
2016-06-05,0.75,-84.39018490000001,33.749098700000005,Atlanta,691201.38,0.4834191501329852,-0.2711615137322876,-0.2876820724517809,-0.039220713153281295,2016-06-05,13.446186492997768,0.7294458661265182
2015-02-15,1.06,-84.39018490000001,33.749098700000005,Atlanta,427391.28,0.4834191501329852,-0.2711615137322876,0.058268908123975824,0.028710105882431395,2015-02-15,12.965455219225735,-0.48073127377203306
2015-11-15,1.13,-84.39018490000001,33.749098700000005,Atlanta,339860.68,0.4834191501329852,-0.2711615137322876,0.12221763272424911,0.008888947417245843,2015-11-15,12.736291047909964,-0.22916417131577127
2015-05-17,1.11,-84.39018490000001,33.749098700000005,Atlanta,451250.7,0.4834191501329852,-0.2711615137322876,0.10436001532424286,0.00904983551991792,2015-05-17,13.019778339874563,0.2834872919645992
2016-07-03,0.77,-84.39018490000001,33.749098700000005,Atlanta,789398.22,0.4834191501329852,-0.2711615137322876,-0.2613647641344075,-0.09884583463663257,2016-07-03,13.57902618733122,0.5592478474566569
2016-06-12,0.78,-84.39018490000001,33.749098700000005,Atlanta,608386.28,0.4834191501329852,-0.2711615137322876,-0.2484613592984996,0.039220713153281295,2016-06-12,13.318565288159679,-0.2604608991715409
2015-11-22,1.0,-84.39018490000001,33.749098700000005,Atlanta,356414.57,0.4834191501329852,-0.2711615137322876,0.0,-0.12221763272424911,2015-11-22,12.783849854775733,-0.5347154333839459
2017-03-05,1.08,-84.39018490000001,33.749098700000005,Atlanta,511362.62,0.4834191501329852,-0.2711615137322876,0.0769610411361284,0.23947997063390333,2017-03-05,13.144834245698856,0.3609843909231234
2016-06-26,0.85,-84.39018490000001,33.749098700000005,Atlanta,606856.8,0.4834191501329852,-0.2711615137322876,-0.16251892949777494,0.08594242980072467,2016-06-26,13.316048127876687,0.17121388217783107
2015-02-22,1.1,-84.39018490000001,33.749098700000005,Atlanta,431308.56,0.4834191501329852,-0.2711615137322876,0.09531017980432493,0.03704127168034911,2015-02-22,12.974579029413249,-0.3414690984634383
2017-03-19,1.25,-84.39018490000001,33.749098700000005,Atlanta,460990.81,0.4834191501329852,-0.2711615137322876,0.22314355131420976,0.03252319170556006,2017-03-19,13.041133386856004,0.06655435744275451
2015-12-06,1.07,-84.39018490000001,33.749098700000005,Atlanta,357636.82,0.4834191501329852,-0.2711615137322876,0.06765864847381486,0.07770898432731632,2015-12-06,12.787273281186863,-0.2538601056691405
2017-07-16,1.2,-84.39018490000001,33.749098700000005,Atlanta,582068.66,0.4834191501329852,-0.2711615137322876,0.1823215567939546,0.008368249670516609,2017-07-16,13.274343692263956,0.48707041107709337
2017-03-12,1.21,-84.39018490000001,33.749098700000005,Atlanta,469277.94,0.4834191501329852,-0.2711615137322876,0.1906203596086497,0.11365931847252131,2017-03-12,13.058950494498268,-0.21539319776568888
