avo.csv
Date,AveragePrice,lon,lat,region,Total Volume,lon_scaled,lat_scaled,logPrice,logPriceDiff,Date,logVol,logDiffVol
2015-05-10,1.1,-84.39018490000001,33.749098700000005,Atlanta,480071.18,0.4834191501329852,-0.2711615137322876,0.09531017980432493,0.09531017980432493,2015-05-10,13.081689663556618,0.02273916905835094
2015-07-19,0.97,-84.39018490000001,33.749098700000005,Atlanta,557212.99,0.4834191501329852,-0.2711615137322876,-0.030459207484708574,-0.16148746989111257,2015-07-19,13.230702833609584,0.14901317005296555
2016-12-11,1.06,-84.39018490000001,33.749098700000005,Atlanta,422026.71,0.4834191501329852,-0.2711615137322876,0.058268908123975824,0.028710105882431395,2016-12-11,12.952823884854041,-0.27787894875554287
2016-06-19,0.78,-84.39018490000001,33.749098700000005,Atlanta,692767.07,0.4834191501329852,-0.2711615137322876,-0.2484613592984996,0.0,2016-06-19,13.448449103345496,0.4956252184914547
2017-05-21,1.2,-84.39018490000001,33.749098700000005,Atlanta,526840.14,0.4834191501329852,-0.2711615137322876,0.1823215567939546,0.016807118316381264,2017-05-21,13.174652441848275,-0.2737966614972205
2015-11-08,1.12,-84.39018490000001,33.749098700000005,Atlanta,334041.6,0.4834191501329852,-0.2711615137322876,0.11332868530700327,0.12337902116050473,2015-11-08,12.719020815101223,-0.4556316267470528
2017-10-01,1.55,-84.39018490000001,33.749098700000005,Atlanta,421235.13,0.4834191501329852,-0.2711615137322876,0.4382549309311553,0.03278982282299092,2017-10-01,12.950946460322395,0.23192564522117287
2015-09-20,0.93,-84.39018490000001,33.749098700000005,Atlanta,516432.6,0.4834191501329852,-0.2711615137322876,-0.07257069283483537,-0.14022934130865022,2015-09-20,13.154700065319139,0.20375360499674322
2017-01-01,0.93,-84.39018490000001,33.749098700000005,Atlanta,547565.88,0.4834191501329852,-0.2711615137322876,-0.07257069283483537,0.021739986636405917,2017-01-01,13.213238062200992,0.058537996881852905
2016-10-30,1.26,-84.39018490000001,33.749098700000005,Atlanta,408314.87,0.4834191501329852,-0.2711615137322876,0.23111172096338664,0.024097551579060517,2016-10-30,12.919793895944036,-0.2934441662569558
2017-08-20,1.43,-84.39018490000001,33.749098700000005,Atlanta,475921.53,0.4834191501329852,-0.2711615137322876,0.3576744442718159,0.04286370443178228,2017-08-20,13.07300826668264,0.15321437073860444
2017-01-08,0.98,-84.39018490000001,33.749098700000005,Atlanta,601546.19,0.4834191501329852,-0.2711615137322876,-0.020202707317519466,0.052367985517315904,2017-01-08,13.307258602803511,0.23425033612087098
2017-10-08,1.6,-84.39018490000001,33.749098700000005,Atlanta,411520.44,0.4834191501329852,-0.2711615137322876,0.47000362924573563,0.031748698314580326,2017-10-08,12.927613969797608,-0.3796446330059027
2015-08-16,1.09,-84.39018490000001,33.749098700000005,Atlanta,465213.81,0.4834191501329852,-0.2711615137322876,0.08617769624105241,0.07622736538788433,2015-08-16,13.050252385342514,0.1226384155449054
2015-09-27,1.07,-84.39018490000001,33.749098700000005,Atlanta,370321.17,0.4834191501329852,-0.2711615137322876,0.06765864847381486,0.14022934130865022,2015-09-27,12.822125935129844,-0.2281264502126703
2015-03-29,1.11,-84.39018490000001,33.749098700000005,Atlanta,365722.14,0.4834191501329852,-0.2711615137322876,0.10436001532424286,0.10436001532424286,2015-03-29,12.809629143732314,-0.01249679139752935
2016-10-23,1.23,-84.39018490000001,33.749098700000005,Atlanta,422281.05,0.4834191501329852,-0.2711615137322876,0.20701416938432612,0.058594164266052906,2016-10-23,12.953426366602386,0.1437972228700719
2017-10-15,1.64,-84.39018490000001,33.749098700000005,Atlanta,406111.3,0.4834191501329852,-0.2711615137322876,0.494696241836107,0.024692612590371366,2017-10-15,12.914382538945967,-0.03904382765641934
2016-10-16,1.16,-84.39018490000001,33.749098700000005,Atlanta,459564.78,0.4834191501329852,-0.2711615137322876,0.14842000511827322,-0.058594164266052906,2016-10-16,13.038035190166582,0.12365265122061508
2017-08-13,1.37,-84.39018490000001,33.749098700000005,Atlanta,534058.7,0.4834191501329852,-0.2711615137322876,0.3148107398400336,0.007326040092072883,2017-08-13,13.188261036994644,0.15022584682806261
2016-10-09,1.23,-84.39018490000001,33.749098700000005,Atlanta,452109.18,0.4834191501329852,-0.2711615137322876,0.20701416938432612,-0.024097551579060517,2016-10-09,13.02167897831875,-0.16658205867589437
2016-11-06,1.29,-84.39018490000001,33.749098700000005,Atlanta,393826.35,0.4834191501329852,-0.2711615137322876,0.25464221837358075,0.023530497410194112,2016-11-06,12.883665355086785,-0.13801362323196464
2015-10-04,0.96,-84.39018490000001,33.749098700000005,Atlanta,418682.26,0.4834191501329852,-0.2711615137322876,-0.040821994520255166,-0.10848064299407004,2015-10-04,12.944867581871515,0.06120222678472942
2017-08-27,1.49,-84.39018490000001,33.749098700000005,Atlanta,458036.12,0.4834191501329852,-0.2711615137322876,0.3987761199573678,0.0411016756855519,2017-08-27,13.034703324615492,0.08983574274397732
2016-11-13,1.25,-84.39018490000001,33.749098700000005,Atlanta,408260.87,0.4834191501329852,-0.2711615137322876,0.22314355131420976,-0.03149866705937099,2016-11-13,12.919661636320258,-0.11504168829523387
2017-09-10,1.54,-84.39018490000001,33.749098700000005,Atlanta,466988.83,0.4834191501329852,-0.2711615137322876,0.43178241642553783,0.006514681021193736,2017-09-10,13.054060617735429,0.13439898141517048
2015-08-30,1.15,-84.39018490000001,33.749098700000005,Atlanta,382972.72,0.4834191501329852,-0.2711615137322876,0.13976194237515863,0.026433257068155358,2015-08-30,12.855719038471962,-0.19834157926346663
2015-09-06,0.97,-84.39018490000001,33.749098700000005,Atlanta,472136.53,0.4834191501329852,-0.2711615137322876,-0.030459207484708574,-0.1702211498598672,2015-09-06,13.065023481215102,0.20930444274313942
2017-09-03,1.53,-84.39018490000001,33.749098700000005,Atlanta,433455.08,0.4834191501329852,-0.2711615137322876,0.4252677354043441,0.026491615446976313,2017-09-03,12.979543448149668,-0.0854800330654335
2016-12-04,1.03,-84.39018490000001,33.749098700000005,Atlanta,475815.02,0.4834191501329852,-0.2711615137322876,0.02955880224154443,-0.16929205650362075,2016-12-04,13.072784444238405,0.0932409960887366
2015-04-12,0.99,-84.39018490000001,33.749098700000005,Atlanta,451101.89,0.4834191501329852,-0.2711615137322876,-0.01005033585350145,-0.04927104900678278,2015-04-12,13.019448513146079,-0.053335931092325595
2016-12-18,0.94,-84.39018490000001,33.749098700000005,Atlanta,463483.07,0.4834191501329852,-0.2711615137322876,-0.06187540371808753,-0.12014431184206335,2016-12-18,13.0465251368916,0.027076623745520223
2016-11-27,1.22,-84.39018490000001,33.749098700000005,Atlanta,372144.31,0.4834191501329852,-0.2711615137322876,0.19885085874516517,0.06782259633876117,2016-11-27,12.827036988137381,-0.21948814875421796
2017-09-17,1.59,-84.39018490000001,33.749098700000005,Atlanta,392935.2,0.4834191501329852,-0.2711615137322876,0.4637340162321402,0.03195159980660239,2017-09-17,12.881399991760107,0.054363003622725614
2016-11-20,1.14,-84.39018490000001,33.749098700000005,Atlanta,448936.04,0.4834191501329852,-0.2711615137322876,0.131028262406404,-0.09211528890780576,2016-11-20,13.0146357066888,0.13323571492869313
2016-12-25,0.91,-84.39018490000001,33.749098700000005,Atlanta,502787.29,0.4834191501329852,-0.2711615137322876,-0.09431067947124129,-0.03243527575315376,2016-12-25,13.127922476937993,0.11328677024919287
2015-04-19,1.12,-84.39018490000001,33.749098700000005,Atlanta,430966.34,0.4834191501329852,-0.2711615137322876,0.11332868530700327,0.12337902116050473,2015-04-19,12.973785268588324,-0.1541372083496686
2015-09-13,1.07,-84.39018490000001,33.749098700000005,Atlanta,417232.18,0.4834191501329852,-0.2711615137322876,0.06765864847381486,0.09811785595852343,2015-09-13,12.941398132403553,-0.03238713618477185
2017-09-24,1.5,-84.39018490000001,33.749098700000005,Atlanta,403780.43,0.4834191501329852,-0.2711615137322876,0.4054651081081644,-0.05826890812397584,2017-09-24,12.908626519099998,-0.03277161330355405
2015-04-05,1.04,-84.39018490000001,33.749098700000005,Atlanta,383139.49,0.4834191501329852,-0.2711615137322876,0.03922071315328133,-0.06513930217096153,2015-04-05,12.856154405512083,-0.052472113587915814
2015-08-23,1.12,-84.39018490000001,33.749098700000005,Atlanta,379054.29,0.4834191501329852,-0.2711615137322876,0.11332868530700327,0.027150989065950856,2015-08-23,12.845434719188509,-0.010719686323573896
2017-10-22,1.49,-84.39018490000001,33.749098700000005,Atlanta,406008.95,0.4834191501329852,-0.2711615137322876,0.3987761199573678,-0.09592012187873922,2017-10-22,12.914130482675873,0.06869576348736395
2017-01-15,0.99,-84.39018490000001,33.749098700000005,Atlanta,557377.82,0.4834191501329852,-0.2711615137322876,-0.01005033585350145,0.010152371464018015,2017-01-15,13.230998601347345,0.31686811867147213
2015-03-22,1.0,-84.39018490000001,33.749098700000005,Atlanta,479590.62,0.4834191501329852,-0.2711615137322876,0.0,-0.11332868530700327,2015-03-22,13.080688143979266,-0.1503104573680787
2015-03-08,1.1,-84.39018490000001,33.749098700000005,Atlanta,420826.32,0.4834191501329852,-0.2711615137322876,0.09531017980432493,0.10536051565782639,2015-03-08,12.94997548597814,-0.1307126580011264
2016-08-21,0.94,-84.39018490000001,33.749098700000005,Atlanta,549139.07,0.4834191501329852,-0.2711615137322876,-0.06187540371808753,0.07738666361542013,2016-08-21,13.216107003531206,0.26613151755306674
2017-11-19,1.13,-84.39018490000001,33.749098700000005,Atlanta,453755.0,0.4834191501329852,-0.2711615137322876,0.12221763272424911,0.017857617400006257,2017-11-19,13.025312683784232,-0.19079431974697414
2015-11-01,0.99,-84.39018490000001,33.749098700000005,Atlanta,419088.74,0.4834191501329852,-0.2711615137322876,-0.01005033585350145,-0.09622803209455386,2015-11-01,12.945837966456077,-0.07947471732815536
2017-02-05,0.83,-84.39018490000001,33.749098700000005,Atlanta,888094.87,0.4834191501329852,-0.2711615137322876,-0.18632957819149348,-0.1350362838039429,2017-02-05,13.696833851853379,0.7509958853973018
2017-02-12,0.79,-84.39018490000001,33.749098700000005,Atlanta,666871.06,0.4834191501329852,-0.2711615137322876,-0.23572233352106983,-0.04939275532957635,2017-02-12,13.410351992867,-0.2864818589863791
2017-07-30,1.34,-84.39018490000001,33.749098700000005,Atlanta,472013.29,0.4834191501329852,-0.2711615137322876,0.29266961396282004,0.07755823434587455,2017-07-30,13.06476242095096,-0.34558957191604023
2017-11-26,1.12,-84.39018490000001,33.749098700000005,Atlanta,412213.0,0.4834191501329852,-0.2711615137322876,0.11332868530700327,-0.008888947417245843,2017-11-26,12.929295485029487,-0.13546693592147285
2016-08-14,0.87,-84.39018490000001,33.749098700000005,Atlanta,666493.32,0.4834191501329852,-0.2711615137322876,-0.13926206733350766,-0.17848278048678898,2016-08-14,13.409785396045049,0.48048991101556204
2015-07-26,1.08,-84.39018490000001,33.749098700000005,Atlanta,437377.75,0.4834191501329852,-0.2711615137322876,0.0769610411361284,0.10742024862083696,2015-07-26,12.98855251716094,-0.42123287888410843
2015-03-01,0.99,-84.39018490000001,33.749098700000005,Atlanta,512532.44,0.4834191501329852,-0.2711615137322876,-0.01005033585350145,-0.10536051565782639,2015-03-01,13.14711928555247,0.1585667683915304
2016-08-07,1.04,-84.39018490000001,33.749098700000005,Atlanta,508354.34,0.4834191501329852,-0.2711615137322876,0.03922071315328133,0.05942342047080079,2016-08-07,13.138934003091865,-0.008185282460605237
2017-12-03,1.07,-84.39018490000001,33.749098700000005,Atlanta,504933.0,0.4834191501329852,-0.2711615137322876,0.06765864847381486,-0.045670036833188404,2017-12-03,13.132181026188293,-0.006752976903571906
2017-02-19,0.86,-84.39018490000001,33.749098700000005,Atlanta,563018.6,0.4834191501329852,-0.2711615137322876,-0.15082288973458366,0.08489944378648617,2017-02-19,13.241067943876285,0.10888691768799141
2017-07-23,1.24,-84.39018490000001,33.749098700000005,Atlanta,518682.51,0.4834191501329852,-0.2711615137322876,0.2151113796169455,0.032789822822990894,2017-07-23,13.15904724085833,-0.08202070301795494
2015-10-25,1.09,-84.39018490000001,33.749098700000005,Atlanta,358478.08,0.4834191501329852,-0.2711615137322876,0.08617769624105241,0.0,2015-10-25,12.789622793498348,-0.36942444735998237
2016-08-28,0.95,-84.39018490000001,33.749098700000005,Atlanta,539642.66,0.4834191501329852,-0.2711615137322876,-0.05129329438755058,0.010582109330536951,2016-08-28,13.198662458752672,0.40903966525432445
2015-05-03,1.0,-84.39018490000001,33.749098700000005,Atlanta,634213.1,0.4834191501329852,-0.2711615137322876,0.0,-0.11332868530700327,2015-05-03,13.36014029681755,0.1614778380648776
2017-11-12,1.11,-84.39018490000001,33.749098700000005,Atlanta,518209.0,0.4834191501329852,-0.2711615137322876,0.10436001532424286,0.02739897418811446,2017-11-12,13.158133914770984,-0.20200638204656585
2016-10-02,1.26,-84.39018490000001,33.749098700000005,Atlanta,440044.4,0.4834191501329852,-0.2711615137322876,0.23111172096338664,0.0,2016-10-02,12.994630909894374,-0.16350300487660974
2017-10-29,1.28,-84.39018490000001,33.749098700000005,Atlanta,493921.1,0.4834191501329852,-0.2711615137322876,0.2468600779315258,-0.15191604202584197,2017-10-29,13.110131066814814,0.11550015692044013
2015-08-09,1.01,-84.39018490000001,33.749098700000005,Atlanta,503791.72,0.4834191501329852,-0.2711615137322876,0.009950330853168092,-0.12981161152199053,2015-08-09,13.129918207672299,0.019787140857484786
2015-04-26,1.12,-84.39018490000001,33.749098700000005,Atlanta,448596.76,0.4834191501329852,-0.2711615137322876,0.11332868530700327,0.0,2015-04-26,13.013879678572257,-0.11603852910004164
2016-09-25,1.26,-84.39018490000001,33.749098700000005,Atlanta,435756.8,0.4834191501329852,-0.2711615137322876,0.23111172096338664,0.22116139011021854,2016-09-25,12.984839568538762,-0.02904011003349538
2015-10-11,0.95,-84.39018490000001,33.749098700000005,Atlanta,433874.46,0.4834191501329852,-0.2711615137322876,-0.05129329438755058,-0.010471299867295412,2015-10-11,12.980510508565214,-0.004329059973548155
2017-01-22,0.84,-84.39018490000001,33.749098700000005,Atlanta,755472.09,0.4834191501329852,-0.2711615137322876,-0.1743533871447778,-0.16430305129127634,2017-01-22,13.535098117590307,0.5545876090250932
2016-07-31,0.98,-84.39018490000001,33.749098700000005,Atlanta,537633.39,0.4834191501329852,-0.2711615137322876,-0.020202707317519466,-0.020202707317519466,2016-07-31,13.19493217563737,-0.3401659419529377
2016-09-18,1.01,-84.39018490000001,33.749098700000005,Atlanta,527700.95,0.4834191501329852,-0.2711615137322876,0.009950330853168092,0.11531084651099438,2016-09-18,13.17628501965744,-0.018647155979929053
2015-10-18,1.09,-84.39018490000001,33.749098700000005,Atlanta,349072.48,0.4834191501329852,-0.2711615137322876,0.08617769624105241,0.137470990628603,2015-10-18,12.763034858705343,-0.41325016095209754
2016-09-11,0.9,-84.39018490000001,33.749098700000005,Atlanta,597759.18,0.4834191501329852,-0.2711615137322876,-0.10536051565782628,0.011173300598125227,2016-09-11,13.300943242793611,0.5379083840882686
2015-03-15,1.12,-84.39018490000001,33.749098700000005,Atlanta,399566.22,0.4834191501329852,-0.2711615137322876,0.11332868530700327,0.018018505502678334,2015-03-15,12.898134787648756,-0.4028084551448554
2017-01-29,0.95,-84.39018490000001,33.749098700000005,Atlanta,627695.79,0.4834191501329852,-0.2711615137322876,-0.05129329438755058,0.12306009275722722,2017-01-29,13.349810917257482,0.4516761296087264
2017-08-06,1.36,-84.39018490000001,33.749098700000005,Atlanta,518140.33,0.4834191501329852,-0.2711615137322876,0.3074846997479607,0.01481508578514068,2017-08-06,13.158001391888762,-0.1918095253687202
2015-08-02,1.15,-84.39018490000001,33.749098700000005,Atlanta,405898.44,0.4834191501329852,-0.2711615137322876,0.13976194237515863,0.06280090123903023,2015-08-02,12.913858259508443,-0.24414313238031937
2016-09-04,0.89,-84.39018490000001,33.749098700000005,Atlanta,614657.03,0.4834191501329852,-0.2711615137322876,-0.11653381625595151,-0.06524052186840093,2016-09-04,13.32881971643348,0.41496145692503816
2017-11-05,1.08,-84.39018490000001,33.749098700000005,Atlanta,567572.7,0.4834191501329852,-0.2711615137322876,0.0769610411361284,-0.16989903679539742,2017-11-05,13.24912412585973,-0.07969559057375086
2015-02-08,1.03,-84.39018490000001,33.749098700000005,Atlanta,433883.91,0.4834191501329852,-0.2711615137322876,0.02955880224154443,0.07038079676179959,2015-02-08,12.980532288821856,-0.26859183703787437
2017-12-17,1.0,-84.39018490000001,33.749098700000005,Atlanta,484326.63,0.4834191501329852,-0.2711615137322876,0.0,0.01005033585350145,2017-12-17,13.090514813458181,0.10998252463632596
2016-01-17,1.04,-84.39018490000001,33.749098700000005,Atlanta,445089.93,0.4834191501329852,-0.2711615137322876,0.03922071315328133,0.11179140598811671,2016-01-17,13.006031630618606,-0.08448318283957512
2017-05-07,1.1,-84.39018490000001,33.749098700000005,Atlanta,726726.65,0.4834191501329852,-0.2711615137322876,0.09531017980432493,-0.06169356900533976,2017-05-07,13.496305688561998,0.49027405794339174
2017-04-23,1.21,-84.39018490000001,33.749098700000005,Atlanta,530030.64,0.4834191501329852,-0.2711615137322876,0.1906203596086497,0.05085841723349108,2017-04-23,13.180690095178049,-0.3156155933839493
2016-01-10,0.93,-84.39018490000001,33.749098700000005,Atlanta,558348.8,0.4834191501329852,-0.2711615137322876,-0.07257069283483537,-0.12136085700426742,2016-01-10,13.232739135682053,0.05204904050400394
2016-04-03,1.03,-84.39018490000001,33.749098700000005,Atlanta,423485.95,0.4834191501329852,-0.2711615137322876,0.02955880224154443,0.049761509559063895,2016-04-03,12.956275616608918,-0.2764635190731344
2016-01-24,0.92,-84.39018490000001,33.749098700000005,Atlanta,528776.51,0.4834191501329852,-0.2711615137322876,-0.08338160893905101,-0.12260232209233235,2016-01-24,13.178321145201641,0.22204552859272297
2018-03-11,0.96,-84.39018490000001,33.749098700000005,Atlanta,695821.13,0.4834191501329852,-0.2711615137322876,-0.040821994520255166,-0.11778303565638357,2018-03-11,13.452847909160699,0.2745267639590576
