avo.csv
Date,AveragePrice,lon,lat,region,Total Volume,lon_scaled,lat_scaled,logPrice,logPriceDiff,Date,logVol,logDiffVol
2018-02-18,1.04,-84.39018490000001,33.749098700000005,Atlanta,538448.01,0.4834191501329852,-0.2711615137322876,0.03922071315328133,0.17848278048678898,2018-02-18,13.196446224956716,-0.2564016842039827
2015-01-18,1.11,-84.39018490000001,33.749098700000005,Atlanta,431490.99,0.4834191501329852,-0.2711615137322876,0.10436001532424286,0.0,2015-01-18,12.975001908638717,-0.22144431631799932
2018-01-28,1.08,-84.39018490000001,33.749098700000005,Atlanta,559460.44,0.4834191501329852,-0.2711615137322876,0.0769610411361284,-0.01834913866819654,2018-01-28,13.234728098246842,0.2597261896081253
2018-01-21,1.1,-84.39018490000001,33.749098700000005,Atlanta,639421.29,0.4834191501329852,-0.2711615137322876,0.09531017980432493,0.0,2018-01-21,13.368318811894339,0.13359071364749653
2017-03-26,1.32,-84.39018490000001,33.749098700000005,Atlanta,443514.95,0.4834191501329852,-0.2711615137322876,0.27763173659827955,0.05448818528406979,2017-03-26,13.002486789295537,-0.3658320225988021
2016-05-22,0.79,-84.39018490000001,33.749098700000005,Atlanta,585351.77,0.4834191501329852,-0.2711615137322876,-0.23572233352106983,0.1499401472909148,2016-05-22,13.279968261735142,0.2774814724396055
2015-07-05,1.01,-84.39018490000001,33.749098700000005,Atlanta,562462.33,0.4834191501329852,-0.2711615137322876,0.009950330853168092,-0.11226730187108103,2015-07-05,13.240079441929307,-0.03988881980583514
2015-12-27,0.99,-84.39018490000001,33.749098700000005,Atlanta,386100.49,0.4834191501329852,-0.2711615137322876,-0.01005033585350145,-0.08701137698962985,2015-12-27,12.863852951352792,-0.37622649057651536
2015-06-28,1.13,-84.39018490000001,33.749098700000005,Atlanta,435210.71,0.4834191501329852,-0.2711615137322876,0.12221763272424911,0.13226796857775056,2015-06-28,12.983585583596064,0.11973263224327191
2016-05-15,0.68,-84.39018490000001,33.749098700000005,Atlanta,755306.53,0.4834191501329852,-0.2711615137322876,-0.3856624808119846,-0.17494144949633209,2016-05-15,13.534878945835462,0.5512933622393987
2016-02-21,1.04,-84.39018490000001,33.749098700000005,Atlanta,417205.77,0.4834191501329852,-0.2711615137322876,0.03922071315328133,0.0696799206379899,2016-02-21,12.941334832310336,-0.5935441135251267
2015-06-21,0.99,-84.39018490000001,33.749098700000005,Atlanta,554763.76,0.4834191501329852,-0.2711615137322876,-0.01005033585350145,-0.10536051565782639,2015-06-21,13.226297644452977,0.2849628121426413
2015-01-11,1.11,-84.39018490000001,33.749098700000005,Atlanta,397542.72,0.4834191501329852,-0.2711615137322876,0.10436001532424286,0.10436001532424286,2015-01-11,12.893057678999968,-0.33323996545300894
2017-06-25,1.12,-84.39018490000001,33.749098700000005,Atlanta,501274.14,0.4834191501329852,-0.2711615137322876,0.11332868530700327,-0.06899287148695132,2017-06-25,13.124908416044278,0.2318507370443097
2015-02-01,0.96,-84.39018490000001,33.749098700000005,Atlanta,636771.37,0.4834191501329852,-0.2711615137322876,-0.040821994520255166,-0.1361321743245801,2015-02-01,13.364165953330762,0.23925753728648402
2017-06-04,1.08,-84.39018490000001,33.749098700000005,Atlanta,710038.58,0.4834191501329852,-0.2711615137322876,0.0769610411361284,-0.13005312824819773,2017-06-04,13.47307458556941,0.10890863223864855
2017-06-11,1.13,-84.39018490000001,33.749098700000005,Atlanta,572838.59,0.4834191501329852,-0.2711615137322876,0.12221763272424911,0.04525659158812072,2017-06-11,13.258359263169318,-0.2147153224000924
2017-04-30,1.17,-84.39018490000001,33.749098700000005,Atlanta,595539.82,0.4834191501329852,-0.2711615137322876,0.1570037488096647,-0.03361661079898501,2017-04-30,13.297223533719917,0.038864270550599045
2015-05-31,1.1,-84.39018490000001,33.749098700000005,Atlanta,454702.0,0.4834191501329852,-0.2711615137322876,0.09531017980432493,0.1361321743245801,2015-05-31,13.027397538307937,-0.2698259954119795
2017-04-02,1.26,-84.39018490000001,33.749098700000005,Atlanta,481933.74,0.4834191501329852,-0.2711615137322876,0.23111172096338664,-0.046520015634892914,2017-04-02,13.085561914703357,0.05816437639541938
2016-03-13,0.9,-84.39018490000001,33.749098700000005,Atlanta,588656.86,0.4834191501329852,-0.2711615137322876,-0.10536051565782628,-0.1349193178993707,2016-03-13,13.28559871222252,0.2000367975191626
2015-12-20,1.08,-84.39018490000001,33.749098700000005,Atlanta,331377.53,0.4834191501329852,-0.2711615137322876,0.0769610411361284,0.11778303565638357,2015-12-20,12.711013578416953,-0.5745851338055665
2016-03-27,0.98,-84.39018490000001,33.749098700000005,Atlanta,458635.34,0.4834191501329852,-0.2711615137322876,-0.020202707317519466,0.0,2016-03-27,13.0360107070562,0.32499712863924657
2017-04-09,1.23,-84.39018490000001,33.749098700000005,Atlanta,465350.2,0.4834191501329852,-0.2711615137322876,0.20701416938432612,-0.024097551579060517,2017-04-09,13.050545519397797,0.014534812341597814
2018-02-25,1.06,-84.39018490000001,33.749098700000005,Atlanta,586240.44,0.4834191501329852,-0.2711615137322876,0.058268908123975824,0.019048194970694494,2018-02-25,13.281485291573418,0.23093977217562056
2018-03-04,1.08,-84.39018490000001,33.749098700000005,Atlanta,594551.6,0.4834191501329852,-0.2711615137322876,0.0769610411361284,0.01869213301215257,2018-03-04,13.295562786973028,0.014077495399609674
2016-05-08,0.81,-84.39018490000001,33.749098700000005,Atlanta,643699.77,0.4834191501329852,-0.2711615137322876,-0.21072103131565253,0.05064373281875498,2016-05-08,13.374987700731339,0.07942491375831118
2018-02-04,0.86,-84.39018490000001,33.749098700000005,Atlanta,957792.07,0.4834191501329852,-0.2711615137322876,-0.15082288973458366,-0.22778393087071205,2018-02-04,13.772385987466102,0.39739828673476296
2016-03-06,1.03,-84.39018490000001,33.749098700000005,Atlanta,458837.18,0.4834191501329852,-0.2711615137322876,0.02955880224154443,0.1349193178993707,2016-03-06,13.036450698443094,-0.7359352890230078
2017-06-18,1.2,-84.39018490000001,33.749098700000005,Atlanta,492836.43,0.4834191501329852,-0.2711615137322876,0.1823215567939546,0.06010392406970548,2017-06-18,13.107932612982152,0.07148191453905817
2016-02-28,0.9,-84.39018490000001,33.749098700000005,Atlanta,555470.58,0.4834191501329852,-0.2711615137322876,-0.10536051565782628,-0.1445812288111076,2016-02-28,13.227570925363192,0.11963831238104028
2015-05-24,0.96,-84.39018490000001,33.749098700000005,Atlanta,623212.04,0.4834191501329852,-0.2711615137322876,-0.040821994520255166,-0.14518200984449803,2015-05-24,13.342642092992618,0.11507116762942537
2015-01-25,1.1,-84.39018490000001,33.749098700000005,Atlanta,449332.85,0.4834191501329852,-0.2711615137322876,0.09531017980432493,-0.00904983551991792,2015-01-25,13.015519206118045,-0.327122886874573
2018-02-11,0.87,-84.39018490000001,33.749098700000005,Atlanta,723928.38,0.4834191501329852,-0.2711615137322876,-0.13926206733350766,0.011560822401076004,2018-02-11,13.492447743822751,0.47692853770470656
2016-04-17,0.89,-84.39018490000001,33.749098700000005,Atlanta,512348.02,0.4834191501329852,-0.2711615137322876,-0.11653381625595151,0.06979576193554198,2016-04-17,13.146759399674677,-0.3456883441480745
2016-05-29,0.78,-84.39018490000001,33.749098700000005,Atlanta,691344.07,0.4834191501329852,-0.2711615137322876,-0.2484613592984996,-0.012739025777429774,2016-05-29,13.44639290935899,0.29963350968431257
2015-12-13,0.96,-84.39018490000001,33.749098700000005,Atlanta,417772.47,0.4834191501329852,-0.2711615137322876,-0.040821994520255166,-0.10848064299407004,2015-12-13,12.942692233161917,-0.5037006761970719
2016-02-07,0.76,-84.39018490000001,33.749098700000005,Atlanta,722211.0,0.4834191501329852,-0.2711615137322876,-0.2744368457017603,-0.31365755885504165,2016-02-07,13.490072618947385,0.547380385785468
2016-01-03,1.05,-84.39018490000001,33.749098700000005,Atlanta,449263.47,0.4834191501329852,-0.2711615137322876,0.04879016416943205,0.0588405000229335,2016-01-03,13.015364787501824,-0.4747078314455617
2018-03-25,1.04,-84.39018490000001,33.749098700000005,Atlanta,624645.42,0.4834191501329852,-0.2711615137322876,0.03922071315328133,0.09051400754083191,2018-03-25,13.344939439727115,0.3295746522252916
2015-06-07,0.99,-84.39018490000001,33.749098700000005,Atlanta,551009.05,0.4834191501329852,-0.2711615137322876,-0.01005033585350145,-0.10536051565782639,2015-06-07,13.219506512682564,-0.12543292704455133
2018-01-14,1.1,-84.39018490000001,33.749098700000005,Atlanta,670766.04,0.4834191501329852,-0.2711615137322876,0.09531017980432493,0.1155128871218444,2018-01-14,13.416175681531577,0.19666916884901298
2016-01-31,1.04,-84.39018490000001,33.749098700000005,Atlanta,437490.64,0.4834191501329852,-0.2711615137322876,0.03922071315328133,0.12260232209233235,2016-01-31,12.988810590265231,-0.4273650912663456
2016-02-14,0.97,-84.39018490000001,33.749098700000005,Atlanta,481484.29,0.4834191501329852,-0.2711615137322876,-0.030459207484708574,0.24397763821705173,2016-02-14,13.084628882481393,0.0958182922161619
2015-01-04,1.0,-84.39018490000001,33.749098700000005,Atlanta,435021.49,0.4834191501329852,-0.2711615137322876,0.0,0.0,2015-01-04,12.983150711149419,-0.10147817133197456
2016-04-10,0.83,-84.39018490000001,33.749098700000005,Atlanta,590001.82,0.4834191501329852,-0.2711615137322876,-0.18632957819149348,-0.2158883804330379,2016-04-10,13.287880900622907,0.3047301894734886
2016-03-20,0.98,-84.39018490000001,33.749098700000005,Atlanta,496190.99,0.4834191501329852,-0.2711615137322876,-0.020202707317519466,0.08515780834030681,2016-03-20,13.114716192074173,-0.17316470854873423
2018-03-18,0.95,-84.39018490000001,33.749098700000005,Atlanta,730449.69,0.4834191501329852,-0.2711615137322876,-0.05129329438755058,-0.010471299867295412,2018-03-18,13.50141563716465,0.3866994450904766
2017-04-16,1.15,-84.39018490000001,33.749098700000005,Atlanta,543227.58,0.4834191501329852,-0.2711615137322876,0.13976194237515863,-0.0672522270091675,2017-04-16,13.205283627133584,-0.2961320100310658
2015-06-14,1.1,-84.39018490000001,33.749098700000005,Atlanta,465804.78,0.4834191501329852,-0.2711615137322876,0.09531017980432493,0.10536051565782639,2015-06-14,13.051521898294709,-0.15376172883887484
2017-07-02,1.16,-84.39018490000001,33.749098700000005,Atlanta,528297.88,0.4834191501329852,-0.2711615137322876,0.14842000511827322,0.03509131981126995,2017-07-02,13.177415570272881,0.12589367197817225
2016-05-01,0.77,-84.39018490000001,33.749098700000005,Atlanta,735635.49,0.4834191501329852,-0.2711615137322876,-0.2613647641344075,-0.02564243061333768,2016-05-01,13.508490016878014,0.3310744466051325
2017-05-14,1.18,-84.39018490000001,33.749098700000005,Atlanta,568923.79,0.4834191501329852,-0.2711615137322876,0.16551443847757333,0.0702042586732484,2017-05-14,13.251501767407035,-0.25698824947097876
2017-05-28,1.23,-84.39018490000001,33.749098700000005,Atlanta,523993.71,0.4834191501329852,-0.2711615137322876,0.20701416938432612,0.024692612590371532,2017-05-28,13.16923495941434,-0.08226680799269559
2016-04-24,0.79,-84.39018490000001,33.749098700000005,Atlanta,654018.81,0.4834191501329852,-0.2711615137322876,-0.23572233352106983,-0.11918851726511832,2016-04-24,13.390891391493623,0.22165643207928376
2016-04-10,1.12,-76.610759,39.2908816,BaltimoreWashington,789348.02,0.7848543800658092,0.23531488655194766,0.11332868530700327,-0.017699577099400732,2016-04-10,13.578962592563744,0.0
2016-08-21,1.48,-76.610759,39.2908816,BaltimoreWashington,727279.79,0.7848543800658092,0.23531488655194766,0.3920420877760237,-0.026668247082161367,2016-08-21,13.497066538048585,-0.08189605451515902
2017-06-11,1.65,-76.610759,39.2908816,BaltimoreWashington,744158.66,0.7848543800658092,0.23531488655194766,0.5007752879124892,-0.08701137698962991,2017-06-11,13.520009543768278,0.022943005719692877
2017-04-16,1.7,-76.610759,39.2908816,BaltimoreWashington,717940.19,0.7848543800658092,0.23531488655194766,0.5306282510621704,0.03593200922606338,2017-04-16,13.484141543724999,-0.035868000043279835
2015-10-11,1.24,-76.610759,39.2908816,BaltimoreWashington,653560.14,0.7848543800658092,0.23531488655194766,0.2151113796169455,-0.031748698314580326,2015-10-11,13.390189835356132,-0.09395170836886635
2015-03-08,1.26,-76.610759,39.2908816,BaltimoreWashington,657745.9,0.7848543800658092,0.23531488655194766,0.23111172096338664,0.08269171584511342,2015-03-08,13.39657396551177,0.00638413015563799
2018-02-25,1.37,-76.610759,39.2908816,BaltimoreWashington,836294.71,0.7848543800658092,0.23531488655194766,0.3148107398400336,-0.035846131773135725,2018-02-25,13.636736353868324,0.2401623883565538
2017-02-12,1.24,-76.610759,39.2908816,BaltimoreWashington,925574.66,0.7848543800658092,0.23531488655194766,0.2151113796169455,0.12893368337589306,2017-02-12,13.738170077650205,0.10143372378188076
2016-08-14,1.52,-76.610759,39.2908816,BaltimoreWashington,742291.98,0.7848543800658092,0.23531488655194766,0.41871033485818504,0.0,2016-08-14,13.517497948790233,-0.220672128859972
2017-10-29,1.55,-76.610759,39.2908816,BaltimoreWashington,682236.82,0.7848543800658092,0.23531488655194766,0.4382549309311553,-0.031748698314580326,2017-10-29,13.433132119952322,-0.08436582883791033
2016-09-25,1.58,-76.610759,39.2908816,BaltimoreWashington,678671.71,0.7848543800658092,0.23531488655194766,0.4574248470388755,0.0519597389307111,2016-09-25,13.42789279919455,-0.0052393207577718925
2015-06-21,1.16,-76.610759,39.2908816,BaltimoreWashington,862840.73,0.7848543800658092,0.23531488655194766,0.14842000511827322,0.062242308877220806,2015-06-21,13.667985399151593,0.2400925999570429
2015-08-09,1.16,-76.610759,39.2908816,BaltimoreWashington,821523.45,0.7848543800658092,0.23531488655194766,0.14842000511827322,-0.008583743691391477,2015-08-09,13.618915761395932,-0.04906963775566098
2017-02-05,1.09,-76.610759,39.2908816,BaltimoreWashington,1170444.52,0.7848543800658092,0.23531488655194766,0.08617769624105241,-0.2922587394791926,2017-02-05,13.972894166242126,0.3539784048461936
2015-03-22,1.1,-76.610759,39.2908816,BaltimoreWashington,808897.21,0.7848543800658092,0.23531488655194766,0.09531017980432493,-0.11980119981262055,2015-03-22,13.60342712987165,-0.3694670363704766
2016-01-03,1.11,-76.610759,39.2908816,BaltimoreWashington,816760.46,0.7848543800658092,0.23531488655194766,0.10436001532424286,-0.05264373348542184,2016-01-03,13.613101136237752,0.009674006366102716
2015-05-03,1.17,-76.610759,39.2908816,BaltimoreWashington,896972.05,0.7848543800658092,0.23531488655194766,0.1570037488096647,-0.09763846956391606,2015-05-03,13.70677998113518,0.09367884489742728
2018-02-11,1.41,-76.610759,39.2908816,BaltimoreWashington,900558.38,0.7848543800658092,0.23531488655194766,0.34358970439007686,0.2302610190830736,2018-02-11,13.710770272146371,0.003990291011191971
2017-11-19,1.45,-76.610759,39.2908816,BaltimoreWashington,644740.0,0.7848543800658092,0.23531488655194766,0.371563556432483,-0.02721256352488477,2017-11-19,13.376602413735759,-0.3341678584106127
2017-01-29,1.46,-76.610759,39.2908816,BaltimoreWashington,781538.81,0.7848543800658092,0.23531488655194766,0.37843643572024505,0.027779564107075716,2017-01-29,13.569020088519116,0.19241767478335703
2015-08-02,1.17,-76.610759,39.2908816,BaltimoreWashington,800603.23,0.7848543800658092,0.23531488655194766,0.1570037488096647,-0.025317807984289897,2015-08-02,13.593120760006617,0.024100671487500946
2016-09-04,1.51,-76.610759,39.2908816,BaltimoreWashington,762218.08,0.7848543800658092,0.23531488655194766,0.412109650826833,-0.038965968533383744,2016-09-04,13.54398798794875,-0.0491327720578667
2015-10-18,0.99,-76.610759,39.2908816,BaltimoreWashington,1005603.78,0.7848543800658092,0.23531488655194766,-0.01005033585350145,-0.22516171547044694,2015-10-18,13.821098695200991,0.2771107072522412
2016-08-28,1.57,-76.610759,39.2908816,BaltimoreWashington,732545.7,0.7848543800658092,0.23531488655194766,0.45107561936021673,0.059033531584193055,2016-08-28,13.50428100700574,-0.31681768819525047
2017-07-30,1.47,-76.610759,39.2908816,BaltimoreWashington,655426.21,0.7848543800658092,0.23531488655194766,0.3852624007906449,-0.0067796869853787856,2017-07-30,13.393041005292524,-0.11124000171321669
2016-04-17,1.13,-76.610759,39.2908816,BaltimoreWashington,841839.93,0.7848543800658092,0.23531488655194766,0.12221763272424911,0.008888947417245843,2016-04-17,13.643345168263497,0.25030416297097347
2015-10-25,1.19,-76.610759,39.2908816,BaltimoreWashington,656892.03,0.7848543800658092,0.23531488655194766,0.17395330712343798,0.18400364297693944,2015-10-25,13.395274946062251,-0.24807022220124608
2018-02-18,1.42,-76.610759,39.2908816,BaltimoreWashington,796515.52,0.7848543800658092,0.23531488655194766,0.35065687161316933,0.007067167223092474,2018-02-18,13.588001893390365,0.19272694732811324
2016-04-03,1.14,-76.610759,39.2908816,BaltimoreWashington,770876.88,0.7848543800658092,0.23531488655194766,0.131028262406404,-0.04292504471703398,2016-04-03,13.555283951077913,-0.03271794231245195
2015-03-15,1.24,-76.610759,39.2908816,BaltimoreWashington,693698.13,0.7848543800658092,0.23531488655194766,0.2151113796169455,-0.016000341346441155,2015-03-15,13.44979217367998,-0.10549177739793336
2017-08-06,1.47,-76.610759,39.2908816,BaltimoreWashington,695848.77,0.7848543800658092,0.23531488655194766,0.3852624007906449,0.0,2017-08-06,13.452887631224105,0.003095457544125324
2015-05-31,1.19,-76.610759,39.2908816,BaltimoreWashington,949177.06,0.7848543800658092,0.23531488655194766,0.17395330712343798,0.008438868645864656,2015-05-31,13.763350635531516,0.3104630043074117
2015-01-18,1.23,-76.610759,39.2908816,BaltimoreWashington,657741.34,0.7848543800658092,0.23531488655194766,0.20701416938432612,0.05001042057466143,2015-01-18,13.396567032719323,-0.3667836028121929
2015-01-25,1.2,-76.610759,39.2908816,BaltimoreWashington,692934.46,0.7848543800658092,0.23531488655194766,0.1823215567939546,-0.024692612590371532,2015-01-25,13.448690699385033,0.05212366666570922
2016-09-11,1.34,-76.610759,39.2908816,BaltimoreWashington,885728.19,0.7848543800658092,0.23531488655194766,0.29266961396282004,-0.11944003686401294,2016-09-11,13.694165399223886,0.24547469983885328
