avo.csv
Date,AveragePrice,lon,lat,region,Total Volume,lon_scaled,lat_scaled,logPrice,logPriceDiff,Date,logVol,logDiffVol
2016-09-18,1.5,-76.610759,39.2908816,BaltimoreWashington,732424.67,0.7848543800658092,0.23531488655194766,0.4054651081081644,0.11279549414534434,2016-09-18,13.504115774994563,-0.1900496242293226
2017-04-23,1.67,-76.610759,39.2908816,BaltimoreWashington,749186.76,0.7848543800658092,0.23531488655194766,0.5128236264286637,-0.017804624633506627,2017-04-23,13.526743577212253,0.022627802217689563
2016-03-27,1.19,-76.610759,39.2908816,BaltimoreWashington,781627.98,0.7848543800658092,0.23531488655194766,0.17395330712343798,0.07864312731911305,2016-03-27,13.569134177432298,0.04239060022004537
2017-01-22,1.42,-76.610759,39.2908816,BaltimoreWashington,826941.93,0.7848543800658092,0.23531488655194766,0.35065687161316933,-0.041385216162854344,2017-01-22,13.625489753886281,0.05635557645398315
2017-11-12,1.49,-76.610759,39.2908816,BaltimoreWashington,658693.0,0.7848543800658092,0.23531488655194766,0.3987761199573678,0.055186415567290925,2017-11-12,13.398012847579757,-0.22747690630652428
2017-11-05,1.41,-76.610759,39.2908816,BaltimoreWashington,736468.07,0.7848543800658092,0.23531488655194766,0.34358970439007686,-0.09466522654107845,2017-11-05,13.509621160245091,0.111608312665334
2016-01-10,1.17,-76.610759,39.2908816,BaltimoreWashington,780979.13,0.7848543800658092,0.23531488655194766,0.1570037488096647,0.05264373348542184,2016-01-10,13.568303706313692,0.05868254606860113
2018-01-07,1.5,-76.610759,39.2908816,BaltimoreWashington,771313.78,0.7848543800658092,0.23531488655194766,0.4054651081081644,0.2657031657330058,2018-01-07,13.555850547703116,-0.012453158610576054
2015-04-26,1.29,-76.610759,39.2908816,BaltimoreWashington,747841.09,0.7848543800658092,0.23531488655194766,0.25464221837358075,0.007782140442054941,2015-04-26,13.52494578786259,-0.030904759840526097
2015-08-23,1.16,-76.610759,39.2908816,BaltimoreWashington,783935.36,0.7848543800658092,0.23531488655194766,0.14842000511827322,0.017391742711869218,2015-08-23,13.572081846953848,0.047136059091258176
2016-02-21,1.2,-76.610759,39.2908816,BaltimoreWashington,739486.27,0.7848543800658092,0.23531488655194766,0.1823215567939546,0.07796154146971174,2016-02-21,13.513710994361576,-0.05837085259227237
2016-12-25,1.47,-76.610759,39.2908816,BaltimoreWashington,550947.61,0.7848543800658092,0.23531488655194766,0.3852624007906449,0.19464204118199518,2016-12-25,13.219395001944811,-0.29431599241676487
2015-04-05,1.29,-76.610759,39.2908816,BaltimoreWashington,688065.45,0.7848543800658092,0.23531488655194766,0.25464221837358075,0.03149866705937099,2015-04-05,13.441639243204785,0.22224424125997366
2016-01-31,1.11,-76.610759,39.2908816,BaltimoreWashington,748107.09,0.7848543800658092,0.23531488655194766,0.10436001532424286,0.018182319083190443,2016-01-31,13.525301415158188,0.08366217195340298
2017-09-24,1.59,-76.610759,39.2908816,BaltimoreWashington,676498.82,0.7848543800658092,0.23531488655194766,0.4637340162321402,0.006309169193264741,2017-09-24,13.42468598231947,-0.10061543283871721
2017-08-27,1.66,-76.610759,39.2908816,BaltimoreWashington,653598.86,0.7848543800658092,0.23531488655194766,0.5068176023684519,0.05574198300823513,2017-08-27,13.390249078340362,-0.034436903979107925
2016-11-20,1.6,-76.610759,39.2908816,BaltimoreWashington,566160.06,0.7848543800658092,0.23531488655194766,0.47000362924573563,-0.07811777926395197,2016-11-20,13.24663210872677,-0.14361696961359272
2018-03-18,1.16,-76.610759,39.2908816,BaltimoreWashington,1113242.82,0.7848543800658092,0.23531488655194766,0.14842000511827322,-0.1590646946296875,2018-03-18,13.9227877735786,0.6761556648518301
2017-05-28,1.75,-76.610759,39.2908816,BaltimoreWashington,779183.52,0.7848543800658092,0.23531488655194766,0.5596157879354227,0.04679216150675891,2017-05-28,13.56600188118947,-0.35678589238913005
2015-08-30,1.24,-76.610759,39.2908816,BaltimoreWashington,734721.29,0.7848543800658092,0.23531488655194766,0.2151113796169455,0.06669137449867227,2015-08-30,13.507246509002593,-0.05875537218687654
2017-09-17,1.58,-76.610759,39.2908816,BaltimoreWashington,664501.74,0.7848543800658092,0.23531488655194766,0.4574248470388755,0.006349227678658753,2017-09-17,13.406792775642167,-0.10045373336042651
2015-09-13,1.09,-76.610759,39.2908816,BaltimoreWashington,924993.61,0.7848543800658092,0.23531488655194766,0.08617769624105241,-0.07933674223652092,2015-09-13,13.737542108362593,0.3307493327204263
2016-11-13,1.73,-76.610759,39.2908816,BaltimoreWashington,559978.64,0.7848543800658092,0.23531488655194766,0.5481214085096876,-0.03966525639243146,2016-11-13,13.235653919126731,-0.5018881892358618
2017-05-14,1.59,-76.610759,39.2908816,BaltimoreWashington,731952.61,0.7848543800658092,0.23531488655194766,0.4637340162321402,0.14892327639210662,2017-05-14,13.503471050410537,0.267817131283806
2016-11-27,1.49,-76.610759,39.2908816,BaltimoreWashington,539924.84,0.7848543800658092,0.23531488655194766,0.3987761199573678,-0.07122750928836785,2016-11-27,13.199185223668115,-0.3042858267424222
2016-02-14,1.11,-76.610759,39.2908816,BaltimoreWashington,905144.72,0.7848543800658092,0.23531488655194766,0.10436001532424286,0.00904983551991792,2016-02-14,13.715850121499775,0.5166648978316601
2016-12-18,1.21,-76.610759,39.2908816,BaltimoreWashington,691008.74,0.7848543800658092,0.23531488655194766,0.1906203596086497,-0.10948423284168846,2016-12-18,13.445907751005564,-0.26994237049421166
2015-01-04,1.08,-76.610759,39.2908816,BaltimoreWashington,788025.06,0.7848543800658092,0.23531488655194766,0.0769610411361284,0.0,2015-01-04,13.5772851703648,0.13137741935923586
2015-09-06,1.18,-76.610759,39.2908816,BaltimoreWashington,823623.36,0.7848543800658092,0.23531488655194766,0.16551443847757333,-0.04959694113937216,2015-09-06,13.621468617016689,0.04418344665188911
2016-02-07,1.1,-76.610759,39.2908816,BaltimoreWashington,966321.0,0.7848543800658092,0.23531488655194766,0.09531017980432493,-0.00904983551991792,2016-02-07,13.781251356132502,0.15978273911581375
2017-09-10,1.57,-76.610759,39.2908816,BaltimoreWashington,660103.83,0.7848543800658092,0.23531488655194766,0.45107561936021673,-0.03135052988407605,2017-09-10,13.400152419811219,-0.38109893632128333
2016-12-04,1.41,-76.610759,39.2908816,BaltimoreWashington,566956.23,0.7848543800658092,0.23531488655194766,0.34358970439007686,-0.055186415567290925,2016-12-04,13.248037383962947,-0.15211503584827213
2015-04-12,1.15,-76.610759,39.2908816,BaltimoreWashington,837629.62,0.7848543800658092,0.23531488655194766,0.13976194237515863,-0.11488027599842213,2015-04-12,13.638331300854949,0.3902939168920021
2017-09-03,1.62,-76.610759,39.2908816,BaltimoreWashington,671504.54,0.7848543800658092,0.23531488655194766,0.4824261492442928,-0.02439145312415908,2017-09-03,13.417276055905448,-0.22105524494950046
2015-04-19,1.28,-76.610759,39.2908816,BaltimoreWashington,762862.62,0.7848543800658092,0.23531488655194766,0.2468600779315258,0.10709813555636719,2015-04-19,13.54483324163057,0.12755718572512187
2017-05-21,1.67,-76.610759,39.2908816,BaltimoreWashington,750139.67,0.7848543800658092,0.23531488655194766,0.5128236264286637,0.049089610196523525,2017-05-21,13.528014694841128,-0.016818546789442834
2018-03-25,1.23,-76.610759,39.2908816,BaltimoreWashington,986038.75,0.7848543800658092,0.23531488655194766,0.20701416938432612,0.058594164266052906,2018-03-25,13.80145093301538,0.2734362381742521
2015-06-14,1.09,-76.610759,39.2908816,BaltimoreWashington,955046.82,0.7848543800658092,0.23531488655194766,0.08617769624105241,-0.14493402472233424,2015-06-14,13.769515644439133,-0.03193528857624628
2017-10-01,1.59,-76.610759,39.2908816,BaltimoreWashington,705451.5,0.7848543800658092,0.23531488655194766,0.4637340162321402,0.0,2017-10-01,13.466593302341403,-0.3029223420977303
2016-02-28,1.12,-76.610759,39.2908816,BaltimoreWashington,888570.06,0.7848543800658092,0.23531488655194766,0.11332868530700327,-0.06899287148695132,2016-02-28,13.697368775465938,0.2307754731245346
2016-11-06,1.8,-76.610759,39.2908816,BaltimoreWashington,537945.82,0.7848543800658092,0.23531488655194766,0.5877866649021191,-0.03278982282299092,2016-11-06,13.195513127752998,-0.5018556477129401
2016-03-20,1.1,-76.610759,39.2908816,BaltimoreWashington,880238.91,0.7848543800658092,0.23531488655194766,0.09531017980432493,-0.0702042586732484,2016-03-20,13.687948638244382,0.4924355104913847
2016-10-09,1.59,-76.610759,39.2908816,BaltimoreWashington,676188.97,0.7848543800658092,0.23531488655194766,0.4637340162321402,-0.043083586136311636,2016-10-09,13.424227857380796,-0.2637207808635864
2017-08-13,1.48,-76.610759,39.2908816,BaltimoreWashington,697320.96,0.7848543800658092,0.23531488655194766,0.3920420877760237,0.0067796869853787856,2017-08-13,13.455001071555568,0.03077321417477208
2017-10-22,1.6,-76.610759,39.2908816,BaltimoreWashington,672066.53,0.7848543800658092,0.23531488655194766,0.47000362924573563,-0.036813973122716226,2017-10-22,13.418112617581006,-0.036888453974562196
2017-01-15,1.48,-76.610759,39.2908816,BaltimoreWashington,749510.72,0.7848543800658092,0.23531488655194766,0.3920420877760237,0.2610138253696197,2017-01-15,13.527175899291084,0.10906328171007829
2015-10-04,1.28,-76.610759,39.2908816,BaltimoreWashington,657444.04,0.7848543800658092,0.23531488655194766,0.2468600779315258,0.07290677080808783,2015-10-04,13.396114929145813,-0.13106097014527052
2017-10-15,1.66,-76.610759,39.2908816,BaltimoreWashington,667770.44,0.7848543800658092,0.23531488655194766,0.5068176023684519,-0.02967576814611661,2017-10-15,13.411699740762053,0.015584811616239591
2016-01-17,1.17,-76.610759,39.2908816,BaltimoreWashington,836225.86,0.7848543800658092,0.23531488655194766,0.1570037488096647,0.0,2016-01-17,13.636654023042295,0.22495428228024217
2017-04-30,1.69,-76.610759,39.2908816,BaltimoreWashington,761924.71,0.7848543800658092,0.23531488655194766,0.5247285289349821,0.011904902506318371,2017-04-30,13.543603024012892,-0.09305099902940306
2015-03-29,1.25,-76.610759,39.2908816,BaltimoreWashington,663677.32,0.7848543800658092,0.23531488655194766,0.22314355131420976,0.12783337150988483,2015-03-29,13.405551346484446,-0.1380516775284466
2017-06-04,1.8,-76.610759,39.2908816,BaltimoreWashington,757909.72,0.7848543800658092,0.23531488655194766,0.5877866649021191,0.0281708769666964,2017-06-04,13.53831955462882,0.13276820814437507
2015-01-11,1.17,-76.610759,39.2908816,BaltimoreWashington,670231.94,0.7848543800658092,0.23531488655194766,0.1570037488096647,0.0800427076735363,2015-01-11,13.415379110565466,-0.1229404440633548
2016-10-16,1.69,-76.610759,39.2908816,BaltimoreWashington,638848.04,0.7848543800658092,0.23531488655194766,0.5247285289349821,0.060994512702841897,2016-10-16,13.367421896001927,-0.04795721456353874
2016-10-23,1.85,-76.610759,39.2908816,BaltimoreWashington,584275.61,0.7848543800658092,0.23531488655194766,0.6151856390902335,0.09045711015525137,2016-10-23,13.278128085415606,-0.08929381058632124
2016-03-13,1.18,-76.610759,39.2908816,BaltimoreWashington,845574.79,0.7848543800658092,0.23531488655194766,0.16551443847757333,-0.025105921131076375,2016-03-13,13.647771899943319,0.3696438145277128
2017-10-08,1.71,-76.610759,39.2908816,BaltimoreWashington,598836.97,0.7848543800658092,0.23531488655194766,0.5364933705145685,0.07275935428242825,2017-10-08,13.302744669768726,-0.34502723017459225
2017-05-07,1.37,-76.610759,39.2908816,BaltimoreWashington,1097981.24,0.7848543800658092,0.23531488655194766,0.3148107398400336,-0.20991778909494851,2017-05-07,13.908983815295452,0.6062391455267253
2018-03-04,1.25,-76.610759,39.2908816,BaltimoreWashington,988572.63,0.7848543800658092,0.23531488655194766,0.22314355131420976,-0.09166718852582384,2018-03-04,13.80401739385572,-0.10496642143973212
2018-03-11,1.36,-76.610759,39.2908816,BaltimoreWashington,874780.27,0.7848543800658092,0.23531488655194766,0.3074846997479607,0.08434114843375096,2018-03-11,13.681728013803845,-0.12228938005187473
2015-09-27,1.19,-76.610759,39.2908816,BaltimoreWashington,696281.81,0.7848543800658092,0.23531488655194766,0.17395330712343798,0.01694955831377329,2015-09-27,13.453509756792192,-0.22821825701165288
2017-01-08,1.14,-76.610759,39.2908816,BaltimoreWashington,1029279.83,0.7848543800658092,0.23531488655194766,0.131028262406404,-0.2542341383842409,2017-01-08,13.844369921480816,0.3908601646886236
2016-03-06,1.21,-76.610759,39.2908816,BaltimoreWashington,819706.7,0.7848543800658092,0.23531488655194766,0.1906203596086497,0.07729167430164643,2016-03-06,13.616701872329811,-0.22766804915100458
2016-10-30,1.86,-76.610759,39.2908816,BaltimoreWashington,522546.62,0.7848543800658092,0.23531488655194766,0.62057648772511,0.005390848634876488,2016-10-30,13.166469483721183,-0.4502323886086277
2015-08-16,1.14,-76.610759,39.2908816,BaltimoreWashington,882754.72,0.7848543800658092,0.23531488655194766,0.131028262406404,-0.017391742711869218,2015-08-16,13.690802660703554,0.5243331769823705
2016-01-24,1.09,-76.610759,39.2908816,BaltimoreWashington,1022653.39,0.7848543800658092,0.23531488655194766,0.08617769624105241,-0.07082605256861228,2016-01-24,13.837911170317945,0.14710850961439093
2017-08-20,1.57,-76.610759,39.2908816,BaltimoreWashington,691636.14,0.7848543800658092,0.23531488655194766,0.45107561936021673,0.059033531584193055,2017-08-20,13.446815287065093,-0.39109588325285216
2015-09-20,1.17,-76.610759,39.2908816,BaltimoreWashington,709268.62,0.7848543800658092,0.23531488655194766,0.1570037488096647,0.07082605256861228,2015-09-20,13.471989605410736,0.025174318345642988
2017-01-01,1.47,-76.610759,39.2908816,BaltimoreWashington,631760.81,0.7848543800658092,0.23531488655194766,0.3852624007906449,0.0,2017-01-01,13.356266136303097,-0.11572346910763898
2015-06-07,1.26,-76.610759,39.2908816,BaltimoreWashington,794310.29,0.7848543800658092,0.23531488655194766,0.23111172096338664,0.05715841383994866,2015-06-07,13.585229457340281,0.22896332103718464
2016-10-02,1.66,-76.610759,39.2908816,BaltimoreWashington,672759.7,0.7848543800658092,0.23531488655194766,0.5068176023684519,0.04939275532957638,2016-10-02,13.419143486917017,-0.16608597042326423
2015-11-01,1.12,-76.610759,39.2908816,BaltimoreWashington,742220.67,0.7848543800658092,0.23531488655194766,0.11332868530700327,-0.060624621816434715,2015-11-01,13.517401876857058,0.09825838994004066
2016-12-11,1.35,-76.610759,39.2908816,BaltimoreWashington,599161.08,0.7848543800658092,0.23531488655194766,0.30010459245033816,-0.043485111939738696,2016-12-11,13.303285755804563,-0.2141161210524949
2017-12-17,1.44,-76.610759,39.2908816,BaltimoreWashington,628735.17,0.7848543800658092,0.23531488655194766,0.36464311358790924,0.24242548086366011,2017-12-17,13.351465413636808,0.04817965783224487
2017-06-25,1.65,-76.610759,39.2908816,BaltimoreWashington,693972.27,0.7848543800658092,0.23531488655194766,0.5007752879124892,-0.012048338516174595,2017-06-25,13.450187281918314,0.09872186828150653
2015-11-08,1.05,-76.610759,39.2908816,BaltimoreWashington,830967.23,0.7848543800658092,0.23531488655194766,0.04879016416943205,-0.06453852113757122,2015-11-08,13.630345638643663,0.1801583567253484
2016-05-22,1.19,-76.610759,39.2908816,BaltimoreWashington,837573.29,0.7848543800658092,0.23531488655194766,0.17395330712343798,0.060624621816434715,2016-05-22,13.638264049300304,0.007918410656641228
2016-05-01,1.07,-76.610759,39.2908816,BaltimoreWashington,929492.14,0.7848543800658092,0.23531488655194766,0.06765864847381486,-0.05455898425043425,2016-05-01,13.742393629948657,0.10412958064835287
2015-11-29,1.16,-76.610759,39.2908816,BaltimoreWashington,545800.05,0.7848543800658092,0.23531488655194766,0.14842000511827322,0.03509131981126995,2015-11-29,13.210007978865018,-0.5323856510836382
2016-06-19,1.37,-76.610759,39.2908816,BaltimoreWashington,850692.3,0.7848543800658092,0.23531488655194766,0.3148107398400336,0.022141125877213563,2016-06-19,13.653805767553552,0.44379778868853315
2016-05-15,1.12,-76.610759,39.2908816,BaltimoreWashington,901689.79,0.7848543800658092,0.23531488655194766,0.11332868530700327,0.16462197969455383,2016-05-15,13.712025826367443,0.05822005881389103
2018-01-14,1.49,-76.610759,39.2908816,BaltimoreWashington,799726.89,0.7848543800658092,0.23531488655194766,0.3987761199573678,-0.006688988150796604,2018-01-14,13.592025560864085,-0.12000026550335718
2015-02-08,1.09,-76.610759,39.2908816,BaltimoreWashington,844931.21,0.7848543800658092,0.23531488655194766,0.08617769624105241,0.02790878811707659,2015-02-08,13.647010494741453,0.05498493387736758
2017-03-19,1.58,-76.610759,39.2908816,BaltimoreWashington,738956.53,0.7848543800658092,0.23531488655194766,0.4574248470388755,-0.01257878220686015,2017-03-19,13.512994375466791,-0.13401611927466206
2015-11-15,1.04,-76.610759,39.2908816,BaltimoreWashington,718330.48,0.7848543800658092,0.23531488655194766,0.03922071315328133,-0.00956945101615072,2015-11-15,13.484685020686214,-0.028309354780576612
2017-06-18,1.67,-76.610759,39.2908816,BaltimoreWashington,713471.14,0.7848543800658092,0.23531488655194766,0.5128236264286637,0.012048338516174595,2017-06-18,13.477897266587624,-0.006787754098590781
2017-12-03,1.43,-76.610759,39.2908816,BaltimoreWashington,658939.0,0.7848543800658092,0.23531488655194766,0.3576744442718159,0.0,2017-12-03,13.398386244708634,-0.0795110218789894
2016-07-31,1.65,-76.610759,39.2908816,BaltimoreWashington,698627.62,0.7848543800658092,0.23531488655194766,0.5007752879124892,0.006079046076382155,2016-07-31,13.45687314678862,0.05848690207998608
2017-07-02,1.6,-76.610759,39.2908816,BaltimoreWashington,672614.37,0.7848543800658092,0.23531488655194766,0.47000362924573563,-0.03077165866675352,2017-07-02,13.41892744291289,-0.03794570387572982
2017-03-12,1.6,-76.610759,39.2908816,BaltimoreWashington,763783.58,0.7848543800658092,0.23531488655194766,0.47000362924573563,0.18482468701207316,2017-03-12,13.546039755768186,0.12711231285529578
2016-07-24,1.64,-76.610759,39.2908816,BaltimoreWashington,719104.08,0.7848543800658092,0.23531488655194766,0.494696241836107,0.10943384104546211,2016-07-24,13.485761382833354,-0.060278372934831737
