avo.csv
Date,AveragePrice,lon,lat,region,Total Volume,lon_scaled,lat_scaled,logPrice,logPriceDiff,Date,logVol,logDiffVol
2017-04-09,1.64,-76.610759,39.2908816,BaltimoreWashington,738255.19,0.7848543800658092,0.23531488655194766,0.494696241836107,0.08923113372794261,2017-04-09,13.512044829720299,0.026283446886944617
2015-02-01,1.06,-76.610759,39.2908816,BaltimoreWashington,1007418.76,0.7848543800658092,0.23531488655194766,0.058268908123975824,-0.12405264866997877,2015-02-01,13.822901934316048,0.31085710459574933
2018-01-21,1.18,-76.610759,39.2908816,BaltimoreWashington,1102213.13,0.7848543800658092,0.23531488655194766,0.16551443847757333,-0.23326168147979445,2018-01-21,13.912830652898878,0.08992871858282925
2015-07-05,1.16,-76.610759,39.2908816,BaltimoreWashington,896298.77,0.7848543800658092,0.23531488655194766,0.14842000511827322,0.008658062743114592,2015-07-05,13.706029085036132,-0.20680156786274573
2018-02-04,1.12,-76.610759,39.2908816,BaltimoreWashington,1225103.27,0.7848543800658092,0.23531488655194766,0.11332868530700327,0.0,2018-02-04,14.018535700448563,0.3125066154124312
2017-04-02,1.5,-76.610759,39.2908816,BaltimoreWashington,800801.84,0.7848543800658092,0.23531488655194766,0.4054651081081644,-0.06453852113757125,2017-04-02,13.593368804682806,-0.4251668957657575
2017-02-26,1.48,-76.610759,39.2908816,BaltimoreWashington,814376.97,0.7848543800658092,0.23531488655194766,0.3920420877760237,0.06995858860691045,2017-02-26,13.610178645891322,0.016809841208516474
2017-07-09,1.64,-76.610759,39.2908816,BaltimoreWashington,701869.5,0.7848543800658092,0.23531488655194766,0.494696241836107,0.024692612590371366,2017-07-09,13.46150276829098,-0.14867587760034162
2017-12-10,1.13,-76.610759,39.2908816,BaltimoreWashington,940850.93,0.7848543800658092,0.23531488655194766,0.12221763272424911,-0.23545681154756676,2017-12-10,13.754539989440177,0.2930372211491967
2017-12-24,1.41,-76.610759,39.2908816,BaltimoreWashington,624268.68,0.7848543800658092,0.23531488655194766,0.34358970439007686,-0.021053409197832385,2017-12-24,13.344336131602999,-0.4102038578371783
2017-07-16,1.48,-76.610759,39.2908816,BaltimoreWashington,670476.49,0.7848543800658092,0.23531488655194766,0.3920420877760237,-0.10265415406008332,2017-07-16,13.415743917703603,0.07140778610060394
2015-05-24,1.18,-76.610759,39.2908816,BaltimoreWashington,908661.83,0.7848543800658092,0.23531488655194766,0.16551443847757333,-0.0735024619929266,2015-05-24,13.719728279739025,0.3039843620354219
2015-03-01,1.16,-76.610759,39.2908816,BaltimoreWashington,770115.24,0.7848543800658092,0.23531488655194766,0.14842000511827322,0.04405998979403036,2015-03-01,13.554295444969238,-0.16543283476978665
2017-12-31,1.15,-76.610759,39.2908816,BaltimoreWashington,849487.62,0.7848543800658092,0.23531488655194766,0.13976194237515863,-0.20382776201491823,2017-12-31,13.652388646709534,0.09809320174029601
2016-06-26,1.36,-76.610759,39.2908816,BaltimoreWashington,830072.5,0.7848543800658092,0.23531488655194766,0.3074846997479607,-0.007326040092072883,2016-06-26,13.629268325355634,-0.023120321353900408
2017-07-23,1.48,-76.610759,39.2908816,BaltimoreWashington,692872.87,0.7848543800658092,0.23531488655194766,0.3920420877760237,0.0,2017-07-23,13.448601812569807,-0.18066651278582668
2015-05-17,1.27,-76.610759,39.2908816,BaltimoreWashington,790853.86,0.7848543800658092,0.23531488655194766,0.23901690047049992,0.00790517950711328,2015-05-17,13.580868476204152,0.13226666363434525
2015-12-27,1.17,-76.610759,39.2908816,BaltimoreWashington,596819.4,0.7848543800658092,0.23531488655194766,0.1570037488096647,0.05264373348542184,2015-12-27,13.29936983404577,-0.2814986421583825
2015-02-15,1.25,-76.610759,39.2908816,BaltimoreWashington,637319.34,0.7848543800658092,0.23531488655194766,0.22314355131420976,0.13696585507315734,2015-02-15,13.36502612761739,0.06565629357162095
2016-07-17,1.47,-76.610759,39.2908816,BaltimoreWashington,730875.32,0.7848543800658092,0.23531488655194766,0.3852624007906449,0.07045166095061128,2016-07-17,13.501998163309242,0.13697203569185135
2015-06-28,1.15,-76.610759,39.2908816,BaltimoreWashington,862261.64,0.7848543800658092,0.23531488655194766,0.13976194237515863,-0.008658062743114592,2015-06-28,13.66731403027306,0.16531586696381773
2015-11-22,1.12,-76.610759,39.2908816,BaltimoreWashington,572019.8,0.7848543800658092,0.23531488655194766,0.11332868530700327,0.07410797215372195,2015-11-22,13.256928885147452,-0.4103851451256073
2016-04-24,1.13,-76.610759,39.2908816,BaltimoreWashington,915500.04,0.7848543800658092,0.23531488655194766,0.12221763272424911,0.0,2016-04-24,13.727225686788673,0.47029680164122034
2015-12-13,1.15,-76.610759,39.2908816,BaltimoreWashington,619509.33,0.7848543800658092,0.23531488655194766,0.13976194237515863,0.1005412292218773,2015-12-13,13.336683040470612,-0.39054264631806035
2016-05-29,1.19,-76.610759,39.2908816,BaltimoreWashington,890196.73,0.7848543800658092,0.23531488655194766,0.17395330712343798,0.0,2016-05-29,13.699197762225308,0.362514721754696
2015-07-12,1.1,-76.610759,39.2908816,BaltimoreWashington,850931.58,0.7848543800658092,0.23531488655194766,0.09531017980432493,-0.05310982531394828,2015-07-12,13.65408700479333,-0.04511075743197779
2016-06-05,1.33,-76.610759,39.2908816,BaltimoreWashington,860858.18,0.7848543800658092,0.23531488655194766,0.28517894223366247,0.11122563511022449,2016-06-05,13.665685054395635,0.011598049602303817
2017-11-26,1.43,-76.610759,39.2908816,BaltimoreWashington,629719.0,0.7848543800658092,0.23531488655194766,0.3576744442718159,-0.013889112160667128,2017-11-26,13.353028967119936,-0.31265608727569827
2016-08-07,1.52,-76.610759,39.2908816,BaltimoreWashington,746493.74,0.7848543800658092,0.23531488655194766,0.41871033485818504,-0.08206495305430411,2016-08-07,13.523142510125819,0.17011354300588266
2015-12-20,1.11,-76.610759,39.2908816,BaltimoreWashington,642682.4,0.7848543800658092,0.23531488655194766,0.10436001532424286,-0.03540192705091577,2015-12-20,13.373405946512657,-0.14973656361316223
2017-02-19,1.38,-76.610759,39.2908816,BaltimoreWashington,721257.38,0.7848543800658092,0.23531488655194766,0.3220834991691132,0.10697211955216773,2017-02-19,13.4887513289878,0.1153453824751427
2015-05-10,1.26,-76.610759,39.2908816,BaltimoreWashington,855205.82,0.7848543800658092,0.23531488655194766,0.23111172096338664,0.07410797215372195,2015-05-10,13.659097444095448,0.1703461151076482
2016-07-10,1.37,-76.610759,39.2908816,BaltimoreWashington,831187.91,0.7848543800658092,0.23531488655194766,0.3148107398400336,-0.007272759329079614,2016-07-10,13.630611173425567,-0.028486270669880298
2017-03-26,1.6,-76.610759,39.2908816,BaltimoreWashington,739376.32,0.7848543800658092,0.23531488655194766,0.47000362924573563,0.01257878220686015,2017-03-26,13.513562299004827,-0.11704887442074074
2015-02-22,1.11,-76.610759,39.2908816,BaltimoreWashington,749845.79,0.7848543800658092,0.23531488655194766,0.10436001532424286,-0.11878353598996691,2015-02-22,13.52762285103784,0.014060552033013707
2015-07-26,1.2,-76.610759,39.2908816,BaltimoreWashington,772926.12,0.7848543800658092,0.23531488655194766,0.1823215567939546,0.016807118316381264,2015-07-26,13.55793874732274,0.03031589628490039
2015-07-19,1.18,-76.610759,39.2908816,BaltimoreWashington,800194.34,0.7848543800658092,0.23531488655194766,0.16551443847757333,0.0702042586732484,2015-07-19,13.592609902148563,0.034671154825822725
2015-12-06,1.04,-76.610759,39.2908816,BaltimoreWashington,649141.25,0.7848543800658092,0.23531488655194766,0.03922071315328133,-0.1091992919649919,2015-12-06,13.383405614532492,-0.20920428761607113
2016-05-08,0.95,-76.610759,39.2908816,BaltimoreWashington,1103888.28,0.7848543800658092,0.23531488655194766,-0.05129329438755058,-0.11895194286136544,2016-05-08,13.914349305046379,0.5309436905138867
2016-07-03,1.38,-76.610759,39.2908816,BaltimoreWashington,844337.61,0.7848543800658092,0.23531488655194766,0.3220834991691132,0.014598799421152497,2016-07-03,13.646307705443025,-0.26804159960335383
2017-03-05,1.33,-76.610759,39.2908816,BaltimoreWashington,880326.29,0.7848543800658092,0.23531488655194766,0.28517894223366247,-0.1068631455423612,2017-03-05,13.688047901821864,0.0417401963788393
2016-06-12,1.34,-76.610759,39.2908816,BaltimoreWashington,850862.92,0.7848543800658092,0.23531488655194766,0.29266961396282004,0.007490671729157572,2016-06-12,13.65400631349948,-0.0340415883223848
2018-01-28,1.12,-76.610759,39.2908816,BaltimoreWashington,1152539.42,0.7848543800658092,0.23531488655194766,0.11332868530700327,-0.05218575317057006,2018-01-28,13.957478257172555,0.30347194367307573
2016-07-10,0.75,-116.20083500000001,43.61656,Boise,132511.44,-0.7491718855636345,0.6306486743153172,-0.2876820724517809,-0.02631730831737339,2016-07-10,11.794424260304005,0.0
2017-12-24,1.18,-116.20083500000001,43.61656,Boise,71004.42,-0.7491718855636345,0.6306486743153172,0.16551443847757333,-0.08912777989600743,2017-12-24,11.17049740760691,-0.623926852697096
2017-03-05,1.11,-116.20083500000001,43.61656,Boise,93814.08,-0.7491718855636345,0.6306486743153172,0.10436001532424286,0.19867069479548416,2017-03-05,11.449070230339254,0.27857282273234496
2017-10-01,1.8,-116.20083500000001,43.61656,Boise,58602.78,-0.7491718855636345,0.6306486743153172,0.5877866649021191,0.011173300598125269,2017-10-01,10.978537414712887,-0.47053281562636684
2016-07-03,0.77,-116.20083500000001,43.61656,Boise,136377.55,-0.7491718855636345,0.6306486743153172,-0.2613647641344075,0.10969891725642456,2016-07-03,11.823182421402354,0.8446450066894666
2017-10-08,1.89,-116.20083500000001,43.61656,Boise,56087.36,-0.7491718855636345,0.6306486743153172,0.636576829071551,0.04879016416943194,2017-10-08,10.93466575418128,-0.888516667221074
2016-05-15,0.58,-116.20083500000001,43.61656,Boise,95143.57,-0.7491718855636345,0.6306486743153172,-0.5447271754416722,-0.050430853626892036,2016-05-15,11.463142292931638,0.5284765387503576
2015-11-22,1.09,-116.20083500000001,43.61656,Boise,52875.58,-0.7491718855636345,0.6306486743153172,0.08617769624105241,0.07622736538788433,2015-11-22,10.875696885555557,-0.5874454073760802
2016-10-16,1.09,-116.20083500000001,43.61656,Boise,77804.54,-0.7491718855636345,0.6306486743153172,0.08617769624105241,0.05661889399950798,2016-10-16,11.261955063219695,0.3862581776641374
2016-10-30,1.34,-116.20083500000001,43.61656,Boise,59788.57,-0.7491718855636345,0.6306486743153172,0.29266961396282004,0.13566586515315535,2016-10-30,10.99856978454595,-0.26338527867374495
2017-03-12,0.98,-116.20083500000001,43.61656,Boise,112776.1,-0.7491718855636345,0.6306486743153172,-0.020202707317519466,-0.12456272264176232,2017-03-12,11.633159716163853,0.6345899316179029
2015-09-27,0.99,-116.20083500000001,43.61656,Boise,64187.8,-0.7491718855636345,0.6306486743153172,-0.01005033585350145,-0.039609138095045876,2015-09-27,11.069568440467197,-0.5635912756966555
2016-05-08,0.61,-116.20083500000001,43.61656,Boise,106409.67,-0.7491718855636345,0.6306486743153172,-0.4942963218147801,-0.03226086221822144,2016-05-08,11.575051735218675,0.5054832947514782
2016-06-26,0.69,-116.20083500000001,43.61656,Boise,127961.84,-0.7491718855636345,0.6306486743153172,-0.37106368139083207,-0.01438873745209962,2016-06-26,11.759487373453663,0.1844356382349872
2015-02-01,0.91,-116.20083500000001,43.61656,Boise,113578.24,-0.7491718855636345,0.6306486743153172,-0.09431067947124129,-0.12386948171278572,2015-02-01,11.640247217625504,-0.11924015582815883
2015-06-14,0.99,-116.20083500000001,43.61656,Boise,87607.71,-0.7491718855636345,0.6306486743153172,-0.01005033585350145,-0.12337902116050473,2015-06-14,11.380624286750134,-0.2596229308753699
2015-03-29,0.98,-116.20083500000001,43.61656,Boise,74543.98,-0.7491718855636345,0.6306486743153172,-0.020202707317519466,-0.17720645612718416,2015-03-29,11.219144565758624,-0.16147972099150998
2018-03-11,1.26,-116.20083500000001,43.61656,Boise,80611.01,-0.7491718855636345,0.6306486743153172,0.23111172096338664,0.03226086221822147,2018-03-11,11.297390519661999,0.07824595390337485
2016-01-24,0.9,-116.20083500000001,43.61656,Boise,58434.39,-0.7491718855636345,0.6306486743153172,-0.10536051565782628,-0.021978906718775268,2016-01-24,10.975659865363511,-0.3217306542984879
2015-02-22,0.99,-116.20083500000001,43.61656,Boise,76836.1,-0.7491718855636345,0.6306486743153172,-0.01005033585350145,-0.14107859825990546,2015-02-22,11.249429860779223,0.27376999541571223
2015-12-20,1.03,-116.20083500000001,43.61656,Boise,57504.05,-0.7491718855636345,0.6306486743153172,0.02955880224154443,0.039609138095045876,2015-12-20,10.959610659087637,-0.2898192016915857
2016-10-23,1.17,-116.20083500000001,43.61656,Boise,70652.14,-0.7491718855636345,0.6306486743153172,0.1570037488096647,0.07082605256861228,2016-10-23,11.16552367781671,0.2059130187290723
2015-05-24,1.03,-116.20083500000001,43.61656,Boise,83209.77,-0.7491718855636345,0.6306486743153172,0.02955880224154443,0.07038079676179959,2015-05-24,11.329120047799801,0.16359636998309135
2015-07-05,1.15,-116.20083500000001,43.61656,Boise,85044.45,-0.7491718855636345,0.6306486743153172,0.13976194237515863,0.1005412292218773,2015-07-05,11.350929339962837,0.021809292163036176
2017-07-09,0.98,-116.20083500000001,43.61656,Boise,125786.14,-0.7491718855636345,0.6306486743153172,-0.020202707317519466,-0.17720645612718416,2017-07-09,11.742338442298015,0.391409102335178
2015-04-26,0.96,-116.20083500000001,43.61656,Boise,88111.17,-0.7491718855636345,0.6306486743153172,-0.040821994520255166,-0.030771658666753715,2015-04-26,11.386354591628587,-0.3559838506694284
2017-01-08,1.02,-116.20083500000001,43.61656,Boise,103788.25,-0.7491718855636345,0.6306486743153172,0.01980262729617973,0.10318423623523074,2017-01-08,11.550108044847923,0.16375345321933565
2016-03-06,0.86,-116.20083500000001,43.61656,Boise,97421.21,-0.7491718855636345,0.6306486743153172,-0.15082288973458366,-0.03428907347863215,2016-03-06,11.486799227730947,-0.063308817116976
2015-01-11,1.18,-116.20083500000001,43.61656,Boise,57355.52,-0.7491718855636345,0.6306486743153172,0.16551443847757333,0.15556410762440523,2015-01-11,10.957024369015476,-0.52977485871547
2018-01-21,1.25,-116.20083500000001,43.61656,Boise,88727.77,-0.7491718855636345,0.6306486743153172,0.22314355131420976,0.08338160893905114,2018-01-21,11.393328197089351,0.4363038280738749
2017-05-07,1.09,-116.20083500000001,43.61656,Boise,121483.27,-0.7491718855636345,0.6306486743153172,0.08617769624105241,0.05661889399950798,2017-05-07,11.707531836808597,0.3142036397192456
2017-02-12,0.98,-116.20083500000001,43.61656,Boise,97785.46,-0.7491718855636345,0.6306486743153172,-0.020202707317519466,0.08515780834030681,2017-02-12,11.49053117421367,-0.217000662594927
2015-08-23,1.05,-116.20083500000001,43.61656,Boise,70773.76,-0.7491718855636345,0.6306486743153172,0.04879016416943205,-0.06453852113757122,2015-08-23,11.167243589515774,-0.323287584697896
2016-05-29,0.63,-116.20083500000001,43.61656,Boise,82549.14,-0.7491718855636345,0.6306486743153172,-0.4620354595965587,-0.031252543504104446,2016-05-29,11.32114903136548,0.15390544184970523
2016-12-18,1.02,-116.20083500000001,43.61656,Boise,64421.58,-0.7491718855636345,0.6306486743153172,0.01980262729617973,0.24294617861038945,2016-12-18,11.07320394912897,-0.2479450822365088
2017-03-26,1.16,-116.20083500000001,43.61656,Boise,95292.56,-0.7491718855636345,0.6306486743153172,0.14842000511827322,0.008658062743114592,2017-03-26,11.464707017339746,0.39150306821077585
2016-06-12,0.67,-116.20083500000001,43.61656,Boise,68721.61,-0.7491718855636345,0.6306486743153172,-0.40047756659712525,0.06155789299943343,2016-06-12,11.137818984788819,-0.3268880325509276
2015-12-06,0.71,-116.20083500000001,43.61656,Boise,95295.34,-0.7491718855636345,0.6306486743153172,-0.342490308946776,-0.40075921707075185,2015-12-06,11.464736190230576,0.32691720544175773
2016-11-27,1.22,-116.20083500000001,43.61656,Boise,51941.45,-0.7491718855636345,0.6306486743153172,0.19885085874516517,-0.04016604172533475,2016-11-27,10.85787240165418,-0.6068637885763959
2017-09-17,1.73,-116.20083500000001,43.61656,Boise,65336.49,-0.7491718855636345,0.6306486743153172,0.5481214085096876,-0.017192400540372854,2017-09-17,11.087305964703878,0.22943356304969775
2017-07-02,1.17,-116.20083500000001,43.61656,Boise,97408.49,-0.7491718855636345,0.6306486743153172,0.1570037488096647,-0.025317807984289897,2017-07-02,11.486668652156299,0.3993626874524203
2015-04-12,1.19,-116.20083500000001,43.61656,Boise,66246.3,-0.7491718855636345,0.6306486743153172,0.17395330712343798,0.08777561088238557,2015-04-12,11.10113489323225,-0.3855337589240495
2016-02-07,0.82,-116.20083500000001,43.61656,Boise,123715.17,-0.7491718855636345,0.6306486743153172,-0.19845093872383832,-0.1365755350057508,2016-02-07,11.725737186269718,0.6246022930374693
2015-04-19,0.99,-116.20083500000001,43.61656,Boise,89694.96,-0.7491718855636345,0.6306486743153172,-0.01005033585350145,-0.18400364297693944,2015-04-19,11.404169859177353,-0.3215673270923656
2015-01-04,1.01,-116.20083500000001,43.61656,Boise,80034.32,-0.7491718855636345,0.6306486743153172,0.009950330853168092,0.0,2015-01-04,11.290210821661828,-0.11395903751552439
2017-03-19,1.15,-116.20083500000001,43.61656,Boise,86727.42,-0.7491718855636345,0.6306486743153172,0.13976194237515863,0.1599646496926781,2017-03-19,11.370525375743819,0.08031455408199051
2015-02-08,1.07,-116.20083500000001,43.61656,Boise,69970.75,-0.7491718855636345,0.6306486743153172,0.06765864847381486,0.16196932794505614,2015-02-08,11.155832576562016,-0.21469279918180284
2017-09-10,1.76,-116.20083500000001,43.61656,Boise,66479.27,-0.7491718855636345,0.6306486743153172,0.5653138090500605,0.04652001563489294,2017-09-10,11.104645448722952,-0.05118712783906432
2018-03-25,1.28,-116.20083500000001,43.61656,Boise,85839.98,-0.7491718855636345,0.6306486743153172,0.2468600779315258,0.2173012756899814,2018-03-25,11.360240144312941,0.2555946955899895
2015-07-12,1.05,-116.20083500000001,43.61656,Boise,74677.72,-0.7491718855636345,0.6306486743153172,0.04879016416943205,-0.09097177820572658,2015-07-12,11.220937066927148,-0.13930307738579373
