avo.csv
Date,AveragePrice,lon,lat,region,Total Volume,lon_scaled,lat_scaled,logPrice,logPriceDiff,Date,logVol,logDiffVol
2015-09-06,1.16,-116.20083500000001,43.61656,Boise,64464.61,-0.7491718855636345,0.6306486743153172,0.14842000511827322,-0.025533302005164765,2015-09-06,11.073871670032176,-0.14706539689497156
2016-12-11,0.8,-116.20083500000001,43.61656,Boise,98346.8,-0.7491718855636345,0.6306486743153172,-0.2231435513142097,-0.2330938821673778,2016-12-11,11.49625528642971,0.42238361639753386
2016-06-05,0.63,-116.20083500000001,43.61656,Boise,95948.06,-0.7491718855636345,0.6306486743153172,-0.4620354595965587,0.0,2016-06-05,11.47156228236745,-0.02469300406225905
2015-08-30,1.19,-116.20083500000001,43.61656,Boise,60099.83,-0.7491718855636345,0.6306486743153172,0.17395330712343798,0.12516314295400593,2015-08-30,11.00376229190033,-0.46779999046712106
2017-09-03,1.68,-116.20083500000001,43.61656,Boise,64354.65,-0.7491718855636345,0.6306486743153172,0.5187937934151675,0.25642952894767645,2017-09-03,11.072164471485829,0.06840217958549921
2016-12-04,1.01,-116.20083500000001,43.61656,Boise,72471.63,-0.7491718855636345,0.6306486743153172,0.009950330853168092,-0.18890052789199707,2016-12-04,11.190950453916066,0.11878598243023752
2015-12-13,0.99,-116.20083500000001,43.61656,Boise,58461.05,-0.7491718855636345,0.6306486743153172,-0.01005033585350145,0.33243997309327455,2015-12-13,10.976115999502914,-0.2148344544131522
2016-02-14,0.94,-116.20083500000001,43.61656,Boise,78070.34,-0.7491718855636345,0.6306486743153172,-0.06187540371808753,0.1365755350057508,2016-02-14,11.265365494170819,0.2892494946679047
2016-01-31,0.94,-116.20083500000001,43.61656,Boise,83755.38,-0.7491718855636345,0.6306486743153172,-0.06187540371808753,0.04348511193973875,2016-01-31,11.335655686430059,0.0702901922592396
2015-07-19,1.09,-116.20083500000001,43.61656,Boise,63958.04,-0.7491718855636345,0.6306486743153172,0.08617769624105241,0.037387532071620364,2015-07-19,11.065982522325754,-0.2696731641043044
2015-11-29,1.06,-116.20083500000001,43.61656,Boise,49069.13,-0.7491718855636345,0.6306486743153172,0.058268908123975824,-0.02790878811707659,2015-11-29,10.800985399152982,-0.2649971231727726
2018-03-18,1.03,-116.20083500000001,43.61656,Boise,119045.04,-0.7491718855636345,0.6306486743153172,0.02955880224154443,-0.20155291872184222,2018-03-18,11.687257187880338,0.8862717887273561
2017-01-01,0.92,-116.20083500000001,43.61656,Boise,104510.11,-0.7491718855636345,0.6306486743153172,-0.08338160893905101,-0.11294041118059545,2017-01-01,11.557039092118854,-0.13021809576148335
2016-11-06,1.37,-116.20083500000001,43.61656,Boise,59587.14,-0.7491718855636345,0.6306486743153172,0.3148107398400336,0.022141125877213563,2016-11-06,10.995195057959274,-0.5618440341595807
2015-09-20,1.03,-116.20083500000001,43.61656,Boise,73952.9,-0.7491718855636345,0.6306486743153172,0.02955880224154443,-0.04740223889458396,2015-09-20,11.211183683056305,0.21598862509703132
2017-08-27,1.3,-116.20083500000001,43.61656,Boise,93803.53,-0.7491718855636345,0.6306486743153172,0.26236426446749106,-0.052446475372542545,2017-08-27,11.448957767548462,0.2377740844921572
2017-09-24,1.78,-116.20083500000001,43.61656,Boise,56671.53,-0.7491718855636345,0.6306486743153172,0.5766133643039938,0.02849195579430619,2017-09-24,10.945027247211073,-0.5039305203373896
2016-05-22,0.65,-116.20083500000001,43.61656,Boise,75996.51,-0.7491718855636345,0.6306486743153172,-0.4307829160924542,0.11394425934921792,2016-05-22,11.238442697161434,0.29341544995036095
2015-06-07,1.12,-116.20083500000001,43.61656,Boise,80751.29,-0.7491718855636345,0.6306486743153172,0.11332868530700327,0.14378789279171184,2015-06-07,11.299129216189499,0.06068651902806543
2015-10-04,1.12,-116.20083500000001,43.61656,Boise,59496.33,-0.7491718855636345,0.6306486743153172,0.11332868530700327,0.12337902116050473,2015-10-04,10.993669908959122,-0.30545930723037706
2015-02-15,1.14,-116.20083500000001,43.61656,Boise,61221.98,-0.7491718855636345,0.6306486743153172,0.131028262406404,0.06336961393258914,2015-02-15,11.022261554348175,0.0285916453890529
2016-11-13,1.28,-116.20083500000001,43.61656,Boise,67212.14,-0.7491718855636345,0.6306486743153172,0.2468600779315258,-0.06795066190850779,2016-11-13,11.11560916495704,0.09334761060886443
2017-12-31,1.13,-116.20083500000001,43.61656,Boise,79646.97,-0.7491718855636345,0.6306486743153172,0.12221763272424911,-0.043296805753324216,2017-12-31,11.285359273183339,0.16975010822629955
2015-05-17,0.96,-116.20083500000001,43.61656,Boise,77987.53,-0.7491718855636345,0.6306486743153172,-0.040821994520255166,-0.09909090264423098,2015-05-17,11.264304221096,-0.021055052087339376
2018-01-14,1.15,-116.20083500000001,43.61656,Boise,111113.11,-0.7491718855636345,0.6306486743153172,0.13976194237515863,-0.12260232209233243,2018-01-14,11.618303970466236,0.3539997493702369
2016-02-21,0.74,-116.20083500000001,43.61656,Boise,93951.14,-0.7491718855636345,0.6306486743153172,-0.3011050927839216,-0.23922968906583408,2016-02-21,11.450530138881884,-0.167773831584352
2016-11-20,1.27,-116.20083500000001,43.61656,Boise,62526.51,-0.7491718855636345,0.6306486743153172,0.23901690047049992,-0.00784317746102589,2016-11-20,11.04334590579407,-0.4071842330878148
2015-04-05,1.09,-116.20083500000001,43.61656,Boise,76704.46,-0.7491718855636345,0.6306486743153172,0.08617769624105241,0.10638040355857188,2015-04-05,11.247715134295811,0.20436922850174177
2016-06-19,0.7,-116.20083500000001,43.61656,Boise,129020.17,-0.7491718855636345,0.6306486743153172,-0.35667494393873245,0.0438026226583928,2016-06-19,11.767724027710539,0.5200088934147278
2017-05-28,1.21,-116.20083500000001,43.61656,Boise,100415.9,-0.7491718855636345,0.6306486743153172,0.1906203596086497,-0.06402185876493105,2017-05-28,11.517075840234975,-0.25064818747556394
2016-12-25,1.03,-116.20083500000001,43.61656,Boise,71168.92,-0.7491718855636345,0.6306486743153172,0.02955880224154443,0.009756174945364699,2016-12-25,11.172811485244917,-0.3442643549900577
2017-05-14,1.2,-116.20083500000001,43.61656,Boise,94466.25,-0.7491718855636345,0.6306486743153172,0.1823215567939546,0.09614386055290218,2017-05-14,11.455997906833993,0.28318642158907537
2016-02-28,0.89,-116.20083500000001,43.61656,Boise,89981.54,-0.7491718855636345,0.6306486743153172,-0.11653381625595151,0.18457127652797012,2016-02-28,11.40735981716313,-0.04863808967086314
2015-09-13,1.08,-116.20083500000001,43.61656,Boise,64208.84,-0.7491718855636345,0.6306486743153172,0.0769610411361284,-0.07145896398214482,2015-09-13,11.069896174903057,-0.3374636422600723
2017-10-15,1.83,-116.20083500000001,43.61656,Boise,58062.2,-0.7491718855636345,0.6306486743153172,0.6043159668533296,-0.03226086221822144,2017-10-15,10.969270128696776,-0.10062604620628157
2016-04-17,0.67,-116.20083500000001,43.61656,Boise,109590.28,-0.7491718855636345,0.6306486743153172,-0.40047756659712525,-0.20202662787328693,2016-04-17,11.604503963431817,0.6352338347350415
2017-04-23,1.14,-116.20083500000001,43.61656,Boise,93656.08,-0.7491718855636345,0.6306486743153172,0.131028262406404,-0.008733679968754626,2017-04-23,11.447384628348944,-0.15711933508287323
2017-08-06,1.54,-116.20083500000001,43.61656,Boise,73710.09,-0.7491718855636345,0.6306486743153172,0.43178241642553783,0.0,2017-08-06,11.20789497518381,-0.23948965316513338
2016-09-04,1.01,-116.20083500000001,43.61656,Boise,79683.06,-0.7491718855636345,0.6306486743153172,0.009950330853168092,0.020000666706669543,2016-09-04,11.285812295135537,0.07791731995172668
2015-12-27,0.97,-116.20083500000001,43.61656,Boise,62909.69,-0.7491718855636345,0.6306486743153172,-0.030459207484708574,-0.060018009726253,2015-12-27,11.049455484877479,-0.23635681025805866
2015-07-26,1.07,-116.20083500000001,43.61656,Boise,67826.07,-0.7491718855636345,0.6306486743153172,0.06765864847381486,-0.018519047767237548,2015-07-26,11.124701913296539,0.07524642841906015
2017-11-12,1.23,-116.20083500000001,43.61656,Boise,81827.0,-0.7491718855636345,0.6306486743153172,0.20701416938432612,0.01639380977567642,2017-11-12,11.312362541478247,0.1876606281817086
2018-01-07,1.3,-116.20083500000001,43.61656,Boise,85697.65,-0.7491718855636345,0.6306486743153172,0.26236426446749106,0.14014663174324193,2018-01-07,11.35858068297303,0.04621814149478176
2015-08-02,1.07,-116.20083500000001,43.61656,Boise,67763.91,-0.7491718855636345,0.6306486743153172,0.06765864847381486,0.0,2015-08-02,11.12378503132112,-0.2347956516519094
2015-10-18,1.16,-116.20083500000001,43.61656,Boise,54191.14,-0.7491718855636345,0.6306486743153172,0.14842000511827322,0.21029540883636075,2015-10-18,10.900272705430599,-0.22351232589052117
2016-09-11,0.89,-116.20083500000001,43.61656,Boise,89822.98,-0.7491718855636345,0.6306486743153172,-0.11653381625595151,-0.1264841471091196,2016-09-11,11.405596123557412,0.5053234181268138
2016-07-24,0.74,-116.20083500000001,43.61656,Boise,65580.47,-0.7491718855636345,0.6306486743153172,-0.3011050927839216,0.055569851154810834,2016-07-24,11.091033217192109,-0.31456290636530326
2016-04-03,0.82,-116.20083500000001,43.61656,Boise,97650.29,-0.7491718855636345,0.6306486743153172,-0.19845093872383832,0.012270092591814219,2016-04-03,11.489147906090482,0.39811468889837265
2017-08-20,1.37,-116.20083500000001,43.61656,Boise,88030.54,-0.7491718855636345,0.6306486743153172,0.3148107398400336,-0.09729891098679938,2017-08-20,11.385439078708544,-0.1037088273819382
2018-02-04,1.07,-116.20083500000001,43.61656,Boise,128702.15,-0.7491718855636345,0.6306486743153172,0.06765864847381486,-0.045670036833188404,2018-02-04,11.765256098961387,0.3798170202528439
2017-06-25,1.2,-116.20083500000001,43.61656,Boise,95071.28,-0.7491718855636345,0.6306486743153172,0.1823215567939546,-0.008298802814695111,2017-06-25,11.462382205025984,-0.30287389393540387
2015-03-15,1.0,-116.20083500000001,43.61656,Boise,65918.28,-0.7491718855636345,0.6306486743153172,0.0,-0.131028262406404,2015-03-15,11.096171072009936,-0.3662111330160478
2016-09-18,0.97,-116.20083500000001,43.61656,Boise,82377.77,-0.7491718855636345,0.6306486743153172,-0.030459207484708574,0.08607460877124293,2016-09-18,11.319070897946576,0.22289982593663993
2015-03-01,1.06,-116.20083500000001,43.61656,Boise,75046.37,-0.7491718855636345,0.6306486743153172,0.058268908123975824,0.06831924397747727,2015-03-01,11.22586146813702,-0.09320942980955493
2017-01-29,0.93,-116.20083500000001,43.61656,Boise,105132.82,-0.7491718855636345,0.6306486743153172,-0.07257069283483537,-0.08252102368800346,2017-01-29,11.562979782142396,0.33711831400537484
2017-11-05,1.21,-116.20083500000001,43.61656,Boise,81104.74,-0.7491718855636345,0.6306486743153172,0.1906203596086497,-0.17402275397925954,2017-11-05,11.303496684758098,-0.2594830973842974
2017-07-23,1.51,-116.20083500000001,43.61656,Boise,70783.8,-0.7491718855636345,0.6306486743153172,0.412109650826833,0.013333530869465204,2017-07-23,11.167385439940674,-0.13611124481742465
2016-07-31,0.78,-116.20083500000001,43.61656,Boise,69620.36,-0.7491718855636345,0.6306486743153172,-0.2484613592984996,0.052643733485422006,2016-07-31,11.150812332279955,-0.016573107660718733
2017-02-19,0.94,-116.20083500000001,43.61656,Boise,107721.63,-0.7491718855636345,0.6306486743153172,-0.06187540371808753,-0.04167269640056806,2017-02-19,11.587305678634296,0.4364933463543412
2015-10-25,1.11,-116.20083500000001,43.61656,Boise,59874.45,-0.7491718855636345,0.6306486743153172,0.10436001532424286,-0.04405998979403036,2015-10-25,11.000005148867269,-0.5873005297670275
2015-01-25,1.03,-116.20083500000001,43.61656,Boise,66069.21,-0.7491718855636345,0.6306486743153172,0.02955880224154443,-0.04740223889458396,2015-01-25,11.098458107937159,0.09845295906989016
2016-08-14,0.93,-116.20083500000001,43.61656,Boise,88787.27,-0.7491718855636345,0.6306486743153172,-0.07257069283483537,0.20186615286692494,2016-08-14,11.393998562847973,0.2955404549108138
2018-02-11,1.14,-116.20083500000001,43.61656,Boise,93106.27,-0.7491718855636345,0.6306486743153172,0.131028262406404,0.06336961393258914,2018-02-11,11.44149680793623,0.04749824508825817
2017-11-26,1.44,-116.20083500000001,43.61656,Boise,54681.0,-0.7491718855636345,0.6306486743153172,0.36464311358790924,0.01398624197473991,2017-11-26,10.909271578893042,-0.5322252290431884
2015-11-01,1.14,-116.20083500000001,43.61656,Boise,53585.51,-0.7491718855636345,0.6306486743153172,0.131028262406404,0.026668247082161145,2015-11-01,10.889033974690683,-0.020237604202359094
2016-01-03,0.77,-116.20083500000001,43.61656,Boise,106106.95,-0.7491718855636345,0.6306486743153172,-0.2613647641344075,-0.23090555664969895,2016-01-03,11.572202826698048,0.6831688520073644
2017-07-30,1.54,-116.20083500000001,43.61656,Boise,72020.82,-0.7491718855636345,0.6306486743153172,0.43178241642553783,0.019672765598704844,2017-07-30,11.184710522864236,-0.3874923038338114
2017-04-16,1.15,-116.20083500000001,43.61656,Boise,99410.94,-0.7491718855636345,0.6306486743153172,0.13976194237515863,-0.05085841723349108,2017-04-16,11.507017446950641,0.32230692408640493
2017-06-18,1.21,-116.20083500000001,43.61656,Boise,92906.33,-0.7491718855636345,0.6306486743153172,0.1906203596086497,0.0,2017-06-18,11.439347060263218,-0.06767038668742309
2015-03-08,1.14,-116.20083500000001,43.61656,Boise,65350.24,-0.7491718855636345,0.6306486743153172,0.131028262406404,0.07275935428242818,2015-03-08,11.087516391578141,-0.35183066868507673
2016-08-21,0.9,-116.20083500000001,43.61656,Boise,84013.04,-0.7491718855636345,0.6306486743153172,-0.10536051565782628,-0.03278982282299091,2016-08-21,11.338727303872503,0.2512109122943613
2016-03-27,0.81,-116.20083500000001,43.61656,Boise,101267.73,-0.7491718855636345,0.6306486743153172,-0.21072103131565253,-0.148845627597565,2016-03-27,11.525523080749736,0.1867957768772328
2017-04-09,1.21,-116.20083500000001,43.61656,Boise,95508.38,-0.7491718855636345,0.6306486743153172,0.1906203596086497,0.008298802814695111,2017-04-09,11.46696927131023,-0.0585538094395055
2017-11-19,1.42,-116.20083500000001,43.61656,Boise,60602.0,-0.7491718855636345,0.6306486743153172,0.35065687161316933,0.1436427022288432,2017-11-19,11.012083174813139,-0.45488609649709133
2015-05-31,0.97,-116.20083500000001,43.61656,Boise,76689.38,-0.7491718855636345,0.6306486743153172,-0.030459207484708574,-0.060018009726253,2015-05-31,11.247518516230203,0.23543534141706424
2016-08-07,0.76,-116.20083500000001,43.61656,Boise,70711.46,-0.7491718855636345,0.6306486743153172,-0.2744368457017603,-0.025975486403260695,2016-08-07,11.16636293210115,-0.08115558412905344
2015-05-03,1.0,-116.20083500000001,43.61656,Boise,85466.99,-0.7491718855636345,0.6306486743153172,0.0,0.040821994520255166,2015-05-03,11.355885498504712,0.18952256640356246
2017-12-03,1.14,-116.20083500000001,43.61656,Boise,86646.0,-0.7491718855636345,0.6306486743153172,0.131028262406404,-0.23361485118150524,2017-12-03,11.36958613135462,0.013700632849907635
2016-04-10,0.82,-116.20083500000001,43.61656,Boise,86897.72,-0.7491718855636345,0.6306486743153172,-0.19845093872383832,0.0,2016-04-10,11.3724870738552,0.0029009425005810385
2016-04-24,0.65,-116.20083500000001,43.61656,Boise,79562.45,-0.7491718855636345,0.6306486743153172,-0.4307829160924542,-0.03030534949532898,2016-04-24,11.284297526862801,-0.08818954699239967
2016-05-01,0.63,-116.20083500000001,43.61656,Boise,82585.83,-0.7491718855636345,0.6306486743153172,-0.4620354595965587,-0.031252543504104446,2016-05-01,11.321593395155944,0.037295868293142576
2016-08-28,0.99,-116.20083500000001,43.61656,Boise,78599.85,-0.7491718855636345,0.6306486743153172,-0.01005033585350145,0.09531017980432482,2016-08-28,11.27212507001853,-0.04946832513741306
2017-02-05,0.9,-116.20083500000001,43.61656,Boise,136090.67,-0.7491718855636345,0.6306486743153172,-0.10536051565782628,-0.03278982282299091,2017-02-05,11.821076633754824,0.5489515637362938
2015-11-08,1.11,-116.20083500000001,43.61656,Boise,55847.79,-0.7491718855636345,0.6306486743153172,0.10436001532424286,-0.026668247082161145,2015-11-08,10.930385233436894,-0.8906914003179303
2016-01-10,0.93,-116.20083500000001,43.61656,Boise,89880.9,-0.7491718855636345,0.6306486743153172,-0.07257069283483537,0.18879407129957215,2016-01-10,11.406240739600268,0.4758555061633736
2015-06-28,1.04,-116.20083500000001,43.61656,Boise,75280.41,-0.7491718855636345,0.6306486743153172,0.03922071315328133,-0.019048194970694494,2015-06-28,11.228975220578118,-0.17726551902214993
2018-02-18,1.25,-116.20083500000001,43.61656,Boise,80833.06,-0.7491718855636345,0.6306486743153172,0.22314355131420976,0.09211528890780576,2018-02-18,11.300141319242549,0.07116609866443113
2015-08-09,1.1,-116.20083500000001,43.61656,Boise,61286.98,-0.7491718855636345,0.6306486743153172,0.09531017980432493,0.02765153133051007,2015-08-09,11.023322701322229,-0.2768186179203198
2017-12-17,1.29,-116.20083500000001,43.61656,Boise,65090.38,-0.7491718855636345,0.6306486743153172,0.25464221837358075,0.17768117723745236,2017-12-17,11.083532044619755,0.06020934329752592
2015-06-21,1.06,-116.20083500000001,43.61656,Boise,81397.07,-0.7491718855636345,0.6306486743153172,0.058268908123975824,0.06831924397747727,2015-06-21,11.307094556256798,0.22356251163704322
2017-10-29,1.44,-116.20083500000001,43.61656,Boise,68520.83,-0.7491718855636345,0.6306486743153172,0.36464311358790924,0.006968669316093357,2017-10-29,11.134893065616296,-0.17220149064050183
2016-10-02,0.9,-116.20083500000001,43.61656,Boise,106259.51,-0.7491718855636345,0.6306486743153172,-0.10536051565782628,-0.011049836186584991,2016-10-02,11.573639588663603,0.4387465230473069
2017-10-22,1.43,-116.20083500000001,43.61656,Boise,83842.86,-0.7491718855636345,0.6306486743153172,0.3576744442718159,-0.24664152258151367,2017-10-22,11.336699611568468,-0.23693997709513503
2015-08-16,1.12,-116.20083500000001,43.61656,Boise,64001.61,-0.7491718855636345,0.6306486743153172,0.11332868530700327,0.018018505502678334,2015-08-16,11.066663518275396,-0.2700360932930721
