avo.csv
Date,AveragePrice,lon,lat,region,Total Volume,lon_scaled,lat_scaled,logPrice,logPriceDiff,Date,logVol,logDiffVol
2016-10-09,1.03,-116.20083500000001,43.61656,Boise,84234.53,-0.7491718855636345,0.6306486743153172,0.02955880224154443,0.1349193178993707,2016-10-09,11.341360211176317,0.27469669290092114
2018-03-04,1.22,-116.20083500000001,43.61656,Boise,91070.8,-0.7491718855636345,0.6306486743153172,0.19885085874516517,0.11267316250411276,2018-03-04,11.419392504974802,0.07803229379848453
2016-01-17,0.92,-116.20083500000001,43.61656,Boise,92385.23,-0.7491718855636345,0.6306486743153172,-0.08338160893905101,-0.01081091610421564,2016-01-17,11.433722396367797,0.014329891392995009
2017-12-10,1.08,-116.20083500000001,43.61656,Boise,85496.29,-0.7491718855636345,0.6306486743153172,0.0769610411361284,-0.054067221270275606,2017-12-10,11.356228262170534,-0.07749413419726281
2015-03-22,1.17,-116.20083500000001,43.61656,Boise,61419.11,-0.7491718855636345,0.6306486743153172,0.1570037488096647,0.1570037488096647,2015-03-22,11.025476303495818,-0.33075195867471585
2017-06-11,1.21,-116.20083500000001,43.61656,Boise,92547.42,-0.7491718855636345,0.6306486743153172,0.1906203596086497,0.01666705248521172,2017-06-11,11.435476440789738,0.4100001372939204
2015-05-10,1.06,-116.20083500000001,43.61656,Boise,95788.53,-0.7491718855636345,0.6306486743153172,0.058268908123975824,0.058268908123975824,2015-05-10,11.469898228189658,0.03442178739991952
2016-03-13,0.83,-116.20083500000001,43.61656,Boise,100144.93,-0.7491718855636345,0.6306486743153172,-0.18632957819149348,-0.035506688456909824,2016-03-13,11.514373715748619,0.04447548755896058
2016-09-25,0.91,-116.20083500000001,43.61656,Boise,87557.13,-0.7491718855636345,0.6306486743153172,-0.09431067947124129,-0.06385147198653271,2016-09-25,11.380046773575621,-0.13432694217299712
2017-05-21,1.29,-116.20083500000001,43.61656,Boise,86532.91,-0.7491718855636345,0.6306486743153172,0.25464221837358075,0.07232066157962616,2017-05-21,11.368280082990239,-0.011766690585382378
2017-02-26,0.91,-116.20083500000001,43.61656,Boise,105023.56,-0.7491718855636345,0.6306486743153172,-0.09431067947124129,-0.03243527575315376,2017-02-26,11.5619399849224,0.1936599019321612
2015-01-18,1.08,-116.20083500000001,43.61656,Boise,62870.49,-0.7491718855636345,0.6306486743153172,0.0769610411361284,-0.08855339734144493,2015-01-18,11.048832175207082,-0.5131078097153186
2016-03-20,0.94,-116.20083500000001,43.61656,Boise,83080.73,-0.7491718855636345,0.6306486743153172,-0.06187540371808753,0.12445417447340595,2016-03-20,11.32756806466305,0.2787358894559677
2017-07-16,1.49,-116.20083500000001,43.61656,Boise,72245.09,-0.7491718855636345,0.6306486743153172,0.3987761199573678,0.4189788272748872,2017-07-16,11.187819645187888,-0.13974841947516126
2015-10-11,0.94,-116.20083500000001,43.61656,Boise,80904.19,-0.7491718855636345,0.6306486743153172,-0.06187540371808753,-0.1752040890250908,2015-10-11,11.301020894041624,0.11320124885373595
2017-01-22,1.01,-116.20083500000001,43.61656,Boise,88317.73,-0.7491718855636345,0.6306486743153172,0.009950330853168092,0.009950330853168092,2017-01-22,11.388696159187866,0.0876752651462418
2017-04-02,1.2,-116.20083500000001,43.61656,Boise,94905.4,-0.7491718855636345,0.6306486743153172,0.1823215567939546,0.033901551675681374,2017-04-02,11.460635884981269,0.07193972579340269
2016-07-17,0.7,-116.20083500000001,43.61656,Boise,69052.66,-0.7491718855636345,0.6306486743153172,-0.35667494393873245,-0.06899287148695155,2016-07-17,11.142624680905012,-0.3180112040762566
2017-08-13,1.51,-116.20083500000001,43.61656,Boise,70716.83,-0.7491718855636345,0.6306486743153172,0.412109650826833,-0.019672765598704844,2017-08-13,11.166438871646237,0.02381419074122526
2017-04-30,1.03,-116.20083500000001,43.61656,Boise,109119.0,-0.7491718855636345,0.6306486743153172,0.02955880224154443,-0.10146946016485957,2017-04-30,11.600194308812423,0.4337554371661856
2018-01-28,1.12,-116.20083500000001,43.61656,Boise,105025.45,-0.7491718855636345,0.6306486743153172,0.11332868530700327,-0.1098148660072065,2018-01-28,11.561957980722523,-0.03823632808989963
2018-02-25,1.09,-116.20083500000001,43.61656,Boise,113183.43,-0.7491718855636345,0.6306486743153172,0.08617769624105241,-0.13696585507315734,2018-02-25,11.636765055945029,0.0748070752225054
2017-06-04,1.19,-116.20083500000001,43.61656,Boise,98460.27,-0.7491718855636345,0.6306486743153172,0.17395330712343798,-0.01666705248521172,2017-06-04,11.497408395538779,-0.13935666040624994
2017-01-15,1.0,-116.20083500000001,43.61656,Boise,94156.43,-0.7491718855636345,0.6306486743153172,0.0,-0.01980262729617973,2017-01-15,11.452712827026781,-0.04469556851199741
2015-11-15,1.01,-116.20083500000001,43.61656,Boise,68648.22,-0.7491718855636345,0.6306486743153172,0.009950330853168092,-0.09440968447107476,2015-11-15,11.136750482236513,-0.3159623447902682
2015-05-24,1.14,-71.0582912,42.3602534,Boston,633521.98,1.0000000000000004,0.5158318985767139,0.131028262406404,-0.10008345855698264,2015-05-24,13.359049974274031,0.0
2016-12-18,1.09,-71.0582912,42.3602534,Boston,579577.33,1.0000000000000004,0.5158318985767139,0.08617769624105241,-0.11267316250411276,2016-12-18,13.27005437548222,-0.0889955987918114
2017-06-04,1.73,-71.0582912,42.3602534,Boston,590580.03,1.0000000000000004,0.5158318985767139,0.5481214085096876,0.0,2017-06-04,13.288860434648832,0.0188060591666126
2017-02-05,1.19,-71.0582912,42.3602534,Boston,772110.18,1.0000000000000004,0.5158318985767139,0.17395330712343798,-0.10367842947484157,2017-02-05,13.556882539030607,0.26802210438177454
2015-06-07,1.25,-71.0582912,42.3602534,Boston,562542.86,1.0000000000000004,0.5158318985767139,0.22314355131420976,-0.007968169649176876,2015-06-07,13.240222605713534,-0.316659933317073
2017-06-18,1.66,-71.0582912,42.3602534,Boston,581303.33,1.0000000000000004,0.5158318985767139,0.5068176023684519,-0.03550668845690985,2017-06-18,13.273027982212515,0.032805376498981076
2015-06-28,1.25,-71.0582912,42.3602534,Boston,560494.92,1.0000000000000004,0.5158318985767139,0.22314355131420976,0.008032171697264279,2015-06-28,13.236575458116972,-0.03645252409554267
2017-07-30,1.48,-71.0582912,42.3602534,Boston,568255.53,1.0000000000000004,0.5158318985767139,0.3920420877760237,0.07723134793599007,2017-07-30,13.250326473299642,0.013751015182670301
2017-01-15,1.3,-71.0582912,42.3602534,Boston,577976.65,1.0000000000000004,0.5158318985767139,0.26236426446749106,0.17618656822643863,2017-01-15,13.267288748914622,0.016962275614979205
2015-04-26,1.28,-71.0582912,42.3602534,Boston,465911.37,1.0000000000000004,0.5158318985767139,0.2468600779315258,0.10709813555636719,2015-04-26,13.051750701885728,-0.21553804702889323
2015-08-30,1.13,-71.0582912,42.3602534,Boston,526664.87,1.0000000000000004,0.5158318985767139,0.12221763272424911,0.05455898425043425,2015-08-30,13.174319704936815,0.12256900305108687
2016-12-11,1.22,-71.0582912,42.3602534,Boston,510800.58,1.0000000000000004,0.5158318985767139,0.19885085874516517,-0.03226086221822147,2016-12-11,13.143734538613643,-0.03058516632317243
2017-01-08,1.09,-71.0582912,42.3602534,Boston,730358.49,1.0000000000000004,0.5158318985767139,0.08617769624105241,-0.16846452213252833,2017-01-08,13.501290774774958,0.35755623616131516
2015-05-17,1.26,-71.0582912,42.3602534,Boston,534488.54,1.0000000000000004,0.5158318985767139,0.23111172096338664,0.10008345855698264,2015-05-17,13.189065568618695,-0.31222520615626337
2017-04-16,1.61,-71.0582912,42.3602534,Boston,592049.78,1.0000000000000004,0.5158318985767139,0.4762341789963717,0.05096644359202762,2017-04-16,13.291345998168797,0.10228042955010253
2017-02-12,1.12,-71.0582912,42.3602534,Boston,791126.41,1.0000000000000004,0.5158318985767139,0.11332868530700327,-0.060624621816434715,2017-02-12,13.581213044348099,0.28986704617930137
2017-07-02,1.67,-71.0582912,42.3602534,Boston,545128.14,1.0000000000000004,0.5158318985767139,0.5128236264286637,-0.0059701669865037665,2017-07-02,13.208776165275234,-0.3724368790728647
2015-08-16,1.15,-71.0582912,42.3602534,Boston,565795.06,1.0000000000000004,0.5158318985767139,0.13976194237515863,0.07210329390134376,2015-08-16,13.245987206811135,0.037211041535901046
2017-03-19,1.54,-71.0582912,42.3602534,Boston,540540.5,1.0000000000000004,0.5158318985767139,0.43178241642553783,-0.006472514505617477,2017-03-19,13.200324843874037,-0.045662362937097356
2017-06-25,1.68,-71.0582912,42.3602534,Boston,545889.03,1.0000000000000004,0.5158318985767139,0.5187937934151675,0.011976191046715656,2017-06-25,13.210170992312396,0.009846148438358071
2017-05-28,1.73,-71.0582912,42.3602534,Boston,602637.88,1.0000000000000004,0.5158318985767139,0.5481214085096876,0.023392879574705483,2017-05-28,13.309071764638617,0.09890077232622119
2015-04-19,1.15,-71.0582912,42.3602534,Boston,504619.83,1.0000000000000004,0.5158318985767139,0.13976194237515863,-0.09134977858822801,2015-04-19,13.131560612871152,-0.17751115176746524
2017-03-05,1.3,-71.0582912,42.3602534,Boston,620307.93,1.0000000000000004,0.5158318985767139,0.26236426446749106,0.04725288485054557,2017-03-05,13.337971295016201,0.20641068214504976
2015-06-14,1.08,-71.0582912,42.3602534,Boston,684346.48,1.0000000000000004,0.5158318985767139,0.0769610411361284,-0.14618251017808137,2015-06-14,13.436219618059296,0.09824832304309439
2017-04-30,1.61,-71.0582912,42.3602534,Boston,603284.31,1.0000000000000004,0.5158318985767139,0.4762341789963717,-0.0123458358222992,2017-04-30,13.310143857128956,-0.12607576093033934
2017-01-01,1.29,-71.0582912,42.3602534,Boston,458830.49,1.0000000000000004,0.5158318985767139,0.25464221837358075,0.007782140442054941,2017-01-01,13.036436118001353,-0.2737077391276035
2017-04-23,1.63,-71.0582912,42.3602534,Boston,520793.48,1.0000000000000004,0.5158318985767139,0.4885800148186709,0.0123458358222992,2017-04-23,13.163108850596902,0.12667273259554968
2017-07-16,1.56,-71.0582912,42.3602534,Boston,594015.93,1.0000000000000004,0.5158318985767139,0.44468582126144574,-0.08004270767353638,2017-07-16,13.294661416167,0.13155256557009665
2017-01-29,1.32,-71.0582912,42.3602534,Boston,604106.12,1.0000000000000004,0.5158318985767139,0.27763173659827955,0.046520015634892914,2017-01-29,13.311505156848568,0.01684374068156913
2015-08-09,1.07,-71.0582912,42.3602534,Boston,690517.19,1.0000000000000004,0.5158318985767139,0.06765864847381486,-0.08934510033584983,2015-08-09,13.445196146525229,0.13369098967666027
2017-08-27,1.79,-71.0582912,42.3602534,Boston,455915.26,1.0000000000000004,0.5158318985767139,0.5822156198526637,0.011236073266925883,2017-08-27,13.030062237894036,-0.4151339086311925
2017-05-07,1.49,-71.0582912,42.3602534,Boston,676849.88,1.0000000000000004,0.5158318985767139,0.3987761199573678,-0.07745805903900393,2017-05-07,13.42520478432205,0.39514254642801383
2017-08-06,1.55,-71.0582912,42.3602534,Boston,604758.68,1.0000000000000004,0.5158318985767139,0.4382549309311553,0.04621284315513163,2017-08-06,13.312584781407715,-0.11262000291433516
2017-07-09,1.69,-71.0582912,42.3602534,Boston,560021.69,1.0000000000000004,0.5158318985767139,0.5247285289349821,0.011904902506318371,2017-07-09,13.23573079410412,-0.07685398730359516
2015-06-21,1.24,-71.0582912,42.3602534,Boston,543504.66,1.0000000000000004,0.5158318985767139,0.2151113796169455,0.1381503384808171,2015-06-21,13.205793559563682,-0.029937234540437174
2017-07-23,1.37,-71.0582912,42.3602534,Boston,686734.63,1.0000000000000004,0.5158318985767139,0.3148107398400336,-0.12987508142141213,2017-07-23,13.439703222928035,0.23390966336435248
2017-03-12,1.55,-71.0582912,42.3602534,Boston,495117.57,1.0000000000000004,0.5158318985767139,0.4382549309311553,0.17589066646366425,2017-03-12,13.112550528500085,-0.3271526944279497
2017-04-09,1.53,-71.0582912,42.3602534,Boston,629799.49,1.0000000000000004,0.5158318985767139,0.4252677354043441,-0.01941808585710164,2017-04-09,13.35315677786785,0.2406062493677652
2015-07-26,1.28,-71.0582912,42.3602534,Boston,500233.69,1.0000000000000004,0.5158318985767139,0.2468600779315258,0.08134563945395248,2015-07-26,13.122830648216317,-0.23032612965153376
2017-03-26,1.51,-71.0582912,42.3602534,Boston,550948.58,1.0000000000000004,0.5158318985767139,0.412109650826833,-0.019672765598704844,2017-03-26,13.219396762546234,0.09656611432991724
2015-08-23,1.07,-71.0582912,42.3602534,Boston,589471.32,1.0000000000000004,0.5158318985767139,0.06765864847381486,-0.07210329390134376,2015-08-23,13.286981346376553,0.06758458383031929
2017-05-14,1.62,-71.0582912,42.3602534,Boston,610348.46,1.0000000000000004,0.5158318985767139,0.4824261492442928,0.083650029286925,2017-05-14,13.321785318952303,0.03480397257574985
2017-05-21,1.69,-71.0582912,42.3602534,Boston,572421.46,1.0000000000000004,0.5158318985767139,0.5247285289349821,0.04230237969068934,2017-05-21,13.257630817226502,-0.06415450172580073
2017-08-13,1.52,-71.0582912,42.3602534,Boston,624419.06,1.0000000000000004,0.5158318985767139,0.41871033485818504,-0.019544596072970266,2017-08-13,13.34457699246182,0.08694617523531711
2015-07-05,1.27,-71.0582912,42.3602534,Boston,582909.73,1.0000000000000004,0.5158318985767139,0.23901690047049992,0.015873349156290156,2015-07-05,13.275787616294393,-0.06878937616742675
2017-06-11,1.72,-71.0582912,42.3602534,Boston,583709.06,1.0000000000000004,0.5158318985767139,0.5423242908253617,-0.005797117684325892,2017-06-11,13.277157952743515,0.0013703364491224335
2015-08-02,1.17,-71.0582912,42.3602534,Boston,571994.5,1.0000000000000004,0.5158318985767139,0.1570037488096647,-0.08985632912186112,2015-08-02,13.256884654931092,-0.020273297812423152
2015-05-10,1.14,-71.0582912,42.3602534,Boston,625558.14,1.0000000000000004,0.5158318985767139,0.131028262406404,-0.025975486403260695,2015-05-10,13.34639955420984,0.08951489927874867
2017-04-02,1.56,-71.0582912,42.3602534,Boston,571902.2,1.0000000000000004,0.5158318985767139,0.44468582126144574,0.03257617043461275,2017-04-02,13.256723276722377,-0.0896762774874631
2015-05-31,1.26,-71.0582912,42.3602534,Boston,565160.95,1.0000000000000004,0.5158318985767139,0.23111172096338664,0.10008345855698264,2015-05-31,13.244865836818242,-0.011857439904135347
2017-01-22,1.26,-71.0582912,42.3602534,Boston,663735.14,1.0000000000000004,0.5158318985767139,0.23111172096338664,-0.03125254350410442,2017-01-22,13.405638463340402,0.16077262652216007
2016-12-25,1.28,-71.0582912,42.3602534,Boston,447600.75,1.0000000000000004,0.5158318985767139,0.2468600779315258,0.16068238169047339,2016-12-25,13.01165693102172,-0.3939815323186817
2015-05-03,1.17,-71.0582912,42.3602534,Boston,552368.94,1.0000000000000004,0.5158318985767139,0.1570037488096647,-0.08985632912186112,2015-05-03,13.221971471564986,0.2103145405432656
2017-02-19,1.31,-71.0582912,42.3602534,Boston,521125.33,1.0000000000000004,0.5158318985767139,0.2700271372130602,0.15669845190605694,2017-02-19,13.163745848428281,-0.058225623136705096
2017-02-26,1.24,-71.0582912,42.3602534,Boston,599178.18,1.0000000000000004,0.5158318985767139,0.2151113796169455,-0.05491575759611472,2017-02-26,13.303314295301803,0.13956844687352188
2015-07-12,1.14,-71.0582912,42.3602534,Boston,634515.74,1.0000000000000004,0.5158318985767139,0.131028262406404,-0.10798863806409592,2015-07-12,13.360617372763487,0.05730307746168428
2017-08-20,1.77,-71.0582912,42.3602534,Boston,474982.44,1.0000000000000004,0.5158318985767139,0.5709795465857378,0.15226921172755276,2017-08-20,13.071033113912376,-0.28958425885111083
2017-09-03,1.81,-71.0582912,42.3602534,Boston,457862.0,1.0000000000000004,0.5158318985767139,0.5933268452777344,0.011111225425070703,2017-09-03,13.034323107649662,-0.036710006262714145
2015-07-19,1.18,-71.0582912,42.3602534,Boston,597168.12,1.0000000000000004,0.5158318985767139,0.16551443847757333,0.03448617607116933,2015-07-19,13.29995396077084,0.26563085312117707
2018-02-04,1.39,-71.0582912,42.3602534,Boston,725934.21,1.0000000000000004,0.5158318985767139,0.3293037471426003,0.13045288839743513,2018-02-04,13.495214669865996,0.19526070909515703
2016-01-03,1.01,-71.0582912,42.3602534,Boston,610622.03,1.0000000000000004,0.5158318985767139,0.009950330853168092,-0.11226730187108103,2016-01-03,13.322233437898369,-0.17298123196762738
2016-09-25,1.53,-71.0582912,42.3602534,Boston,483057.37,1.0000000000000004,0.5158318985767139,0.4252677354043441,0.05370417897186108,2016-09-25,13.087890704049014,-0.23434273384935445
2015-03-22,1.18,-71.0582912,42.3602534,Boston,453173.22,1.0000000000000004,0.5158318985767139,0.16551443847757333,-0.05762911283663644,2015-03-22,13.02402971548096,-0.06386098856805411
2015-01-25,1.17,-71.0582912,42.3602534,Boston,409343.56,1.0000000000000004,0.5158318985767139,0.1570037488096647,-0.05001042057466143,2015-01-25,12.922310082422383,-0.10171963305857723
2017-11-26,1.39,-71.0582912,42.3602534,Boston,423778.0,1.0000000000000004,0.5158318985767139,0.3293037471426003,0.02181904739463958,2017-11-26,12.956965012189993,0.0346549297676102
2016-04-17,1.08,-71.0582912,42.3602534,Boston,617179.71,1.0000000000000004,0.5158318985767139,0.0769610411361284,0.08701137698962985,2016-04-17,13.332915524659871,0.37595051246987765
2018-02-11,1.3,-71.0582912,42.3602534,Boston,834304.52,1.0000000000000004,0.5158318985767139,0.26236426446749106,-0.06693948267510924,2018-02-11,13.634353746590941,0.30143822193107006
2016-10-02,1.59,-71.0582912,42.3602534,Boston,459163.77,1.0000000000000004,0.5158318985767139,0.4637340162321402,0.03846628082779613,2016-10-02,13.037162222791252,-0.5971915237996885
2017-10-22,1.48,-71.0582912,42.3602534,Boston,435243.72,1.0000000000000004,0.5158318985767139,0.3920420877760237,-0.07169192845611655,2017-10-22,12.98366142903697,-0.05350079375428329
2018-02-18,1.51,-71.0582912,42.3602534,Boston,515022.94,1.0000000000000004,0.5158318985767139,0.412109650826833,0.14974538635934193,2018-02-18,13.151966722343152,0.16830529330618305
2016-08-07,1.48,-71.0582912,42.3602534,Boston,525387.25,1.0000000000000004,0.5158318985767139,0.3920420877760237,-0.08419209122034804,2016-08-07,13.17189088871415,0.019924166370998364
