avo.csv
Date,AveragePrice,lon,lat,region,Total Volume,lon_scaled,lat_scaled,logPrice,logPriceDiff,Date,logVol,logDiffVol
2016-10-09,1.49,-71.0582912,42.3602534,Boston,468135.46,1.0000000000000004,0.5158318985767139,0.3987761199573678,-0.06495789627477244,2016-10-09,13.056512977463266,-0.11537791125088503
2017-10-29,1.49,-71.0582912,42.3602534,Boston,465106.32,1.0000000000000004,0.5158318985767139,0.3987761199573678,0.006734032181344107,2017-10-29,13.050021303595463,-0.006491673867802916
2016-04-10,0.99,-71.0582912,42.3602534,Boston,652546.84,1.0000000000000004,0.5158318985767139,-0.01005033585350145,-0.11441035117774431,2016-04-10,13.388638201043147,0.3386168974476842
2016-01-10,1.15,-71.0582912,42.3602534,Boston,536674.53,1.0000000000000004,0.5158318985767139,0.13976194237515863,0.12981161152199053,2016-01-10,13.193147100359107,-0.1954911006840394
2017-10-15,1.59,-71.0582912,42.3602534,Boston,418233.95,1.0000000000000004,0.5158318985767139,0.4637340162321402,-0.012500162764231493,2017-10-15,12.94379624393464,-0.24935085642446708
2016-06-05,1.26,-71.0582912,42.3602534,Boston,634989.55,1.0000000000000004,0.5158318985767139,0.23111172096338664,0.15415067982725825,2016-06-05,13.361363821046503,0.4175675771118623
2015-12-06,1.02,-71.0582912,42.3602534,Boston,488679.31,1.0000000000000004,0.5158318985767139,0.01980262729617973,-0.15415067982725825,2015-12-06,13.099461745550068,-0.26190207549643496
2015-10-04,1.07,-71.0582912,42.3602534,Boston,536479.42,1.0000000000000004,0.5158318985767139,0.06765864847381486,0.0,2015-10-04,13.192783480578088,0.09332173502802021
2016-04-03,1.11,-71.0582912,42.3602534,Boston,559718.46,1.0000000000000004,0.5158318985767139,0.10436001532424286,0.02739897418811446,2016-04-03,13.235189186290176,0.04240570571208835
2016-03-27,1.08,-71.0582912,42.3602534,Boston,639420.34,1.0000000000000004,0.5158318985767139,0.0769610411361284,-0.01834913866819654,2016-03-27,13.368317326174797,0.13312813988462047
2016-06-12,1.29,-71.0582912,42.3602534,Boston,632855.52,1.0000000000000004,0.5158318985767139,0.25464221837358075,0.023530497410194112,2016-06-12,13.357997428628632,-0.01031989754616447
2017-11-19,1.36,-71.0582912,42.3602534,Boston,476236.0,1.0000000000000004,0.5158318985767139,0.3074846997479607,0.1004705303636346,2017-11-19,13.073668808665508,-0.28432861996312475
2016-10-16,1.6,-71.0582912,42.3602534,Boston,453605.17,1.0000000000000004,0.5158318985767139,0.47000362924573563,0.07122750928836785,2016-10-16,13.024982429037957,-0.048686379627550735
2018-02-25,1.41,-71.0582912,42.3602534,Boston,527274.99,1.0000000000000004,0.5158318985767139,0.34358970439007686,-0.06851994643675613,2018-02-25,13.17547749408838,0.1504950650504231
2015-01-18,1.23,-71.0582912,42.3602534,Boston,401331.33,1.0000000000000004,0.5158318985767139,0.20701416938432612,0.11170398958000119,2015-01-18,12.902542624475982,-0.27293486961239743
2015-03-01,1.11,-71.0582912,42.3602534,Boston,485736.1,1.0000000000000004,0.5158318985767139,0.10436001532424286,-0.10265415406008327,2015-03-01,13.09342075128728,0.19087812681129712
2015-09-27,1.07,-71.0582912,42.3602534,Boston,553307.04,1.0000000000000004,0.5158318985767139,0.06765864847381486,-0.07210329390134376,2015-09-27,13.223668352463308,0.13024760117602874
2016-07-10,1.32,-71.0582912,42.3602534,Boston,549815.44,1.0000000000000004,0.5158318985767139,0.27763173659827955,-0.044451762570833664,2016-07-10,13.217337937258215,-0.006330415205093587
2016-08-14,1.29,-71.0582912,42.3602534,Boston,602605.29,1.0000000000000004,0.5158318985767139,0.25464221837358075,-0.13739986940244292,2016-08-14,13.30901768426576,0.09167974700754478
2015-03-08,1.17,-71.0582912,42.3602534,Boston,408403.96,1.0000000000000004,0.5158318985767139,0.1570037488096647,0.05264373348542184,2015-03-08,12.92001206160174,-0.38900562266401906
2016-08-21,1.31,-71.0582912,42.3602534,Boston,586072.78,1.0000000000000004,0.5158318985767139,0.2700271372130602,0.015384918839479456,2016-08-21,13.281199258799441,0.361187197197701
2016-08-28,1.37,-71.0582912,42.3602534,Boston,582023.28,1.0000000000000004,0.5158318985767139,0.3148107398400336,0.044783602626973396,2016-08-28,13.274265725913596,-0.00693353288584575
2016-05-15,1.06,-71.0582912,42.3602534,Boston,709563.16,1.0000000000000004,0.5158318985767139,0.058268908123975824,0.22078783762175075,2016-05-15,13.472404792057079,0.19813906614348298
2015-10-25,1.02,-71.0582912,42.3602534,Boston,534249.47,1.0000000000000004,0.5158318985767139,0.01980262729617973,0.08167803101426727,2015-10-25,13.188618181135979,-0.2837866109210996
2016-09-04,1.41,-71.0582912,42.3602534,Boston,541671.24,1.0000000000000004,0.5158318985767139,0.34358970439007686,0.02877896455004325,2016-09-04,13.202414528119146,0.013796346983166785
2016-05-08,0.85,-71.0582912,42.3602534,Boston,924194.42,1.0000000000000004,0.5158318985767139,-0.16251892949777494,-0.211309093667207,2016-05-08,13.73667773974589,0.5342632116267438
2015-03-15,1.25,-71.0582912,42.3602534,Boston,417750.36,1.0000000000000004,0.5158318985767139,0.22314355131420976,0.06613980250454507,2015-03-15,12.942639308216695,-0.7940384315291951
2015-12-20,1.07,-71.0582912,42.3602534,Boston,489802.88,1.0000000000000004,0.5158318985767139,0.06765864847381486,0.05770831762064677,2015-12-20,13.101758303433918,0.1591189952172236
2016-05-22,1.05,-71.0582912,42.3602534,Boston,665086.17,1.0000000000000004,0.5158318985767139,0.04879016416943205,-0.009478743954543775,2016-05-22,13.407671890190732,0.3059135867568141
2017-11-12,1.23,-71.0582912,42.3602534,Boston,639092.0,1.0000000000000004,0.5158318985767139,0.20701416938432612,-0.19176195057304166,2017-11-12,13.367803697957148,-0.039868192233583954
2018-01-14,1.49,-71.0582912,42.3602534,Boston,533150.49,1.0000000000000004,0.5158318985767139,0.3987761199573678,0.15191604202584197,2018-01-14,13.186559008511832,-0.18124468944531635
2016-04-24,1.07,-71.0582912,42.3602534,Boston,626895.08,1.0000000000000004,0.5158318985767139,0.06765864847381486,-0.00930239266231353,2016-04-24,13.348534469089614,0.16197546057778212
2015-12-13,1.01,-71.0582912,42.3602534,Boston,549945.76,1.0000000000000004,0.5158318985767139,0.009950330853168092,-0.009852296443011638,2015-12-13,13.217574934163743,-0.13095953492587142
2015-10-18,0.94,-71.0582912,42.3602534,Boston,725296.29,1.0000000000000004,0.5158318985767139,-0.06187540371808753,-0.19290366612449153,2015-10-18,13.494335526213646,0.27676059204990366
2015-11-01,1.06,-71.0582912,42.3602534,Boston,553096.84,1.0000000000000004,0.5158318985767139,0.058268908123975824,0.038466280827796094,2015-11-01,13.223288382713871,-0.271047143499775
2015-02-01,1.22,-71.0582912,42.3602534,Boston,490022.14,1.0000000000000004,0.5158318985767139,0.19885085874516517,0.041847109935500476,2015-02-01,13.102205852739527,-0.12108252997434477
2016-09-11,1.27,-71.0582912,42.3602534,Boston,672672.86,1.0000000000000004,0.5158318985767139,0.23901690047049992,-0.10457280391957693,2016-09-11,13.419014398320973,0.31680854558144667
2015-12-27,1.13,-71.0582912,42.3602534,Boston,450816.39,1.0000000000000004,0.5158318985767139,0.12221763272424911,0.05455898425043425,2015-12-27,13.01881541807335,-0.4001989802476231
2016-05-29,1.08,-71.0582912,42.3602534,Boston,673496.13,1.0000000000000004,0.5158318985767139,0.0769610411361284,0.028170876966696345,2016-05-29,13.420237528713598,0.40142211064024735
2018-01-07,1.28,-71.0582912,42.3602534,Boston,685417.51,1.0000000000000004,0.5158318985767139,0.2468600779315258,-0.08961215868968708,2018-01-07,13.437783435222089,0.017545906508491527
2016-09-18,1.45,-71.0582912,42.3602534,Boston,489600.6,1.0000000000000004,0.5158318985767139,0.371563556432483,0.1325466559619831,2016-09-18,13.101345235669699,-0.33643819955238996
2017-11-05,1.49,-71.0582912,42.3602534,Boston,440972.34,1.0000000000000004,0.5158318985767139,0.3987761199573678,0.0,2017-11-05,12.996737431373498,-0.10460780429620087
2016-05-01,1.05,-71.0582912,42.3602534,Boston,716003.18,1.0000000000000004,0.5158318985767139,0.04879016416943205,-0.018868484304382815,2016-05-01,13.481439887273702,0.48470245590020333
2015-10-11,1.14,-71.0582912,42.3602534,Boston,485706.68,1.0000000000000004,0.5158318985767139,0.131028262406404,0.06336961393258914,2015-10-11,13.093360181584947,-0.38807970568875483
2015-02-08,1.04,-71.0582912,42.3602534,Boston,609985.34,1.0000000000000004,0.5158318985767139,0.03922071315328133,-0.15963014559188385,2015-02-08,13.321190203073817,0.22783002148887022
2018-01-28,1.22,-71.0582912,42.3602534,Boston,800274.4,1.0000000000000004,0.5158318985767139,0.19885085874516517,0.0855221734381619,2018-01-28,13.592709947839012,0.2715197447651949
2017-12-03,1.4,-71.0582912,42.3602534,Boston,488588.0,1.0000000000000004,0.5158318985767139,0.3364722366212129,0.007168489478612594,2017-12-03,13.099274877536923,-0.49343507030208933
2016-07-31,1.61,-71.0582912,42.3602534,Boston,508949.6,1.0000000000000004,0.5158318985767139,0.4762341789963717,0.057523844138186675,2016-07-31,13.140104272948356,0.04082939541143382
2016-01-17,1.02,-71.0582912,42.3602534,Boston,665217.66,1.0000000000000004,0.5158318985767139,0.01980262729617973,-0.11995931507897889,2016-01-17,13.407869574355,0.26776530140664434
2015-09-13,1.03,-71.0582912,42.3602534,Boston,655682.95,1.0000000000000004,0.5158318985767139,0.02955880224154443,-0.07480121308269842,2015-09-13,13.393432643168476,-0.014436931186525115
2017-10-08,1.61,-71.0582912,42.3602534,Boston,451608.73,1.0000000000000004,0.5158318985767139,0.4762341789963717,-0.006191970247921064,2017-10-08,13.020571442337404,-0.3728612008310712
2015-02-15,1.2,-71.0582912,42.3602534,Boston,399883.99,1.0000000000000004,0.5158318985767139,0.1823215567939546,0.14310084364067327,2015-02-15,12.898929759024735,-0.121641683312669
2016-02-28,1.08,-71.0582912,42.3602534,Boston,652943.0,1.0000000000000004,0.5158318985767139,0.0769610411361284,-0.054067221270275606,2016-02-28,13.389245115015239,0.4903153559905036
2016-11-20,1.39,-71.0582912,42.3602534,Boston,475677.35,1.0000000000000004,0.5158318985767139,0.3293037471426003,-0.11538207411884543,2016-11-20,13.072495067244324,-0.3167500477709151
2017-09-17,1.58,-71.0582912,42.3602534,Boston,462796.84,1.0000000000000004,0.5158318985767139,0.4574248470388755,-0.031155167779795434,2017-09-17,13.04504344627489,-0.02745162096943332
2017-12-24,1.45,-71.0582912,42.3602534,Boston,414147.94,1.0000000000000004,0.5158318985767139,0.371563556432483,0.1247034785009572,2017-12-24,12.93397853197082,-0.1110649143040714
2015-11-29,1.19,-71.0582912,42.3602534,Boston,350559.81,1.0000000000000004,0.5158318985767139,0.17395330712343798,0.10629465864962312,2015-11-29,12.767286612839188,-0.1666919191316314
2016-02-21,1.14,-71.0582912,42.3602534,Boston,553709.44,1.0000000000000004,0.5158318985767139,0.131028262406404,0.15123096972392347,2016-02-21,13.224395351609198,0.45710873877001035
2016-07-17,1.56,-71.0582912,42.3602534,Boston,488508.05,1.0000000000000004,0.5158318985767139,0.44468582126144574,0.16705408466316618,2016-07-17,13.099111229346597,-0.12528412226260066
2015-09-06,1.11,-71.0582912,42.3602534,Boston,577774.74,1.0000000000000004,0.5158318985767139,0.10436001532424286,-0.017857617400006257,2015-09-06,13.266939348509307,0.16782811916271
2016-06-26,1.33,-71.0582912,42.3602534,Boston,626972.88,1.0000000000000004,0.5158318985767139,0.28517894223366247,0.007547205635382914,2016-06-26,13.348658565091078,0.08171921658177084
2016-01-31,1.03,-71.0582912,42.3602534,Boston,651616.91,1.0000000000000004,0.5158318985767139,0.02955880224154443,-0.01923136192788762,2016-01-31,13.387212106877282,0.03855354178620374
2018-03-18,1.38,-71.0582912,42.3602534,Boston,602177.43,1.0000000000000004,0.5158318985767139,0.3220834991691132,0.029413885206293178,2018-03-18,13.308307415084629,-0.07890469179265303
2016-02-14,0.98,-71.0582912,42.3602534,Boston,751656.56,1.0000000000000004,0.5158318985767139,-0.020202707317519466,-0.06899287148695152,2016-02-14,13.530034796484138,0.22172738139950887
2016-11-27,1.45,-71.0582912,42.3602534,Boston,391257.01,1.0000000000000004,0.5158318985767139,0.371563556432483,0.04225980928988271,2016-11-27,12.877119937608901,-0.6529148588752367
2017-12-10,1.14,-71.0582912,42.3602534,Boston,687251.82,1.0000000000000004,0.5158318985767139,0.131028262406404,-0.2054439742148089,2017-12-10,13.440456054259707,0.563336116650806
2018-03-25,1.39,-71.0582912,42.3602534,Boston,641462.43,1.0000000000000004,0.5158318985767139,0.3293037471426003,0.007220247973487082,2018-03-25,13.37150589546152,-0.068950158798188
2017-12-17,1.28,-71.0582912,42.3602534,Boston,516770.62,1.0000000000000004,0.5158318985767139,0.2468600779315258,0.11583181552512181,2017-12-17,13.155354379989314,-0.21615151547220535
2016-07-03,1.38,-71.0582912,42.3602534,Boston,585484.69,1.0000000000000004,0.5158318985767139,0.3220834991691132,0.03690455693545075,2016-07-03,13.28019531308708,0.12484093309776689
2016-12-04,1.26,-71.0582912,42.3602534,Boston,473428.36,1.0000000000000004,0.5158318985767139,0.23111172096338664,-0.14045183546909637,2016-12-04,13.06775588132301,-0.21243943176407143
2015-04-12,1.26,-71.0582912,42.3602534,Boston,408485.16,1.0000000000000004,0.5158318985767139,0.23111172096338664,-0.00790517950711328,2015-04-12,12.92021086459294,-0.14754501673006892
2015-02-22,1.23,-71.0582912,42.3602534,Boston,355432.28,1.0000000000000004,0.5158318985767139,0.20701416938432612,0.024692612590371532,2015-02-22,12.78109001781506,-0.13912084677787995
2016-02-07,1.05,-71.0582912,42.3602534,Boston,678810.37,1.0000000000000004,0.5158318985767139,0.04879016416943205,0.01923136192788762,2016-02-07,13.428097089184856,0.6470070713697957
2017-09-10,1.63,-71.0582912,42.3602534,Boston,524513.26,1.0000000000000004,0.5158318985767139,0.4885800148186709,-0.10474683045906347,2017-09-10,13.170225987719133,-0.2578711014657227
2015-01-04,1.02,-71.0582912,42.3602534,Boston,491738.0,1.0000000000000004,0.5158318985767139,0.01980262729617973,0.0,2015-01-04,13.105701333309936,-0.06452465440919752
2015-11-22,1.07,-71.0582912,42.3602534,Boston,466759.99,1.0000000000000004,0.5158318985767139,0.06765864847381486,0.018868484304382815,2015-11-22,13.053570464495756,-0.05213086881417972
2016-11-13,1.56,-71.0582912,42.3602534,Boston,397601.1,1.0000000000000004,0.5158318985767139,0.44468582126144574,-0.037740327982847044,2016-11-13,12.893204520360326,-0.16036594413542993
2015-04-05,1.27,-71.0582912,42.3602534,Boston,449818.01,1.0000000000000004,0.5158318985767139,0.23901690047049992,0.06506359334706194,2015-04-05,13.016598357723558,0.12339383736323128
2018-01-21,1.12,-71.0582912,42.3602534,Boston,999783.13,1.0000000000000004,0.5158318985767139,0.11332868530700327,-0.2854474346503645,2018-01-21,13.815293664444575,0.798695306721017
2017-12-31,1.4,-71.0582912,42.3602534,Boston,419696.59,1.0000000000000004,0.5158318985767139,0.3364722366212129,-0.035091319811270116,2017-12-31,12.94728732443759,-0.8680063400069837
2016-11-06,1.62,-71.0582912,42.3602534,Boston,366175.49,1.0000000000000004,0.5158318985767139,0.4824261492442928,-0.03039747718437097,2016-11-06,12.810867978343596,-0.13641934609399442
2016-03-20,1.1,-71.0582912,42.3602534,Boston,645235.38,1.0000000000000004,0.5158318985767139,0.09531017980432493,0.046520015634892886,2016-03-20,13.377370459439625,0.5665024810960286
2015-09-20,1.15,-71.0582912,42.3602534,Boston,498640.23,1.0000000000000004,0.5158318985767139,0.13976194237515863,0.1102031401336142,2015-09-20,13.119640132737239,-0.2577303267023865
2016-10-30,1.67,-71.0582912,42.3602534,Boston,376500.91,1.0000000000000004,0.5158318985767139,0.5128236264286637,0.055398779389788266,2016-10-30,12.838675743217836,-0.2809643895194025
2015-11-15,1.05,-71.0582912,42.3602534,Boston,513738.98,1.0000000000000004,0.5158318985767139,0.04879016416943205,0.00956945101615072,2015-11-15,13.149470594440869,0.31079485122303296
2016-03-13,1.05,-71.0582912,42.3602534,Boston,651211.44,1.0000000000000004,0.5158318985767139,0.04879016416943205,-0.046520015634892886,2016-03-13,13.386589661083727,0.2371190666428582
2016-07-24,1.52,-71.0582912,42.3602534,Boston,509094.85,1.0000000000000004,0.5158318985767139,0.41871033485818504,-0.025975486403260695,2016-07-24,13.140389623948474,-0.24620003713525307
2017-10-01,1.62,-71.0582912,42.3602534,Boston,482271.83,1.0000000000000004,0.5158318985767139,0.4824261492442928,0.0,2017-10-01,13.086263196721166,-0.05412642722730787
2016-03-06,1.1,-71.0582912,42.3602534,Boston,600639.74,1.0000000000000004,0.5158318985767139,0.09531017980432493,0.01834913866819654,2016-03-06,13.305750599508583,0.21948740278741674
2017-09-24,1.62,-71.0582912,42.3602534,Boston,498019.71,1.0000000000000004,0.5158318985767139,0.4824261492442928,0.025001302205417297,2017-09-24,13.118394933536843,-0.18735566597174014
2015-03-29,1.19,-71.0582912,42.3602534,Boston,453631.25,1.0000000000000004,0.5158318985767139,0.17395330712343798,0.008438868645864656,2015-03-29,13.025039922320705,-0.0933550112161381
2018-03-11,1.34,-71.0582912,42.3602534,Boston,629090.87,1.0000000000000004,0.5158318985767139,0.29266961396282004,0.11871630683938206,2018-03-11,13.35203099265675,0.3269910703360459
2015-01-11,1.1,-71.0582912,42.3602534,Boston,437771.89,1.0000000000000004,0.5158318985767139,0.09531017980432493,0.0755075525081452,2015-01-11,12.989453254608877,-0.3625777380478734
2018-03-04,1.19,-71.0582912,42.3602534,Boston,785188.72,1.0000000000000004,0.5158318985767139,0.17395330712343798,-0.16963639726663887,2018-03-04,13.57367937551457,0.5842261209056936
2015-11-08,1.04,-71.0582912,42.3602534,Boston,641759.57,1.0000000000000004,0.5158318985767139,0.03922071315328133,-0.019048194970694494,2015-11-08,13.371969010971245,-0.20171036454332558
2016-01-24,1.05,-71.0582912,42.3602534,Boston,670376.77,1.0000000000000004,0.5158318985767139,0.04879016416943205,0.02898753687325232,2016-01-24,13.415595176594998,0.043626165623752655
2016-10-23,1.58,-71.0582912,42.3602534,Boston,439551.69,1.0000000000000004,0.5158318985767139,0.4574248470388755,-0.01257878220686015,2016-10-23,12.993510600113249,-0.42208457648174935
2016-06-19,1.32,-71.0582912,42.3602534,Boston,649660.14,1.0000000000000004,0.5158318985767139,0.27763173659827955,0.0229895182246988,2016-06-19,13.384204643593598,0.39069404348034986
