avo.csv
Date,AveragePrice,lon,lat,region,Total Volume,lon_scaled,lat_scaled,logPrice,logPriceDiff,Date,logVol,logDiffVol
2016-06-12,1.15,-77.615214,43.157284999999995,BuffaloRochester,182471.54,0.7459340114198181,0.5886744662061285,0.13976194237515863,0.0,2016-06-12,12.114349494638486,0.0
2015-05-17,1.35,-77.615214,43.157284999999995,BuffaloRochester,137050.23,0.7459340114198181,0.5886744662061285,0.30010459245033816,0.01492565021667569,2015-05-17,11.828102779949152,-0.2862467146893337
2015-02-15,1.44,-77.615214,43.157284999999995,BuffaloRochester,100207.14,0.7459340114198181,0.5886744662061285,0.36464311358790924,0.05715841383994852,2015-02-15,11.514994722579237,-0.31310805736991476
2015-05-24,1.43,-77.615214,43.157284999999995,BuffaloRochester,121942.61,0.7459340114198181,0.5886744662061285,0.3576744442718159,0.057569851821477724,2015-05-24,11.71130580320191,0.19631108062267266
2017-03-19,1.54,-77.615214,43.157284999999995,BuffaloRochester,151459.46,0.7459340114198181,0.5886744662061285,0.43178241642553783,0.039740328649514156,2017-03-19,11.928073277363689,0.2167674741617791
2018-01-21,1.29,-77.615214,43.157284999999995,BuffaloRochester,161887.27,0.7459340114198181,0.5886744662061285,0.25464221837358075,-0.0229895182246988,2018-01-21,11.994655507791123,0.06658223042743394
2016-07-03,1.3,-77.615214,43.157284999999995,BuffaloRochester,180609.07,0.7459340114198181,0.5886744662061285,0.26236426446749106,0.03125254350410442,2016-07-03,12.104090140187909,0.10943463239678586
2016-05-22,1.12,-77.615214,43.157284999999995,BuffaloRochester,168251.29,0.7459340114198181,0.5886744662061285,0.11332868530700327,0.027150989065950856,2016-05-22,12.033213914639543,-0.07087622554836592
2016-06-05,1.15,-77.615214,43.157284999999995,BuffaloRochester,173445.42,0.7459340114198181,0.5886744662061285,0.13976194237515863,-0.03419136474827936,2016-06-05,12.063618246745147,0.030404332105604226
2018-01-14,1.32,-77.615214,43.157284999999995,BuffaloRochester,159070.65,0.7459340114198181,0.5886744662061285,0.27763173659827955,0.030771658666753743,2018-01-14,11.977103722135393,-0.08651452460975406
2015-11-29,1.39,-77.615214,43.157284999999995,BuffaloRochester,79973.14,0.7459340114198181,0.5886744662061285,0.3293037471426003,-0.007168489478612594,2015-11-29,11.289446107279367,-0.6876576148560254
2017-07-02,1.34,-77.615214,43.157284999999995,BuffaloRochester,144309.09,0.7459340114198181,0.5886744662061285,0.29266961396282004,-0.085766821757425,2017-07-02,11.879712736540933,0.5902666292615653
2017-12-31,1.27,-77.615214,43.157284999999995,BuffaloRochester,115508.29,0.7459340114198181,0.5886744662061285,0.23901690047049992,-0.00784317746102589,2017-12-31,11.657097581260066,-0.22261515528086662
2016-05-29,1.19,-77.615214,43.157284999999995,BuffaloRochester,147423.25,0.7459340114198181,0.5886744662061285,0.17395330712343798,0.060624621816434715,2016-05-29,11.901062980355652,0.24396539909558612
2016-06-19,1.23,-77.615214,43.157284999999995,BuffaloRochester,169756.02,0.7459340114198181,0.5886744662061285,0.20701416938432612,0.0672522270091675,2016-06-19,12.042117508709639,0.1410545283539868
2015-07-12,1.45,-77.615214,43.157284999999995,BuffaloRochester,127351.46,0.7459340114198181,0.5886744662061285,0.371563556432483,-0.013698844358161877,2015-07-12,11.754705944809889,-0.28741156389975053
2017-07-09,1.31,-77.615214,43.157284999999995,BuffaloRochester,166851.73,0.7459340114198181,0.5886744662061285,0.2700271372130602,-0.022642476749759832,2017-07-09,12.024860852720312,0.27015490791042396
2018-01-07,1.28,-77.615214,43.157284999999995,BuffaloRochester,161876.76,0.7459340114198181,0.5886744662061285,0.2468600779315258,0.00784317746102589,2018-01-07,11.994590583963706,-0.0302702687566061
2016-06-26,1.26,-77.615214,43.157284999999995,BuffaloRochester,160806.44,0.7459340114198181,0.5886744662061285,0.23111172096338664,0.024097551579060517,2016-06-26,11.987956684676277,-0.006633899287429301
2015-12-06,1.23,-77.615214,43.157284999999995,BuffaloRochester,108457.82,0.7459340114198181,0.5886744662061285,0.20701416938432612,-0.12228957775827418,2015-12-06,11.594116620617172,-0.39384006405910554
2017-03-12,1.48,-77.615214,43.157284999999995,BuffaloRochester,165974.96,0.7459340114198181,0.5886744662061285,0.3920420877760237,-0.12675170563914384,2017-03-12,12.019592212587181,0.4254755919700095
2015-02-08,1.36,-77.615214,43.157284999999995,BuffaloRochester,132760.1,0.7459340114198181,0.5886744662061285,0.3074846997479607,0.022305757514298252,2015-02-08,11.796299019072555,-0.2232931935146265
2017-12-24,1.28,-77.615214,43.157284999999995,BuffaloRochester,127375.45,0.7459340114198181,0.5886744662061285,0.2468600779315258,0.01574835696813917,2017-12-24,11.754894303394153,-0.04140471567840187
2017-09-10,1.46,-77.615214,43.157284999999995,BuffaloRochester,142196.93,0.7459340114198181,0.5886744662061285,0.37843643572024505,-0.06624938554120069,2017-09-10,11.864968206807395,0.11007390341324275
2015-12-13,1.35,-77.615214,43.157284999999995,BuffaloRochester,98473.23,0.7459340114198181,0.5886744662061285,0.30010459245033816,0.09309042306601203,2015-12-13,11.497540013572468,-0.36742819323492704
2018-02-25,1.23,-77.615214,43.157284999999995,BuffaloRochester,151330.38,0.7459340114198181,0.5886744662061285,0.20701416938432612,-0.03984590854719969,2018-02-25,11.927220672746445,0.429680659173977
2018-03-04,1.19,-77.615214,43.157284999999995,BuffaloRochester,168190.37,0.7459340114198181,0.5886744662061285,0.17395330712343798,-0.03306086226088814,2018-03-04,12.032851771612037,0.10563109886559197
2016-01-17,1.38,-77.615214,43.157284999999995,BuffaloRochester,132286.31,0.7459340114198181,0.5886744662061285,0.3220834991691132,0.02197890671877506,2016-01-17,11.792723867802604,-0.24012790380943372
2016-03-13,1.11,-77.615214,43.157284999999995,BuffaloRochester,163501.31,0.7459340114198181,0.5886744662061285,0.10436001532424286,-0.20312468442371787,2016-03-13,12.004576281519764,0.21185241371716046
2017-04-30,1.54,-77.615214,43.157284999999995,BuffaloRochester,178864.17,0.7459340114198181,0.5886744662061285,0.43178241642553783,-0.006472514505617477,2017-04-30,12.09438196995245,0.08980568843268522
2017-06-04,1.6,-77.615214,43.157284999999995,BuffaloRochester,145203.51,0.7459340114198181,0.5886744662061285,0.47000362924573563,-0.024692612590371366,2017-06-04,11.885891554634377,-0.20849041531807266
2016-03-06,1.36,-77.615214,43.157284999999995,BuffaloRochester,141228.53,0.7459340114198181,0.5886744662061285,0.3074846997479607,0.10863384100279555,2016-03-06,11.858134637455517,-0.027756917178859197
2015-05-31,1.4,-77.615214,43.157284999999995,BuffaloRochester,130841.08,0.7459340114198181,0.5886744662061285,0.3364722366212129,-0.02120220765060299,2015-05-31,11.781738735974718,-0.07639590148079911
2015-01-11,1.54,-77.615214,43.157284999999995,BuffaloRochester,106221.32,0.7459340114198181,0.5886744662061285,0.43178241642553783,0.09531017980432493,2015-01-11,11.573280120937397,-0.20845861503732088
2016-01-24,1.31,-77.615214,43.157284999999995,BuffaloRochester,147469.99,0.7459340114198181,0.5886744662061285,0.2700271372130602,-0.05205636195605301,2016-01-24,11.901379976434582,0.3280998554971841
2018-03-11,1.16,-77.615214,43.157284999999995,BuffaloRochester,185174.55,0.7459340114198181,0.5886744662061285,0.14842000511827322,-0.025533302005164765,2018-03-11,12.12905417274488,0.22767419631029817
2016-02-28,1.22,-77.615214,43.157284999999995,BuffaloRochester,154057.74,0.7459340114198181,0.5886744662061285,0.19885085874516517,-0.07117627846789504,2016-02-28,11.945082746190113,-0.18397142655476628
2017-05-07,1.71,-77.615214,43.157284999999995,BuffaloRochester,174746.25,0.7459340114198181,0.5886744662061285,0.5364933705145685,0.10471095408903064,2017-05-07,12.071090200638336,0.1260074544482226
2015-06-14,1.34,-77.615214,43.157284999999995,BuffaloRochester,149376.79,0.7459340114198181,0.5886744662061285,0.29266961396282004,-0.029413885206293178,2015-06-14,11.914227184859712,-0.15686301577862416
2017-05-14,1.55,-77.615214,43.157284999999995,BuffaloRochester,152142.57,0.7459340114198181,0.5886744662061285,0.4382549309311553,-0.09823843958341316,2017-05-14,11.932573320744625,0.018346135884913295
2018-03-18,1.14,-77.615214,43.157284999999995,BuffaloRochester,166358.32,0.7459340114198181,0.5886744662061285,0.131028262406404,-0.017391742711869218,2018-03-18,12.021899295224467,0.08932597447984136
2016-02-21,1.31,-77.615214,43.157284999999995,BuffaloRochester,126537.43,0.7459340114198181,0.5886744662061285,0.2700271372130602,0.015384918839479456,2016-02-21,11.748293432711161,-0.2736058625133051
2016-01-31,1.21,-77.615214,43.157284999999995,BuffaloRochester,164453.65,0.7459340114198181,0.5886744662061285,0.1906203596086497,-0.0794067776044105,2016-01-31,12.010384046567001,0.26209061385583965
2016-02-14,1.29,-77.615214,43.157284999999995,BuffaloRochester,137984.28,0.7459340114198181,0.5886744662061285,0.25464221837358075,-0.007722046093910306,2016-02-14,11.83489504460728,-0.17548900195972195
2015-06-07,1.38,-77.615214,43.157284999999995,BuffaloRochester,130908.11,0.7459340114198181,0.5886744662061285,0.3220834991691132,-0.014388737452099676,2015-06-07,11.782250905670184,-0.05264413893709552
2018-03-25,1.21,-77.615214,43.157284999999995,BuffaloRochester,163592.4,0.7459340114198181,0.5886744662061285,0.1906203596086497,0.0595920972022457,2018-03-25,12.005133247304002,0.22288234163381837
2017-05-21,1.71,-77.615214,43.157284999999995,BuffaloRochester,139635.02,0.7459340114198181,0.5886744662061285,0.5364933705145685,0.09823843958341316,2017-05-21,11.846787297449255,-0.1583459498547466
2017-05-28,1.64,-77.615214,43.157284999999995,BuffaloRochester,160484.02,0.7459340114198181,0.5886744662061285,0.494696241836107,-0.04179712867846147,2017-05-28,11.985949652732469,0.1391623552832133
2016-02-07,1.3,-77.615214,43.157284999999995,BuffaloRochester,177910.41,0.7459340114198181,0.5886744662061285,0.26236426446749106,0.07174390485884136,2016-02-07,12.089035387962166,0.10308573522969766
2015-01-04,1.4,-77.615214,43.157284999999995,BuffaloRochester,116253.44,0.7459340114198181,0.5886744662061285,0.3364722366212129,0.0,2015-01-04,11.663527914409636,-0.42550747355253016
2016-03-20,1.14,-77.615214,43.157284999999995,BuffaloRochester,140364.11,0.7459340114198181,0.5886744662061285,0.131028262406404,0.026668247082161145,2016-03-20,11.851995111115126,0.18846719670549028
2015-06-21,1.5,-77.615214,43.157284999999995,BuffaloRochester,108655.36,0.7459340114198181,0.5886744662061285,0.4054651081081644,0.11279549414534434,2015-06-21,11.5959363171875,-0.2560587939276271
2015-01-18,1.52,-77.615214,43.157284999999995,BuffaloRochester,107040.29,0.7459340114198181,0.5886744662061285,0.41871033485818504,-0.013072081567352789,2015-01-18,11.580960584625949,-0.014975732561550714
2017-04-23,1.55,-77.615214,43.157284999999995,BuffaloRochester,147244.2,0.7459340114198181,0.5886744662061285,0.4382549309311553,0.006472514505617477,2017-04-23,11.899847711943508,0.3188871273175593
2016-05-15,1.09,-77.615214,43.157284999999995,BuffaloRochester,164790.54,0.7459340114198181,0.5886744662061285,0.08617769624105241,0.0,2016-05-15,12.012430491897277,0.11258277995376886
2017-03-26,1.53,-77.615214,43.157284999999995,BuffaloRochester,156787.69,0.7459340114198181,0.5886744662061285,0.4252677354043441,-0.006514681021193736,2017-03-26,11.962647876163496,-0.049782615733780844
2015-07-05,1.47,-77.615214,43.157284999999995,BuffaloRochester,140413.9,0.7459340114198181,0.5886744662061285,0.3852624007906449,0.07777770104268417,2015-07-05,11.852349768522393,-0.11029810764110337
2017-04-02,1.54,-77.615214,43.157284999999995,BuffaloRochester,167364.95,0.7459340114198181,0.5886744662061285,0.43178241642553783,0.006514681021193736,2017-04-02,12.027932036381152,0.17558226785875952
2016-05-08,1.09,-77.615214,43.157284999999995,BuffaloRochester,201142.55,0.7459340114198181,0.5886744662061285,0.08617769624105241,-0.018182319083190443,2016-05-08,12.21176913965501,0.1838371032738575
2015-12-20,1.37,-77.615214,43.157284999999995,BuffaloRochester,90867.51,0.7459340114198181,0.5886744662061285,0.3148107398400336,0.014706147389695445,2015-12-20,11.41715779053119,-0.7946113491238194
2018-01-28,1.27,-77.615214,43.157284999999995,BuffaloRochester,158637.92,0.7459340114198181,0.5886744662061285,0.23901690047049992,-0.015625317903080832,2018-01-28,11.97437965166042,0.5572218611292303
2016-05-01,1.11,-77.615214,43.157284999999995,BuffaloRochester,171441.29,0.7459340114198181,0.5886744662061285,0.10436001532424286,-0.03540192705091577,2016-05-01,12.051996154617516,0.07761650295709543
2015-02-01,1.33,-77.615214,43.157284999999995,BuffaloRochester,153920.35,0.7459340114198181,0.5886744662061285,0.28517894223366247,-0.12028616587450192,2015-02-01,11.944190539805472,-0.10780561481204387
2017-04-09,1.56,-77.615214,43.157284999999995,BuffaloRochester,172946.22,0.7459340114198181,0.5886744662061285,0.44468582126144574,0.012903404835907906,2017-04-09,12.060735958098714,0.11654541829324216
2015-12-27,1.35,-77.615214,43.157284999999995,BuffaloRochester,96233.08,0.7459340114198181,0.5886744662061285,0.30010459245033816,-0.014706147389695445,2015-12-27,11.474528444488977,-0.5862075136097378
2015-01-25,1.5,-77.615214,43.157284999999995,BuffaloRochester,114052.94,0.7459340114198181,0.5886744662061285,0.4054651081081644,-0.013245226750020656,2015-01-25,11.644418005547752,0.16988956105877584
2017-06-25,1.46,-77.615214,43.157284999999995,BuffaloRochester,115902.44,0.7459340114198181,0.5886744662061285,0.37843643572024505,-0.02702867238791934,2017-06-25,11.660504081737818,0.016086076190065413
2015-06-28,1.36,-77.615214,43.157284999999995,BuffaloRochester,137246.7,0.7459340114198181,0.5886744662061285,0.3074846997479607,-0.09798040836020366,2015-06-28,11.829535315366876,0.1690312336290578
2016-04-24,1.15,-77.615214,43.157284999999995,BuffaloRochester,171142.36,0.7459340114198181,0.5886744662061285,0.13976194237515863,0.008733679968754626,2016-04-24,12.050251003756596,0.22071568838972055
2018-02-04,1.32,-77.615214,43.157284999999995,BuffaloRochester,188654.47,0.7459340114198181,0.5886744662061285,0.27763173659827955,0.038614836127779634,2018-02-04,12.147672419784417,0.09742141602782084
2016-01-03,1.39,-77.615214,43.157284999999995,BuffaloRochester,130620.57,0.7459340114198181,0.5886744662061285,0.3293037471426003,0.02919915469226214,2016-01-03,11.780051987250525,-0.36762043253389187
2016-04-17,1.14,-77.615214,43.157284999999995,BuffaloRochester,169355.39,0.7459340114198181,0.5886744662061285,0.131028262406404,0.035718082602079065,2016-04-17,12.039754685315458,0.25970269806493285
2018-02-11,1.27,-77.615214,43.157284999999995,BuffaloRochester,151057.53,0.7459340114198181,0.5886744662061285,0.23901690047049992,-0.038614836127779634,2018-02-11,11.925416036614997,-0.11433864870046051
2016-04-10,1.1,-77.615214,43.157284999999995,BuffaloRochester,152123.92,0.7459340114198181,0.5886744662061285,0.09531017980432493,0.056089466651043605,2016-04-10,11.932450730839813,0.0070346942248153965
2018-02-18,1.28,-77.615214,43.157284999999995,BuffaloRochester,144087.48,0.7459340114198181,0.5886744662061285,0.2468600779315258,0.00784317746102589,2018-02-18,11.878175894104713,-0.05427483673510025
2017-04-16,1.54,-77.615214,43.157284999999995,BuffaloRochester,166089.23,0.7459340114198181,0.5886744662061285,0.43178241642553783,-0.012903404835907906,2017-04-16,12.020280453041597,0.14210455893688412
2016-04-03,1.04,-77.615214,43.157284999999995,BuffaloRochester,154802.0,0.7459340114198181,0.5886744662061285,0.03922071315328133,-0.08299691957096778,2016-04-03,11.949902159950943,-0.0703782930906538
2016-01-10,1.35,-77.615214,43.157284999999995,BuffaloRochester,134522.52,0.7459340114198181,0.5886744662061285,0.30010459245033816,-0.02919915469226214,2016-01-10,11.809486898952603,-0.14041526099834023
2017-06-11,1.62,-77.615214,43.157284999999995,BuffaloRochester,114081.68,0.7459340114198181,0.5886744662061285,0.4824261492442928,0.012422519998557147,2017-06-11,11.644669962047402,-0.1648169369052006
2016-03-27,1.13,-77.615214,43.157284999999995,BuffaloRochester,149462.64,0.7459340114198181,0.5886744662061285,0.12221763272424911,-0.008810629682154889,2016-03-27,11.914801740917202,0.2701317788697999
2017-06-18,1.5,-77.615214,43.157284999999995,BuffaloRochester,129734.97,0.7459340114198181,0.5886744662061285,0.4054651081081644,-0.0769610411361284,2017-06-18,11.77324895616809,-0.1415527847491127
2015-07-19,1.36,-77.615214,43.157284999999995,BuffaloRochester,128846.15,0.7459340114198181,0.5886744662061285,0.3074846997479607,-0.06407885668452229,2015-07-19,11.76637433592902,-0.006874620239068818
2016-09-25,1.4,-77.615214,43.157284999999995,BuffaloRochester,134327.1,0.7459340114198181,0.5886744662061285,0.3364722366212129,-0.09531017980432493,2016-09-25,11.808033149198993,0.04165881326997223
2017-12-17,1.26,-77.615214,43.157284999999995,BuffaloRochester,108352.42,0.7459340114198181,0.5886744662061285,0.23111172096338664,0.007968169649176876,2017-12-17,11.593144341740462,-0.21488880745853045
2017-10-15,1.5,-77.615214,43.157284999999995,BuffaloRochester,86880.78,0.7459340114198181,0.5886744662061285,0.4054651081081644,0.006688988150796604,2017-10-15,11.372292113028013,-0.2208522287124488
2015-10-04,1.33,-77.615214,43.157284999999995,BuffaloRochester,98900.48,0.7459340114198181,0.5886744662061285,0.28517894223366247,0.01515180502060226,2015-10-04,11.501869370986286,0.1295772579582728
2017-01-15,1.29,-77.615214,43.157284999999995,BuffaloRochester,168230.55,0.7459340114198181,0.5886744662061285,0.25464221837358075,-0.06016852146645285,2017-01-15,12.033090639041513,0.5312212680552264
2016-10-09,1.37,-77.615214,43.157284999999995,BuffaloRochester,135059.42,0.7459340114198181,0.5886744662061285,0.3148107398400336,0.014706147389695445,2016-10-09,11.813470108731932,-0.21962053030958018
2017-10-22,1.5,-77.615214,43.157284999999995,BuffaloRochester,90910.72,0.7459340114198181,0.5886744662061285,0.4054651081081644,0.0,2017-10-22,11.417633205005343,-0.39583690372658964
