avo.csv
Date,AveragePrice,lon,lat,region,Total Volume,lon_scaled,lat_scaled,logPrice,logPriceDiff,Date,logVol,logDiffVol
2017-08-13,1.32,-77.615214,43.157284999999995,BuffaloRochester,144618.71,0.7459340114198181,0.5886744662061285,0.27763173659827955,0.0,2017-08-13,11.881855971761073,0.4642227667557304
2016-10-02,1.35,-77.615214,43.157284999999995,BuffaloRochester,132143.53,0.7459340114198181,0.5886744662061285,0.30010459245033816,-0.036367644170874736,2016-10-02,11.791643959318177,-0.09021201244289578
2017-01-22,1.34,-77.615214,43.157284999999995,BuffaloRochester,160924.52,0.7459340114198181,0.5886744662061285,0.29266961396282004,0.03802739558923929,2017-01-22,11.988690714160425,0.19704675484224765
2015-10-11,1.3,-77.615214,43.157284999999995,BuffaloRochester,109153.84,0.7459340114198181,0.5886744662061285,0.26236426446749106,-0.02281467776617141,2015-10-11,11.600513542302911,-0.38817717185751377
2017-03-05,1.68,-77.615214,43.157284999999995,BuffaloRochester,140468.86,0.7459340114198181,0.5886744662061285,0.5187937934151675,-0.0059347355198146046,2017-03-05,11.852741106180149,0.25222756387723777
2017-10-29,1.36,-77.615214,43.157284999999995,BuffaloRochester,121815.11,0.7459340114198181,0.5886744662061285,0.3074846997479607,-0.09798040836020366,2017-10-29,11.710259682392874,-0.14248142378727557
2015-03-22,1.4,-77.615214,43.157284999999995,BuffaloRochester,119902.96,0.7459340114198181,0.5886744662061285,0.3364722366212129,-0.04879016416943199,2015-03-22,11.694438027950246,-0.015821654442627064
2017-11-05,1.37,-77.615214,43.157284999999995,BuffaloRochester,115630.87,0.7459340114198181,0.5886744662061285,0.3148107398400336,0.007326040092072883,2017-11-05,11.658158241093664,-0.036279786856582064
2017-01-29,1.37,-77.615214,43.157284999999995,BuffaloRochester,163136.7,0.7459340114198181,0.5886744662061285,0.3148107398400336,0.022141125877213563,2017-01-29,12.002343778624972,0.3441855375313079
2017-08-06,1.32,-77.615214,43.157284999999995,BuffaloRochester,155635.24,0.7459340114198181,0.5886744662061285,0.27763173659827955,0.0,2017-08-06,11.955270343233224,-0.047073435391748575
2016-09-18,1.54,-77.615214,43.157284999999995,BuffaloRochester,122908.68,0.7459340114198181,0.5886744662061285,0.43178241642553783,0.10969891725642461,2016-09-18,11.719196919585821,-0.2360734236474027
2015-08-09,1.47,-77.615214,43.157284999999995,BuffaloRochester,81830.13,0.7459340114198181,0.5886744662061285,0.3852624007906449,0.0,2015-08-09,11.31240079217958,-0.40679612740624016
2015-10-18,1.29,-77.615214,43.157284999999995,BuffaloRochester,106083.75,0.7459340114198181,0.5886744662061285,0.25464221837358075,-0.007722046093910306,2015-10-18,11.571984155473602,0.25958336329402165
2016-09-11,1.38,-77.615214,43.157284999999995,BuffaloRochester,124095.82,0.7459340114198181,0.5886744662061285,0.3220834991691132,-0.06995858860691045,2016-09-11,11.728809288111329,0.15682513263772613
2015-03-15,1.47,-77.615214,43.157284999999995,BuffaloRochester,103413.11,0.7459340114198181,0.5886744662061285,0.3852624007906449,0.08515780834030673,2015-03-15,11.546487022187677,-0.18232226592365208
2016-09-04,1.48,-77.615214,43.157284999999995,BuffaloRochester,95473.7,0.7459340114198181,0.5886744662061285,0.3920420877760237,0.05556985115481078,2016-09-04,11.466606095871139,-0.07988092631653743
2015-10-25,1.36,-77.615214,43.157284999999995,BuffaloRochester,99554.55,0.7459340114198181,0.5886744662061285,0.3074846997479607,0.05284248137437997,2015-10-25,11.50846101412341,0.04185491825227139
2017-02-05,1.4,-77.615214,43.157284999999995,BuffaloRochester,188582.23,0.7459340114198181,0.5886744662061285,0.3364722366212129,0.02166149678117929,2017-02-05,12.147289424169816,0.6388284100464059
2017-07-30,1.32,-77.615214,43.157284999999995,BuffaloRochester,146069.4,0.7459340114198181,0.5886744662061285,0.27763173659827955,-0.015037877364540486,2017-07-30,11.891837130216786,-0.2554522939530308
2017-11-12,1.37,-77.615214,43.157284999999995,BuffaloRochester,118434.0,0.7459340114198181,0.5886744662061285,0.3148107398400336,0.0,2017-11-12,11.682111122371042,-0.20972600784574347
2017-01-08,1.37,-77.615214,43.157284999999995,BuffaloRochester,158267.23,0.7459340114198181,0.5886744662061285,0.3148107398400336,-0.04286370443178228,2017-01-08,11.972040212436635,0.2899290900655931
2015-09-27,1.31,-77.615214,43.157284999999995,BuffaloRochester,90745.72,0.7459340114198181,0.5886744662061285,0.2700271372130602,-0.16175527921247762,2015-09-27,11.415816588480475,-0.5562236239561607
2016-10-16,1.36,-77.615214,43.157284999999995,BuffaloRochester,131180.81,0.7459340114198181,0.5886744662061285,0.3074846997479607,-0.007326040092072883,2016-10-16,11.78433187955042,0.3685152910699454
2015-03-29,1.39,-77.615214,43.157284999999995,BuffaloRochester,119890.65,0.7459340114198181,0.5886744662061285,0.3293037471426003,-0.007168489478612594,2015-03-29,11.694335356323503,-0.08999652322691709
2016-12-11,1.47,-77.615214,43.157284999999995,BuffaloRochester,89037.86,0.7459340114198181,0.5886744662061285,0.3852624007906449,-0.12155520157780697,2016-12-11,11.396816951518643,-0.29751840480486
2016-12-18,1.36,-77.615214,43.157284999999995,BuffaloRochester,85340.08,0.7459340114198181,0.5886744662061285,0.3074846997479607,-0.07777770104268417,2016-12-18,11.354399494168316,-0.04241745735032687
2015-04-12,1.42,-77.615214,43.157284999999995,BuffaloRochester,118172.53,0.7459340114198181,0.5886744662061285,0.35065687161316933,-0.01398624197473991,2015-04-12,11.679900954237166,0.3255014600688497
2016-12-04,1.66,-77.615214,43.157284999999995,BuffaloRochester,72203.16,0.7459340114198181,0.5886744662061285,0.5068176023684519,0.05574198300823513,2016-12-04,11.187239091236176,-0.4926618630009898
2015-09-06,1.56,-77.615214,43.157284999999995,BuffaloRochester,76139.58,0.7459340114198181,0.5886744662061285,0.44468582126144574,0.12260232209233252,2015-09-06,11.240323513766821,0.05308442253064527
2017-09-03,1.56,-77.615214,43.157284999999995,BuffaloRochester,135280.49,0.7459340114198181,0.5886744662061285,0.44468582126144574,0.15950687902778327,2017-09-03,11.815105605682993,0.5747820919161715
2017-09-17,1.37,-77.615214,43.157284999999995,BuffaloRochester,140652.67,0.7459340114198181,0.5886744662061285,0.3148107398400336,-0.06362569588021144,2017-09-17,11.854048797029682,0.03894319134668933
2016-11-27,1.57,-77.615214,43.157284999999995,BuffaloRochester,73261.05,0.7459340114198181,0.5886744662061285,0.45107561936021673,-0.03750439545845419,2016-11-27,11.201784368744429,-0.6522644282852532
2015-09-13,1.59,-77.615214,43.157284999999995,BuffaloRochester,73043.2,0.7459340114198181,0.5886744662061285,0.4637340162321402,0.019048194970694488,2015-09-13,11.198806325919227,-0.0029780428252017543
2015-04-05,1.44,-77.615214,43.157284999999995,BuffaloRochester,124145.62,0.7459340114198181,0.5886744662061285,0.36464311358790924,0.03533936644530894,2015-04-05,11.729210510410619,0.5304041844913918
2016-11-20,1.63,-77.615214,43.157284999999995,BuffaloRochester,78675.66,0.7459340114198181,0.5886744662061285,0.4885800148186709,0.018576385572935283,2016-11-20,11.27308911083927,-0.456121399571348
2017-08-27,1.33,-77.615214,43.157284999999995,BuffaloRochester,147839.98,0.7459340114198181,0.5886744662061285,0.28517894223366247,-0.007490671729157572,2017-08-27,11.903885751594117,0.6307966407548466
2015-03-08,1.35,-77.615214,43.157284999999995,BuffaloRochester,125724.96,0.7459340114198181,0.5886744662061285,0.30010459245033816,-0.057569851821477724,2015-03-08,11.741851942885413,-0.16203380870870454
2016-12-25,1.41,-77.615214,43.157284999999995,BuffaloRochester,103035.45,0.7459340114198181,0.5886744662061285,0.34358970439007686,0.036105004642116134,2016-12-25,11.542828382754509,-0.19902356013090383
2015-08-23,1.49,-77.615214,43.157284999999995,BuffaloRochester,68953.29,0.7459340114198181,0.5886744662061285,0.3987761199573678,-0.006688988150796604,2015-08-23,11.141184597819128,-0.40164378493538067
2015-09-20,1.54,-77.615214,43.157284999999995,BuffaloRochester,60624.47,0.7459340114198181,0.5886744662061285,0.43178241642553783,-0.03195159980660239,2015-09-20,11.01245388593353,-0.12873071188559848
2017-09-24,1.42,-77.615214,43.157284999999995,BuffaloRochester,121501.78,0.7459340114198181,0.5886744662061285,0.35065687161316933,0.035846131773135725,2017-09-24,11.707684191861189,0.6952303059276588
2016-11-06,1.64,-77.615214,43.157284999999995,BuffaloRochester,81691.65,0.7459340114198181,0.5886744662061285,0.494696241836107,-0.006079046076382155,2016-11-06,11.310707072442618,-0.3969771194185707
2017-10-01,1.53,-77.615214,43.157284999999995,BuffaloRochester,96291.55,0.7459340114198181,0.5886744662061285,0.4252677354043441,0.07461086379117476,2017-10-01,11.475135847311126,0.16442877486850804
2015-04-19,1.42,-77.615214,43.157284999999995,BuffaloRochester,139612.52,0.7459340114198181,0.5886744662061285,0.35065687161316933,0.0,2015-04-19,11.84662615010272,0.3714903027915941
2017-01-01,1.43,-77.615214,43.157284999999995,BuffaloRochester,105349.04,0.7459340114198181,0.5886744662061285,0.3576744442718159,0.014084739881739028,2017-01-01,11.565034306708615,-0.28159184339410537
2017-10-08,1.49,-77.615214,43.157284999999995,BuffaloRochester,102625.05,0.7459340114198181,0.5886744662061285,0.3987761199573678,-0.026491615446976313,2017-10-08,11.53883733396533,-0.026196972743285585
2016-10-30,1.65,-77.615214,43.157284999999995,BuffaloRochester,71163.53,0.7459340114198181,0.5886744662061285,0.5007752879124892,0.03077165866675352,2016-10-30,11.172735747069925,-0.36610158689540384
2016-10-23,1.6,-77.615214,43.157284999999995,BuffaloRochester,110744.71,0.7459340114198181,0.5886744662061285,0.47000362924573563,0.1625189294977749,2016-10-23,11.614982921529567,0.44224717445964146
2015-08-16,1.5,-77.615214,43.157284999999995,BuffaloRochester,69798.09,0.7459340114198181,0.5886744662061285,0.4054651081081644,0.020202707317519497,2015-08-16,11.153361924479217,-0.46162099705034976
2017-08-20,1.34,-77.615214,43.157284999999995,BuffaloRochester,142109.31,0.7459340114198181,0.5886744662061285,0.29266961396282004,0.015037877364540486,2017-08-20,11.86435182918041,0.7109899047011936
2016-11-13,1.6,-77.615214,43.157284999999995,BuffaloRochester,87366.58,0.7459340114198181,0.5886744662061285,0.47000362924573563,-0.024692612590371366,2016-11-13,11.377868108655106,-0.486483720525305
2016-08-28,1.4,-77.615214,43.157284999999995,BuffaloRochester,114645.7,0.7459340114198181,0.5886744662061285,0.3364722366212129,0.051293294387550425,2016-08-28,11.64960178213133,0.27173367347622346
2015-04-26,1.41,-77.615214,43.157284999999995,BuffaloRochester,136964.3,0.7459340114198181,0.5886744662061285,0.34358970439007686,-0.007067167223092474,2015-04-26,11.827475586910762,0.17787380477943238
2017-11-19,1.3,-77.615214,43.157284999999995,BuffaloRochester,112445.0,0.7459340114198181,0.5886744662061285,0.26236426446749106,-0.052446475372542545,2017-11-19,11.630219492192586,-0.19725609471817585
2017-02-12,1.56,-77.615214,43.157284999999995,BuffaloRochester,135286.7,0.7459340114198181,0.5886744662061285,0.44468582126144574,0.10821358464023284,2017-02-12,11.815151509253202,0.1849320170606159
2016-07-17,1.3,-77.615214,43.157284999999995,BuffaloRochester,141880.95,0.7459340114198181,0.5886744662061285,0.26236426446749106,0.039220713153281295,2016-07-17,11.86274360466441,0.04759209541120768
2017-07-16,1.35,-77.615214,43.157284999999995,BuffaloRochester,144761.54,0.7459340114198181,0.5886744662061285,0.30010459245033816,0.03007745523727795,2017-07-16,11.882843115918964,0.020099511254555225
2016-08-14,1.41,-77.615214,43.157284999999995,BuffaloRochester,114328.4,0.7459340114198181,0.5886744662061285,0.34358970439007686,-0.06187540371808753,2016-08-14,11.64683028786099,-0.23601282805797474
2015-03-01,1.43,-77.615214,43.157284999999995,BuffaloRochester,112363.86,0.7459340114198181,0.5886744662061285,0.3576744442718159,0.014084739881739028,2015-03-01,11.629497634490685,-0.017332653370305096
2016-08-07,1.5,-77.615214,43.157284999999995,BuffaloRochester,104314.72,0.7459340114198181,0.5886744662061285,0.4054651081081644,0.033901551675681374,2016-08-07,11.555167762382641,-0.0743298721080432
2015-07-26,1.39,-77.615214,43.157284999999995,BuffaloRochester,91825.07,0.7459340114198181,0.5886744662061285,0.3293037471426003,0.02181904739463958,2015-07-26,11.427640633007208,-0.12752712937543365
2015-11-15,1.36,-77.615214,43.157284999999995,BuffaloRochester,99703.72,0.7459340114198181,0.5886744662061285,0.3074846997479607,0.04512043528046966,2015-11-15,11.509958267189663,0.08231763418245563
2015-11-08,1.3,-77.615214,43.157284999999995,BuffaloRochester,111038.95,0.7459340114198181,0.5886744662061285,0.26236426446749106,0.055350095083164935,2015-11-08,11.617636319644049,0.10767805245438566
2017-02-19,1.68,-77.615214,43.157284999999995,BuffaloRochester,109808.8,0.7459340114198181,0.5886744662061285,0.5187937934151675,0.07410797215372178,2017-02-19,11.606495950565561,-0.011140369078487922
2017-02-26,1.69,-77.615214,43.157284999999995,BuffaloRochester,122294.43,0.7459340114198181,0.5886744662061285,0.5247285289349821,0.0059347355198146046,2017-02-26,11.714186776893227,0.10769082632766569
2016-07-24,1.44,-77.615214,43.157284999999995,BuffaloRochester,104126.3,0.7459340114198181,0.5886744662061285,0.36464311358790924,0.10227884912041818,2016-07-24,11.553359864385204,-0.16082691250802306
2017-12-03,1.13,-77.615214,43.157284999999995,BuffaloRochester,153282.0,0.7459340114198181,0.5886744662061285,0.12221763272424911,-0.08479653666007701,2017-12-03,11.940034641136265,0.386674776751061
2017-12-10,1.25,-77.615214,43.157284999999995,BuffaloRochester,127279.28,0.7459340114198181,0.5886744662061285,0.22314355131420976,0.10092591858996065,2017-12-10,11.75413900617606,-0.18589563496020567
2015-05-10,1.33,-77.615214,43.157284999999995,BuffaloRochester,170547.18,0.7459340114198181,0.5886744662061285,0.28517894223366247,-0.06547792937950686,2015-05-10,12.046767252969547,0.29262824679348753
2017-07-23,1.34,-77.615214,43.157284999999995,BuffaloRochester,148098.37,0.7459340114198181,0.5886744662061285,0.29266961396282004,-0.007434978487518118,2017-07-23,11.905631994118348,-0.1411352588511985
2015-02-22,1.41,-77.615214,43.157284999999995,BuffaloRochester,109546.92,0.7459340114198181,0.5886744662061285,0.34358970439007686,-0.021053409197832385,2015-02-22,11.604108229612404,-0.3015237645059443
2015-11-01,1.23,-77.615214,43.157284999999995,BuffaloRochester,118541.11,0.7459340114198181,0.5886744662061285,0.20701416938432612,-0.1004705303636346,2015-11-01,11.683015099225775,0.07890686961337146
2016-07-31,1.45,-77.615214,43.157284999999995,BuffaloRochester,108088.47,0.7459340114198181,0.5886744662061285,0.371563556432483,0.006920442844573771,2016-07-31,11.590705337439127,-0.09230976178664818
2016-07-10,1.25,-77.615214,43.157284999999995,BuffaloRochester,183741.31,0.7459340114198181,0.5886744662061285,0.22314355131420976,-0.039220713153281295,2016-07-10,12.12128412343975,0.530578786000623
2015-08-30,1.38,-77.615214,43.157284999999995,BuffaloRochester,83731.42,0.7459340114198181,0.5886744662061285,0.3220834991691132,-0.07669262078825456,2015-08-30,11.335369574328528,-0.7859145491112223
2017-11-26,1.23,-77.615214,43.157284999999995,BuffaloRochester,102658.0,0.7459340114198181,0.5886744662061285,0.20701416938432612,-0.055350095083164935,2017-11-26,11.53915835413999,0.20378877981146282
2015-11-22,1.4,-77.615214,43.157284999999995,BuffaloRochester,90242.31,0.7459340114198181,0.5886744662061285,0.3364722366212129,0.028987536873252173,2015-11-22,11.410253664808508,-0.1289046893314829
2015-05-03,1.42,-77.615214,43.157284999999995,BuffaloRochester,136771.79,0.7459340114198181,0.5886744662061285,0.35065687161316933,0.007067167223092474,2015-05-03,11.826069049455377,0.4158153846468693
2016-08-21,1.33,-77.615214,43.157284999999995,BuffaloRochester,119865.41,0.7459340114198181,0.5886744662061285,0.28517894223366247,-0.058410762156414386,2016-08-21,11.694124808985569,-0.13194424046980835
2015-08-02,1.47,-77.615214,43.157284999999995,BuffaloRochester,78162.92,0.7459340114198181,0.5886744662061285,0.3852624007906449,0.05595865364804459,2015-08-02,11.266550645281875,-0.42757416370369405
2015-08-30,1.08,-118.75599740000001,36.7014631,California,5647385.15,-0.8481786728844973,-0.0013380795376130017,0.0769610411361284,-0.08855339734144493,2015-08-30,15.546703190685458,0.0
2015-07-19,1.18,-118.75599740000001,36.7014631,California,5225200.52,-0.8481786728844973,-0.0013380795376130017,0.16551443847757333,0.043296805753324216,2015-07-19,15.469003732112261,-0.07769945857319627
2016-07-24,1.2,-118.75599740000001,36.7014631,California,6104047.38,-0.8481786728844973,-0.0013380795376130017,0.1823215567939546,0.05129329438755059,2016-07-24,15.624462614039503,0.15545888192724178
2016-03-13,0.96,-118.75599740000001,36.7014631,California,6017563.88,-0.8481786728844973,-0.0013380795376130017,-0.040821994520255166,0.04255961441879585,2016-03-13,15.610193064287214,-0.014269549752288668
2015-06-21,1.07,-118.75599740000001,36.7014631,California,5952597.29,-0.8481786728844973,-0.0013380795376130017,0.06765864847381486,0.09811785595852343,2015-06-21,15.599338201602698,-0.010854862684515965
2016-12-04,0.98,-118.75599740000001,36.7014631,California,5062952.53,-0.8481786728844973,-0.0013380795376130017,-0.020202707317519466,-0.21082306692616917,2016-12-04,15.43746037504398,-0.16187782655871885
2016-11-06,1.68,-118.75599740000001,36.7014631,California,3395058.42,-0.8481786728844973,-0.0013380795376130017,0.5187937934151675,0.0,2016-11-06,15.037831526485204,-0.3996288485587751
2016-07-17,1.14,-118.75599740000001,36.7014631,California,6200613.68,-0.8481786728844973,-0.0013380795376130017,0.131028262406404,0.054067221270275606,2016-07-17,15.64015882576222,0.6023272992770163
2017-03-05,1.15,-118.75599740000001,36.7014631,California,5634150.07,-0.8481786728844973,-0.0013380795376130017,0.13976194237515863,0.1910552367627092,2017-03-05,15.544356863556432,-0.09580196220578863
