avo.csv
Date,AveragePrice,lon,lat,region,Total Volume,lon_scaled,lat_scaled,logPrice,logPriceDiff,Date,logVol,logDiffVol
2015-09-20,1.14,-118.75599740000001,36.7014631,California,4759791.13,-0.8481786728844973,-0.0013380795376130017,0.131028262406404,0.008810629682154889,2015-09-20,15.375714344992735,-0.16864251856369705
2016-10-30,1.68,-118.75599740000001,36.7014631,California,3139833.5,-0.8481786728844973,-0.0013380795376130017,0.5187937934151675,0.18949004627256721,2016-10-30,14.959680331000829,-0.4160340139919061
2016-01-17,0.9,-118.75599740000001,36.7014631,California,6000013.23,-0.8481786728844973,-0.0013380795376130017,-0.10536051565782628,0.033901551675681374,2016-01-17,15.607272232189898,0.6475919011890685
2015-07-26,1.13,-118.75599740000001,36.7014631,California,5557616.27,-0.8481786728844973,-0.0013380795376130017,0.12221763272424911,-0.043296805753324216,2015-07-26,15.530679845879195,-0.07659238631070231
2016-02-07,0.7,-118.75599740000001,36.7014631,California,10361698.17,-0.8481786728844973,-0.0013380795376130017,-0.35667494393873245,-0.22884157242884756,2016-02-07,16.153626697386013,0.6229468515068177
2016-12-11,0.9,-118.75599740000001,36.7014631,California,5526646.12,-0.8481786728844973,-0.0013380795376130017,-0.10536051565782628,-0.08515780834030681,2016-12-11,15.525091701264195,-0.6285349961218181
2016-06-19,1.06,-118.75599740000001,36.7014631,California,6528056.18,-0.8481786728844973,-0.0013380795376130017,0.058268908123975824,0.04831857727080773,2016-06-19,15.69161978159395,0.16652808032975486
2016-03-20,0.91,-118.75599740000001,36.7014631,California,6476206.54,-0.8481786728844973,-0.0013380795376130017,-0.09431067947124129,-0.053488684950986125,2016-03-20,15.683645486415003,-0.007974295178946988
2017-04-30,1.25,-118.75599740000001,36.7014631,California,5889669.2,-0.8481786728844973,-0.0013380795376130017,0.22314355131420976,-0.007968169649176876,2017-04-30,15.588710391062454,-0.09493509535254852
2016-06-26,1.03,-118.75599740000001,36.7014631,California,6407277.49,-0.8481786728844973,-0.0013380795376130017,0.02955880224154443,-0.028710105882431395,2016-06-26,15.672945010124993,0.08423461906253848
2016-03-06,0.92,-118.75599740000001,36.7014631,California,6429870.23,-0.8481786728844973,-0.0013380795376130017,-0.08338160893905101,0.033152207316900495,2016-03-06,15.676464914050579,0.0035199039255857656
2017-01-01,0.89,-118.75599740000001,36.7014631,California,7175276.66,-0.8481786728844973,-0.0013380795376130017,-0.11653381625595151,-0.05465841253786398,2017-01-01,15.786151877751601,0.10968696370102293
2015-06-14,0.97,-118.75599740000001,36.7014631,California,6741662.31,-0.8481786728844973,-0.0013380795376130017,-0.030459207484708574,-0.010256500167189108,2015-06-14,15.723817086010598,-0.062334791741003315
2016-11-27,1.21,-118.75599740000001,36.7014631,California,4185900.67,-0.8481786728844973,-0.0013380795376130017,0.1906203596086497,-0.08701137698962985,2016-11-27,15.247232452609552,-0.4765846334010462
2015-09-13,1.13,-118.75599740000001,36.7014631,California,5106508.12,-0.8481786728844973,-0.0013380795376130017,0.12221763272424911,0.0360399364831967,2015-09-13,15.446026386129253,0.19879393351970087
2016-02-21,0.89,-118.75599740000001,36.7014631,California,6374019.03,-0.8481786728844973,-0.0013380795376130017,-0.11653381625595151,0.08191712246788681,2016-02-21,15.667740759521326,0.22171437339207323
2015-08-23,1.18,-118.75599740000001,36.7014631,California,5193221.0,-0.8481786728844973,-0.0013380795376130017,0.16551443847757333,0.06115442315333047,2015-08-23,15.462864679209579,-0.2048760803117471
2016-01-31,0.88,-118.75599740000001,36.7014631,California,6506673.96,-0.8481786728844973,-0.0013380795376130017,-0.12783337150988489,0.0,2016-01-31,15.688338971182121,0.22547429197254232
2015-09-06,1.09,-118.75599740000001,36.7014631,California,5806392.78,-0.8481786728844973,-0.0013380795376130017,0.08617769624105241,0.009216655104924018,2015-09-06,15.574470071984672,-0.11386889919744902
2016-12-18,0.95,-118.75599740000001,36.7014631,California,4922621.54,-0.8481786728844973,-0.0013380795376130017,-0.05129329438755058,0.0540672212702757,2016-12-18,15.40935177989655,-0.16511829208812223
2016-07-03,1.1,-118.75599740000001,36.7014631,California,7087455.16,-0.8481786728844973,-0.0013380795376130017,0.09531017980432493,0.0657513775627805,2016-07-03,15.773836900366739,0.36448512047018866
2017-05-07,1.08,-118.75599740000001,36.7014631,California,7872203.23,-0.8481786728844973,-0.0013380795376130017,0.0769610411361284,-0.14618251017808137,2017-05-07,15.878848534200085,0.105011633833346
2015-11-15,0.83,-118.75599740000001,36.7014631,California,5755190.69,-0.8481786728844973,-0.0013380795376130017,-0.18632957819149348,-0.16612687087397401,2015-11-15,15.565612734254687,-0.31323579994539763
2017-02-26,0.95,-118.75599740000001,36.7014631,California,6342089.92,-0.8481786728844973,-0.0013380795376130017,-0.05129329438755058,0.0,2017-02-26,15.662718912472505,0.09710617821781753
2016-01-24,0.88,-118.75599740000001,36.7014631,California,6246380.73,-0.8481786728844973,-0.0013380795376130017,-0.12783337150988489,-0.022472855852058604,2016-01-24,15.64751277077915,-0.01520614169335488
2016-11-20,1.32,-118.75599740000001,36.7014631,California,4253815.59,-0.8481786728844973,-0.0013380795376130017,0.27763173659827955,-0.11441035117774412,2016-11-20,15.263326924014256,-0.3841858467648933
2016-02-28,0.89,-118.75599740000001,36.7014631,California,6588277.7,-0.8481786728844973,-0.0013380795376130017,-0.11653381625595151,0.0,2016-02-28,15.70080252178958,0.4374755977753235
2016-11-13,1.48,-118.75599740000001,36.7014631,California,3848128.2,-0.8481786728844973,-0.0013380795376130017,0.3920420877760237,-0.12675170563914384,2016-11-13,15.163097406221084,-0.537705115568496
2016-02-14,0.82,-118.75599740000001,36.7014631,California,6807283.15,-0.8481786728844973,-0.0013380795376130017,-0.19845093872383832,0.15822400521489413,2016-02-14,15.73350364845052,0.5704062422294367
2015-11-29,0.91,-118.75599740000001,36.7014631,California,4575710.62,-0.8481786728844973,-0.0013380795376130017,-0.09431067947124129,-0.010929070532190277,2015-11-29,15.336272571405761,-0.3972310770447596
2016-12-25,0.94,-118.75599740000001,36.7014631,California,5414937.46,-0.8481786728844973,-0.0013380795376130017,-0.06187540371808753,-0.010582109330536951,2016-12-25,15.504671888950718,0.16839931754495652
2015-11-22,0.92,-118.75599740000001,36.7014631,California,4804278.16,-0.8481786728844973,-0.0013380795376130017,-0.08338160893905101,0.10294796925244247,2015-11-22,15.385017362254313,-0.11965452669640442
2017-03-12,1.31,-118.75599740000001,36.7014631,California,5208101.86,-0.8481786728844973,-0.0013380795376130017,0.2700271372130602,0.13026519483790158,2017-03-12,15.465726021051015,0.08070865879670208
2017-05-14,1.17,-118.75599740000001,36.7014631,California,6370622.3,-0.8481786728844973,-0.0013380795376130017,0.1570037488096647,0.0800427076735363,2017-05-14,15.667207715084455,0.20148169403343985
2015-07-12,1.13,-118.75599740000001,36.7014631,California,5451636.92,-0.8481786728844973,-0.0013380795376130017,0.12221763272424911,0.008888947417245843,2015-07-12,15.511426473836284,-0.15578124124817094
2017-02-19,0.95,-118.75599740000001,36.7014631,California,6194368.66,-0.8481786728844973,-0.0013380795376130017,-0.05129329438755058,0.18442903913351927,2017-02-19,15.639151156633353,0.12772468279706928
2016-04-24,0.84,-118.75599740000001,36.7014631,California,6933382.4,-0.8481786728844973,-0.0013380795376130017,-0.1743533871447778,-0.10178269430994243,2016-04-24,15.751858332901472,0.11270717626811866
2016-09-18,1.22,-118.75599740000001,36.7014631,California,5471565.28,-0.8481786728844973,-0.0013380795376130017,0.19885085874516517,0.0855221734381619,2016-09-18,15.515075290684202,-0.23678304221727053
2015-11-01,0.95,-118.75599740000001,36.7014631,California,5830427.96,-0.8481786728844973,-0.0013380795376130017,-0.05129329438755058,-0.16462197969455383,2015-11-01,15.578600962150558,0.06352567146635657
2016-05-01,0.75,-118.75599740000001,36.7014631,California,7661483.37,-0.8481786728844973,-0.0013380795376130017,-0.2876820724517809,-0.1133286853070031,2016-05-01,15.851716174404787,0.2731152122542291
2017-04-09,1.13,-118.75599740000001,36.7014631,California,6249182.98,-0.8481786728844973,-0.0013380795376130017,0.12221763272424911,-0.07663322602091606,2017-04-09,15.647961289967562,-0.20375488443722567
2017-03-26,1.33,-118.75599740000001,36.7014631,California,5073070.91,-0.8481786728844973,-0.0013380795376130017,0.28517894223366247,0.01515180502060226,2017-03-26,15.439456894373471,-0.2085043955940904
2015-12-13,0.87,-118.75599740000001,36.7014631,California,5259354.3,-0.8481786728844973,-0.0013380795376130017,-0.13926206733350766,0.10919929196499195,2015-12-13,15.475518820524686,0.03606192615121451
2016-09-11,1.12,-118.75599740000001,36.7014631,California,6059764.51,-0.8481786728844973,-0.0013380795376130017,0.11332868530700327,0.036367644170874874,2016-09-11,15.617181497554464,0.1416626770297782
2017-01-29,0.76,-118.75599740000001,36.7014631,California,8055482.07,-0.8481786728844973,-0.0013380795376130017,-0.2744368457017603,0.0,2017-01-29,15.901863420102247,0.284681922547783
2016-05-29,0.98,-118.75599740000001,36.7014631,California,6700986.44,-0.8481786728844973,-0.0013380795376130017,-0.020202707317519466,0.08515780834030681,2016-05-29,15.71776530337469,-0.18409811672755616
2017-04-02,1.22,-118.75599740000001,36.7014631,California,5719811.06,-0.8481786728844973,-0.0013380795376130017,0.19885085874516517,-0.0863280834884973,2017-04-02,15.559446331341897,-0.15831897203279333
2015-12-27,0.9,-118.75599740000001,36.7014631,California,5040365.47,-0.8481786728844973,-0.0013380795376130017,-0.10536051565782628,-0.04348511193973875,2015-12-27,15.432989151307435,-0.12645718003446227
2015-10-18,1.07,-118.75599740000001,36.7014631,California,4999031.79,-0.8481786728844973,-0.0013380795376130017,0.06765864847381486,-0.00930239266231353,2015-10-18,15.424754809647341,-0.008234341660093847
2016-08-14,1.07,-118.75599740000001,36.7014631,California,6538335.89,-0.8481786728844973,-0.0013380795376130017,0.06765864847381486,-0.08934510033584983,2016-08-14,15.693193239984879,0.2684384303375378
2016-09-04,1.08,-118.75599740000001,36.7014631,California,6681646.14,-0.8481786728844973,-0.0013380795376130017,0.0769610411361284,0.08701137698962985,2016-09-04,15.714874943298113,0.02168170331323438
2016-05-22,0.9,-118.75599740000001,36.7014631,California,6501981.08,-0.8481786728844973,-0.0013380795376130017,-0.10536051565782628,-0.07490130817311771,2016-05-22,15.687617469967869,-0.027257473330244864
2015-12-20,0.94,-118.75599740000001,36.7014631,California,4695737.21,-0.8481786728844973,-0.0013380795376130017,-0.06187540371808753,0.07738666361542013,2015-12-20,15.362165678532406,-0.3254517914354622
2016-05-08,0.79,-118.75599740000001,36.7014631,California,7808461.74,-0.8481786728844973,-0.0013380795376130017,-0.23572233352106983,0.05195973893071107,2016-05-08,15.870718542109342,0.5085528635769361
2017-02-05,0.67,-118.75599740000001,36.7014631,California,11213596.29,-0.8481786728844973,-0.0013380795376130017,-0.40047756659712525,-0.12604072089536494,2017-02-05,16.232637554482675,0.3619190123733329
2015-07-05,1.12,-118.75599740000001,36.7014631,California,6718011.83,-0.8481786728844973,-0.0013380795376130017,0.11332868530700327,0.018018505502678334,2015-07-05,15.72030281009358,-0.5123347443890953
2017-02-12,0.79,-118.75599740000001,36.7014631,California,6862176.64,-0.8481786728844973,-0.0013380795376130017,-0.23572233352106983,0.1647552330760554,2017-02-12,15.741535243835468,0.0212324337418881
2016-08-21,1.05,-118.75599740000001,36.7014631,California,6308000.34,-0.8481786728844973,-0.0013380795376130017,0.04879016416943205,-0.018868484304382815,2016-08-21,15.657329280964875,-0.0842059628705929
2015-10-25,1.12,-118.75599740000001,36.7014631,California,4592461.81,-0.8481786728844973,-0.0013380795376130017,0.11332868530700327,0.045670036833188404,2015-10-25,15.339926780304669,-0.31740250066020614
2016-05-15,0.97,-118.75599740000001,36.7014631,California,6068872.71,-0.8481786728844973,-0.0013380795376130017,-0.030459207484708574,0.20526312603636127,2016-05-15,15.618683430796754,0.27875665049208465
2015-08-02,1.16,-118.75599740000001,36.7014631,California,5428238.87,-0.8481786728844973,-0.0013380795376130017,0.14842000511827322,0.026202372394024107,2015-08-02,15.507125305969353,-0.11155812482740046
2016-08-07,1.17,-118.75599740000001,36.7014631,California,6144827.51,-0.8481786728844973,-0.0013380795376130017,0.1570037488096647,-0.041847109935500476,2016-08-07,15.631121230612713,0.12399592464335996
2016-10-23,1.39,-118.75599740000001,36.7014631,California,3899040.66,-0.8481786728844973,-0.0013380795376130017,0.3293037471426003,-0.007168489478612594,2016-10-23,15.176241096225313,-0.45488013438740005
2016-01-03,0.73,-118.75599740000001,36.7014631,California,7730431.28,-0.8481786728844973,-0.0013380795376130017,-0.31471074483970024,-0.20935022918187396,2016-01-03,15.860675212021462,0.6844341157961491
2015-08-09,1.1,-118.75599740000001,36.7014631,California,6232081.27,-0.8481786728844973,-0.0013380795376130017,0.09531017980432493,-0.05310982531394828,2015-08-09,15.645220907205072,-0.21545430481639016
2015-09-27,1.04,-118.75599740000001,36.7014631,California,5216784.63,-0.8481786728844973,-0.0013380795376130017,0.03922071315328133,-0.09180754925312268,2015-09-27,15.467391798806215,-0.17782910839885702
2016-06-12,1.01,-118.75599740000001,36.7014631,California,6506234.86,-0.8481786728844973,-0.0013380795376130017,0.009950330853168092,0.07182573457125563,2016-06-12,15.688271484349434,0.22087968554321868
2016-10-16,1.4,-118.75599740000001,36.7014631,California,4878037.64,-0.8481786728844973,-0.0013380795376130017,0.3364722366212129,0.043802622658392854,2016-10-16,15.400253574005395,-0.28801791034403834
2016-08-28,0.99,-118.75599740000001,36.7014631,California,6696300.05,-0.8481786728844973,-0.0013380795376130017,-0.01005033585350145,-0.0588405000229335,2016-08-28,15.717065700482022,0.31681212647662704
2016-07-31,1.22,-118.75599740000001,36.7014631,California,5947160.29,-0.8481786728844973,-0.0013380795376130017,0.19885085874516517,0.01652930195121058,2016-07-31,15.598424401411092,-0.11864129907093002
2016-03-27,0.93,-118.75599740000001,36.7014631,California,6603707.93,-0.8481786728844973,-0.0013380795376130017,-0.07257069283483537,0.021739986636405917,2016-03-27,15.703141856817618,0.10471745540652577
2017-01-08,1.0,-118.75599740000001,36.7014631,California,6653048.21,-0.8481786728844973,-0.0013380795376130017,0.0,0.11653381625595151,2017-01-08,15.710585685052799,0.007443828235180305
2015-12-06,0.78,-118.75599740000001,36.7014631,California,5775536.27,-0.8481786728844973,-0.0013380795376130017,-0.2484613592984996,-0.15415067982725833,2015-12-06,15.569141670666912,-0.14144401438588616
2016-01-10,0.87,-118.75599740000001,36.7014631,California,6303406.82,-0.8481786728844973,-0.0013380795376130017,-0.13926206733350766,0.17544867750619259,2016-01-10,15.65660081028038,0.0874591396134683
2017-04-23,1.26,-118.75599740000001,36.7014631,California,5637299.78,-0.8481786728844973,-0.0013380795376130017,0.23111172096338664,-0.0615578929994334,2017-04-23,15.544915746419578,-0.11168506386080246
2017-01-15,0.93,-118.75599740000001,36.7014631,California,6656554.36,-0.8481786728844973,-0.0013380795376130017,-0.07257069283483537,-0.07257069283483537,2017-01-15,15.711112545274606,0.1661967988550277
2015-10-04,1.02,-118.75599740000001,36.7014631,California,4943781.29,-0.8481786728844973,-0.0013380795376130017,0.01980262729617973,-0.0194180858571016,2015-10-04,15.413641039681611,-0.29747150559299484
2016-04-03,0.93,-118.75599740000001,36.7014631,California,6060843.76,-0.8481786728844973,-0.0013380795376130017,-0.07257069283483537,0.0,2016-04-03,15.61735958267673,0.20371854299511938
2017-04-16,1.34,-118.75599740000001,36.7014631,California,5442086.44,-0.8481786728844973,-0.0013380795376130017,0.29266961396282004,0.17045198123857092,2017-04-16,15.509673082065406,-0.10768650061132412
2016-10-09,1.34,-118.75599740000001,36.7014631,California,5375978.5,-0.8481786728844973,-0.0013380795376130017,0.29266961396282004,0.11871630683938206,2016-10-09,15.497451161921173,-0.012221920144233067
2016-06-05,0.94,-118.75599740000001,36.7014631,California,7365675.31,-0.8481786728844973,-0.0013380795376130017,-0.06187540371808753,-0.04167269640056806,2016-06-05,15.812341295460905,0.3148901335397323
2016-04-10,0.94,-118.75599740000001,36.7014631,California,6509000.56,-0.8481786728844973,-0.0013380795376130017,-0.06187540371808753,0.010695289116747844,2016-04-10,15.688696478589241,-0.12364481687166418
2016-10-02,1.19,-118.75599740000001,36.7014631,California,5652496.31,-0.8481786728844973,-0.0013380795376130017,0.17395330712343798,0.03419136474827936,2016-10-02,15.547607830325557,-0.1410886482636844
2015-08-16,1.11,-118.75599740000001,36.7014631,California,5616434.08,-0.8481786728844973,-0.0013380795376130017,0.10436001532424286,0.00904983551991792,2015-08-16,15.541207515148093,-0.006400315177463867
2017-01-22,0.76,-118.75599740000001,36.7014631,California,8153340.48,-0.8481786728844973,-0.0013380795376130017,-0.2744368457017603,-0.20186615286692494,2017-01-22,15.913938276087922,0.37273076093982915
2017-03-19,1.31,-118.75599740000001,36.7014631,California,5328958.01,-0.8481786728844973,-0.0013380795376130017,0.2700271372130602,0.0,2017-03-19,15.488666281720759,-0.42527199436716323
2015-11-08,0.98,-118.75599740000001,36.7014631,California,5148983.51,-0.8481786728844973,-0.0013380795376130017,-0.020202707317519466,0.031090587070031112,2015-11-08,15.454309876459545,-0.03435640526121375
2015-06-28,1.1,-118.75599740000001,36.7014631,California,5641742.02,-0.8481786728844973,-0.0013380795376130017,0.09531017980432493,0.02765153133051007,2015-06-28,15.545703444578422,0.09139356811887644
