avo.csv
Date,AveragePrice,lon,lat,region,Total Volume,lon_scaled,lat_scaled,logPrice,logPriceDiff,Date,logVol,logDiffVol
2016-04-17,0.93,-118.75599740000001,36.7014631,California,6397813.48,-0.8481786728844973,-0.0013380795376130017,-0.07257069283483537,-0.010695289116747844,2016-04-17,15.671466846206378,0.12576340162795674
2015-10-11,1.08,-118.75599740000001,36.7014631,California,5063309.38,-0.8481786728844973,-0.0013380795376130017,0.0769610411361284,0.057158413839948664,2015-10-11,15.437530855148745,-0.23393599105763307
2016-09-25,1.15,-118.75599740000001,36.7014631,California,6075588.68,-0.8481786728844973,-0.0013380795376130017,0.13976194237515863,-0.059088916370006545,2016-09-25,15.619789444553799,0.18225858940505368
2016-07-10,1.08,-118.75599740000001,36.7014631,California,6721690.88,-0.8481786728844973,-0.0013380795376130017,0.0769610411361284,-0.01834913866819654,2016-07-10,15.720850299896188,0.10106085534238929
2015-01-04,0.93,-118.75599740000001,36.7014631,California,5777334.9,-0.8481786728844973,-0.0013380795376130017,-0.07257069283483537,0.0,2015-01-04,15.569453044348496,-0.15139725554769257
2017-07-02,1.28,-118.75599740000001,36.7014631,California,6607292.61,-0.8481786728844973,-0.0013380795376130017,0.2468600779315258,0.10709813555636719,2017-07-02,15.703684537907838,0.1342314935593425
2017-12-10,1.06,-118.75599740000001,36.7014631,California,5715712.21,-0.8481786728844973,-0.0013380795376130017,0.058268908123975824,-0.02790878811707659,2017-12-10,15.558729468618829,-0.14495506928900959
2017-12-17,0.98,-118.75599740000001,36.7014631,California,6205211.05,-0.8481786728844973,-0.0013380795376130017,-0.020202707317519466,-0.0784716154414953,2017-12-17,15.640899988935248,0.08217052031641892
2017-09-10,1.71,-118.75599740000001,36.7014631,California,4380657.13,-0.8481786728844973,-0.0013380795376130017,0.5364933705145685,0.035718082602079315,2017-09-10,15.292709300779666,-0.3481906881555812
2015-05-31,0.98,-118.75599740000001,36.7014631,California,6236903.31,-0.8481786728844973,-0.0013380795376130017,-0.020202707317519466,-0.1155128871218444,2015-05-31,15.645994352742589,0.3532850519629225
2015-04-12,1.06,-118.75599740000001,36.7014631,California,5636644.51,-0.8481786728844973,-0.0013380795376130017,0.058268908123975824,-0.055059777183027445,2015-04-12,15.544799501388756,-0.10119485135383322
2017-12-24,1.13,-118.75599740000001,36.7014631,California,5346535.57,-0.8481786728844973,-0.0013380795376130017,0.12221763272424911,0.14242034004176857,2017-12-24,15.491959352107246,-0.052840149281509596
2017-12-31,0.93,-118.75599740000001,36.7014631,California,7132711.23,-0.8481786728844973,-0.0013380795376130017,-0.07257069283483537,-0.19478832555908449,2017-12-31,15.780201976773228,0.2882426246659815
2017-09-03,1.65,-118.75599740000001,36.7014631,California,4648718.22,-0.8481786728844973,-0.0013380795376130017,0.5007752879124892,-0.07583807639150464,2017-09-03,15.352102087951748,-0.42809988882148
2015-02-22,0.96,-118.75599740000001,36.7014631,California,5951871.32,-0.8481786728844973,-0.0013380795376130017,-0.040821994520255166,0.0,2015-02-22,15.599216235637702,0.24711414768595397
2015-04-19,1.05,-118.75599740000001,36.7014631,California,5871080.81,-0.8481786728844973,-0.0013380795376130017,0.04879016416943205,-0.009478743954543775,2015-04-19,15.585549299216627,-0.013666936421074638
2018-01-07,1.19,-118.75599740000001,36.7014631,California,5756632.36,-0.8481786728844973,-0.0013380795376130017,0.17395330712343798,0.24652399995827334,2018-01-07,15.56586320196971,-0.01968609724691639
2017-08-20,1.64,-118.75599740000001,36.7014631,California,4524974.68,-0.8481786728844973,-0.0013380795376130017,0.494696241836107,0.26358452087272033,2017-08-20,15.325122539520398,-0.24074066244931203
2015-02-08,0.91,-118.75599740000001,36.7014631,California,5871224.58,-0.8481786728844973,-0.0013380795376130017,-0.09431067947124129,0.06820825002653365,2015-02-08,15.585573786741902,0.2604512472215035
2018-01-14,1.27,-118.75599740000001,36.7014631,California,5927016.73,-0.8481786728844973,-0.0013380795376130017,0.23901690047049992,0.06506359334706194,2018-01-14,15.595031563441882,0.009457776699980158
2018-01-21,1.12,-118.75599740000001,36.7014631,California,6610010.64,-0.8481786728844973,-0.0013380795376130017,0.11332868530700327,-0.12568821516349665,2018-01-21,15.704095821508872,0.10906425806699005
2015-04-26,1.15,-118.75599740000001,36.7014631,California,4923565.04,-0.8481786728844973,-0.0013380795376130017,0.13976194237515863,0.09097177820572658,2015-04-26,15.409543427697496,-0.2945523938113759
2015-02-01,0.85,-118.75599740000001,36.7014631,California,9032180.67,-0.8481786728844973,-0.0013380795376130017,-0.16251892949777494,-0.22078783762175075,2015-02-01,16.016304387933094,0.6067609602355972
2017-08-13,1.26,-118.75599740000001,36.7014631,California,5862368.39,-0.8481786728844973,-0.0013380795376130017,0.23111172096338664,-0.07637297878457408,2017-08-13,15.584064242017728,-0.4322401459153653
2015-02-15,0.96,-118.75599740000001,36.7014631,California,5699944.93,-0.8481786728844973,-0.0013380795376130017,-0.040821994520255166,0.053488684950986125,2015-02-15,15.555967071354598,-0.028097170663130555
2018-01-28,1.16,-118.75599740000001,36.7014631,California,6134040.58,-0.8481786728844973,-0.0013380795376130017,0.14842000511827322,0.03509131981126995,2018-01-28,15.629364239219713,0.07339716786511552
2017-09-17,1.72,-118.75599740000001,36.7014631,California,4167531.38,-0.8481786728844973,-0.0013380795376130017,0.5423242908253617,0.005830920310793242,2017-09-17,15.2428344232728,-0.38652981594691305
2015-03-01,0.84,-118.75599740000001,36.7014631,California,6700134.25,-0.8481786728844973,-0.0013380795376130017,-0.1743533871447778,-0.13353139262452263,2015-03-01,15.717638121473883,0.47480369820108237
2017-10-22,1.53,-118.75599740000001,36.7014631,California,4420877.4,-0.8481786728844973,-0.0013380795376130017,0.4252677354043441,-0.09352605801082342,2017-10-22,15.301848741141345,-0.4157893803325372
2015-06-07,0.98,-118.75599740000001,36.7014631,California,6374842.9,-0.8481786728844973,-0.0013380795376130017,-0.020202707317519466,0.0,2015-06-07,15.667870005567861,0.36602126442651617
2017-10-29,1.2,-118.75599740000001,36.7014631,California,5714676.89,-0.8481786728844973,-0.0013380795376130017,0.1823215567939546,-0.2429461786103895,2017-10-29,15.55854831642991,-0.1093216891379516
2017-06-11,1.22,-118.75599740000001,36.7014631,California,6177216.24,-0.8481786728844973,-0.0013380795376130017,0.19885085874516517,0.01652930195121058,2017-06-11,15.636378281350385,0.07782996492047545
2017-10-15,1.68,-118.75599740000001,36.7014631,California,4066640.98,-0.8481786728844973,-0.0013380795376130017,0.5187937934151675,-0.035091319811270116,2017-10-15,15.218327904621985,-0.4180503767284005
2017-10-08,1.74,-118.75599740000001,36.7014631,California,4151444.41,-0.8481786728844973,-0.0013380795376130017,0.5538851132264376,-0.017094433359300165,2017-10-08,15.238966882253731,0.020638977631746158
2015-03-15,1.06,-118.75599740000001,36.7014631,California,5557163.11,-0.8481786728844973,-0.0013380795376130017,0.058268908123975824,0.09909090264423098,2015-03-15,15.530598303999728,0.291631421745997
2017-11-05,1.15,-118.75599740000001,36.7014631,California,5663438.53,-0.8481786728844973,-0.0013380795376130017,0.13976194237515863,-0.042559614418795966,2017-11-05,15.549541779851635,0.018943475851907365
2017-06-04,1.2,-118.75599740000001,36.7014631,California,6507093.57,-0.8481786728844973,-0.0013380795376130017,0.1823215567939546,-0.09531017980432496,2017-06-04,15.688403458272303,0.13886167842066754
2017-11-12,1.15,-118.75599740000001,36.7014631,California,5637795.0,-0.8481786728844973,-0.0013380795376130017,0.13976194237515863,0.0,2017-11-12,15.545003589583645,-0.1433998686886575
2017-10-01,1.77,-118.75599740000001,36.7014631,California,3870633.16,-0.8481786728844973,-0.0013380795376130017,0.5709795465857378,0.017094433359300165,2017-10-01,15.168928658858903,-0.37607493072474263
2015-03-08,0.96,-118.75599740000001,36.7014631,California,5990243.89,-0.8481786728844973,-0.0013380795376130017,-0.040821994520255166,0.13353139262452263,2015-03-08,15.605642685456406,0.43671402659750314
2017-09-24,1.74,-118.75599740000001,36.7014631,California,3937000.67,-0.8481786728844973,-0.0013380795376130017,0.5538851132264376,0.01156082240107592,2017-09-24,15.1859297401062,-0.41971294535020576
2017-11-19,1.26,-118.75599740000001,36.7014631,California,4782021.0,-0.8481786728844973,-0.0013380795376130017,0.23111172096338664,0.09134977858822801,2017-11-19,15.38037381845877,0.1944440783525696
2017-06-18,1.2,-118.75599740000001,36.7014631,California,6599048.85,-0.8481786728844973,-0.0013380795376130017,0.1823215567939546,-0.01652930195121058,2017-06-18,15.702436082974922,0.32206226451615194
2017-11-26,1.3,-118.75599740000001,36.7014631,California,4392810.0,-0.8481786728844973,-0.0013380795376130017,0.26236426446749106,0.03125254350410442,2017-11-26,15.295479671396585,-0.40695641157833684
2017-12-03,1.09,-118.75599740000001,36.7014631,California,5544556.0,-0.8481786728844973,-0.0013380795376130017,0.08617769624105241,-0.17618656822643863,2017-12-03,15.5283271034236,0.23284743202701463
2015-04-05,1.12,-118.75599740000001,36.7014631,California,5467155.55,-0.8481786728844973,-0.0013380795376130017,0.11332868530700327,0.018018505502678334,2015-04-05,15.514269030005753,-0.014058073417846373
2015-03-29,1.1,-118.75599740000001,36.7014631,California,5341821.67,-0.8481786728844973,-0.0013380795376130017,0.09531017980432493,0.03704127168034911,2015-03-29,15.491077289466602,-0.02319174053915063
2017-08-06,1.36,-118.75599740000001,36.7014631,California,5655955.05,-0.8481786728844973,-0.0013380795376130017,0.3074846997479607,-0.014598799421152497,2017-08-06,15.548219539214378,0.05714224974777515
2017-08-27,1.78,-118.75599740000001,36.7014631,California,4360013.67,-0.8481786728844973,-0.0013380795376130017,0.5766133643039938,0.0819171224678868,2017-08-27,15.287985750641402,-0.2602337885729753
2017-05-28,1.32,-118.75599740000001,36.7014631,California,6160751.92,-0.8481786728844973,-0.0013380795376130017,0.27763173659827955,-0.022472855852058604,2017-05-28,15.63370939299545,0.34572364235404685
2017-07-23,1.46,-118.75599740000001,36.7014631,California,5188483.1,-0.8481786728844973,-0.0013380795376130017,0.37843643572024505,-0.020339684237122735,2017-07-23,15.461951938818734,-0.17175745417671529
2015-05-10,0.93,-118.75599740000001,36.7014631,California,6650357.96,-0.8481786728844973,-0.0013380795376130017,-0.07257069283483537,0.05526267867504951,2015-05-10,15.71018123975476,0.24822930093602658
2017-06-25,1.15,-118.75599740000001,36.7014631,California,6999255.87,-0.8481786728844973,-0.0013380795376130017,0.13976194237515863,-0.042559614418795966,2017-06-25,15.761314397083172,0.05113315732841173
2018-02-25,1.03,-118.75599740000001,36.7014631,California,6750361.46,-0.8481786728844973,-0.0013380795376130017,0.02955880224154443,-0.0657513775627805,2018-02-25,15.725106611044612,-0.036207786038559675
2018-02-04,0.8,-118.75599740000001,36.7014631,California,10894677.77,-0.8481786728844973,-0.0013380795376130017,-0.2231435513142097,-0.37156355643248296,2018-02-04,16.203784949971208,0.4786783389265956
2018-03-04,1.13,-118.75599740000001,36.7014631,California,6295529.61,-0.8481786728844973,-0.0013380795376130017,0.12221763272424911,0.09265883048270468,2018-03-04,15.655350353772373,-0.5484345961988346
2017-07-16,1.49,-118.75599740000001,36.7014631,California,5405190.35,-0.8481786728844973,-0.0013380795376130017,0.3987761199573678,0.15191604202584197,2017-07-16,15.502870225826632,-0.15248012794574173
2017-07-09,1.28,-118.75599740000001,36.7014631,California,6499668.48,-0.8481786728844973,-0.0013380795376130017,0.2468600779315258,0.0,2017-07-09,15.687261730488242,0.18439150466161003
2015-01-11,0.92,-118.75599740000001,36.7014631,California,6024932.34,-0.8481786728844973,-0.0013380795376130017,-0.08338160893905101,-0.01081091610421564,2015-01-11,15.611416807402419,-0.07584492308582291
2018-03-11,1.11,-118.75599740000001,36.7014631,California,6488605.43,-0.8481786728844973,-0.0013380795376130017,0.10436001532424286,-0.017857617400006257,2018-03-11,15.685558185775196,0.07414137837277757
2015-05-17,1.08,-118.75599740000001,36.7014631,California,5289138.5,-0.8481786728844973,-0.0013380795376130017,0.0769610411361284,0.14953173397096375,2015-05-17,15.481165936129914,-0.20439224964528258
2018-03-18,1.02,-118.75599740000001,36.7014631,California,6802084.11,-0.8481786728844973,-0.0013380795376130017,0.01980262729617973,-0.08455738802806312,2018-03-18,15.732739609953567,0.25157367382365337
2015-05-24,1.1,-118.75599740000001,36.7014631,California,5621713.64,-0.8481786728844973,-0.0013380795376130017,0.09531017980432493,0.01834913866819654,2015-05-24,15.54214709354125,-0.1905925164123179
2018-03-25,1.04,-118.75599740000001,36.7014631,California,6687009.44,-0.8481786728844973,-0.0013380795376130017,0.03922071315328133,0.0194180858571016,2018-03-25,15.71567731272945,0.17353021918820133
2017-05-21,1.35,-118.75599740000001,36.7014631,California,5599003.03,-0.8481786728844973,-0.0013380795376130017,0.30010459245033816,0.14310084364067346,2017-05-21,15.53809910949895,-0.17757820323050133
2015-01-18,1.02,-118.75599740000001,36.7014631,California,5570915.26,-0.8481786728844973,-0.0013380795376130017,0.01980262729617973,0.10318423623523074,2015-01-18,15.533069917973606,-0.005029191525343535
2018-02-18,1.1,-118.75599740000001,36.7014631,California,6379219.83,-0.8481786728844973,-0.0013380795376130017,0.09531017980432493,0.1155128871218444,2018-02-18,15.668556364144653,0.135486446171047
2015-03-22,1.06,-118.75599740000001,36.7014631,California,5571812.77,-0.8481786728844973,-0.0013380795376130017,0.058268908123975824,0.0,2015-03-22,15.533231011379012,-0.13532535276564062
2017-07-30,1.38,-118.75599740000001,36.7014631,California,5571000.96,-0.8481786728844973,-0.0013380795376130017,0.3220834991691132,-0.05635293655113183,2017-07-30,15.533085301323885,-0.00014571005512742374
2015-05-03,0.88,-118.75599740000001,36.7014631,California,8567534.49,-0.8481786728844973,-0.0013380795376130017,-0.12783337150988489,-0.26759531388504354,2015-05-03,15.963490558401235,0.43040525707735
2018-02-11,0.98,-118.75599740000001,36.7014631,California,6718358.1,-0.8481786728844973,-0.0013380795376130017,-0.020202707317519466,0.20294084399669024,2018-02-11,15.720354352288664,-0.24313620611257036
2015-01-25,1.06,-118.75599740000001,36.7014631,California,4929884.26,-0.8481786728844973,-0.0013380795376130017,0.058268908123975824,0.038466280827796094,2015-01-25,15.410826069069863,-0.30952828321880155
2017-01-01,1.21,-80.8431268,35.2270869,Charlotte,217051.5,0.6208596615155271,-0.13608474210368815,0.1906203596086497,-0.03252319170556006,2017-01-01,12.287889931553895,0.0
2017-03-05,1.41,-80.8431268,35.2270869,Charlotte,202553.07,0.6208596615155271,-0.13608474210368815,0.34358970439007686,0.11247798342669021,2017-03-05,12.218757205267394,-0.06913272628650091
2016-11-13,1.64,-80.8431268,35.2270869,Charlotte,144089.12,0.6208596615155271,-0.13608474210368815,0.494696241836107,0.04362062247589027,2016-11-13,11.878187276014279,-0.3405699292531157
2017-09-24,1.72,-80.8431268,35.2270869,Charlotte,186923.93,0.6208596615155271,-0.13608474210368815,0.5423242908253617,0.06609011182899,2017-09-24,12.138457021630789,0.26026974561650995
2015-07-19,1.19,-80.8431268,35.2270869,Charlotte,187575.03,0.6208596615155271,-0.13608474210368815,0.17395330712343798,0.008438868645864656,2015-07-19,12.141934204349942,0.0034771827191537596
2015-08-16,1.24,-80.8431268,35.2270869,Charlotte,178525.52,0.6208596615155271,-0.13608474210368815,0.2151113796169455,0.024491020008295783,2015-08-16,12.092486839170386,-0.04944736517955661
2017-10-01,1.76,-80.8431268,35.2270869,Charlotte,180280.25,0.6208596615155271,-0.13608474210368815,0.5653138090500605,0.022989518224698746,2017-10-01,12.102267863535374,0.009781024364988511
2015-09-20,1.2,-80.8431268,35.2270869,Charlotte,161443.98,0.6208596615155271,-0.13608474210368815,0.1823215567939546,0.008368249670516609,2015-09-20,11.991913488405455,-0.11035437512991919
2016-11-06,1.57,-80.8431268,35.2270869,Charlotte,142095.92,0.6208596615155271,-0.13608474210368815,0.45107561936021673,-0.006349227678658753,2016-11-06,11.864257601498466,-0.12765588690698948
2017-01-15,1.37,-80.8431268,35.2270869,Charlotte,196897.85,0.6208596615155271,-0.13608474210368815,0.3148107398400336,0.06795066190850779,2017-01-15,12.190440345319253,0.3261827438207874
2015-03-29,1.23,-80.8431268,35.2270869,Charlotte,178788.49,0.6208596615155271,-0.13608474210368815,0.20701416938432612,0.03306086226088814,2015-03-29,12.093958766047692,-0.0964815792715612
2017-07-09,1.32,-80.8431268,35.2270869,Charlotte,222027.09,0.6208596615155271,-0.13608474210368815,0.27763173659827955,-0.029852963149681166,2017-07-09,12.310554680436752,0.21659591438906034
2017-10-08,1.77,-80.8431268,35.2270869,Charlotte,178991.71,0.6208596615155271,-0.13608474210368815,0.5709795465857378,0.00566573753567734,2017-10-08,12.095094770901257,-0.215459909535495
2017-03-12,1.55,-80.8431268,35.2270869,Charlotte,207026.03,0.6208596615155271,-0.13608474210368815,0.4382549309311553,0.09466522654107845,2017-03-12,12.24059981313406,0.14550504223280214
2017-01-29,1.33,-80.8431268,35.2270869,Charlotte,213609.12,0.6208596615155271,-0.13608474210368815,0.28517894223366247,0.11966450375608914,2017-01-29,12.271903081785915,0.03130326865185573
2016-10-30,1.58,-80.8431268,35.2270869,Charlotte,142955.49,0.6208596615155271,-0.13608474210368815,0.4574248470388755,0.03871451218069044,2016-10-30,11.87028860204973,-0.40161447973618536
2016-10-23,1.52,-80.8431268,35.2270869,Charlotte,167741.27,0.6208596615155271,-0.13608474210368815,0.41871033485818504,0.08940658771558474,2016-10-23,12.030178011750948,0.15988940970121845
2015-08-09,1.21,-80.8431268,35.2270869,Charlotte,173059.32,0.6208596615155271,-0.13608474210368815,0.1906203596086497,-0.024491020008295783,2015-08-09,12.061389704879925,0.031211693128977203
