avo.csv
Date,AveragePrice,lon,lat,region,Total Volume,lon_scaled,lat_scaled,logPrice,logPriceDiff,Date,logVol,logDiffVol
2015-09-27,1.09,-80.8431268,35.2270869,Charlotte,168780.22,0.6208596615155271,-0.13608474210368815,0.08617769624105241,-0.09614386055290218,2015-09-27,12.036352674183084,-0.02503703069684171
2016-10-16,1.39,-80.8431268,35.2270869,Charlotte,190846.01,0.6208596615155271,-0.13608474210368815,0.3293037471426003,-0.08280590368423268,2016-10-16,12.159222151483782,0.1228694773006982
2017-08-13,1.47,-80.8431268,35.2270869,Charlotte,209771.02,0.6208596615155271,-0.13608474210368815,0.3852624007906449,0.027587956518829004,2017-08-13,12.25377183384943,0.09454968236564909
2017-10-15,1.7,-80.8431268,35.2270869,Charlotte,175323.3,0.6208596615155271,-0.13608474210368815,0.5306282510621704,-0.04035129552356742,2017-10-15,12.074386977079762,-0.1793848567696692
2015-05-17,1.21,-80.8431268,35.2270869,Charlotte,190799.99,0.6208596615155271,-0.13608474210368815,0.1906203596086497,0.01666705248521172,2015-05-17,12.158980985585421,0.08459400850565935
2015-07-12,1.18,-80.8431268,35.2270869,Charlotte,182856.82,0.6208596615155271,-0.13608474210368815,0.16551443847757333,0.0,2015-07-12,12.116458721213927,-0.042522264371493534
2017-03-19,1.47,-80.8431268,35.2270869,Charlotte,206732.76,0.6208596615155271,-0.13608474210368815,0.3852624007906449,-0.05299253014051042,2017-03-19,12.239182223677595,0.1227235024636677
2017-08-06,1.43,-80.8431268,35.2270869,Charlotte,206493.73,0.6208596615155271,-0.13608474210368815,0.3576744442718159,0.02120220765060299,2017-08-06,12.238025327726128,-0.001156895951467618
2017-07-16,1.38,-80.8431268,35.2270869,Charlotte,209534.16,0.6208596615155271,-0.13608474210368815,0.3220834991691132,0.044451762570833664,2017-07-16,12.252642059944927,0.014616732218799555
2015-04-05,1.19,-80.8431268,35.2270869,Charlotte,177919.28,0.6208596615155271,-0.13608474210368815,0.17395330712343798,-0.03306086226088814,2015-04-05,12.089085243273576,-0.1635568166713508
2017-02-26,1.26,-80.8431268,35.2270869,Charlotte,241552.96,0.6208596615155271,-0.13608474210368815,0.23111172096338664,-0.05406722127027583,2017-02-26,12.39484402409915,0.30575878082557395
2015-09-13,1.19,-80.8431268,35.2270869,Charlotte,171077.53,0.6208596615155271,-0.13608474210368815,0.17395330712343798,0.16400297627026988,2015-09-13,12.049872124546651,-0.3449718995524993
2016-12-25,1.25,-80.8431268,35.2270869,Charlotte,155793.03,0.6208596615155271,-0.13608474210368815,0.22314355131420976,0.008032171697264279,2016-12-25,11.956283674575957,-0.09358844997069404
2017-08-27,1.58,-80.8431268,35.2270869,Charlotte,208438.23,0.6208596615155271,-0.13608474210368815,0.4574248470388755,0.03871451218069044,2017-08-27,12.247398017334822,0.29111434275886516
2015-05-03,1.0,-80.8431268,35.2270869,Charlotte,261492.2,0.6208596615155271,-0.13608474210368815,0.0,-0.1823215567939546,2015-05-03,12.474159734126383,0.22676171679156099
2017-02-12,1.25,-80.8431268,35.2270869,Charlotte,206762.31,0.6208596615155271,-0.13608474210368815,0.22314355131420976,0.27443684570176036,2017-02-12,12.239325151621331,-0.23483458250505151
2017-09-03,1.65,-80.8431268,35.2270869,Charlotte,200900.91,0.6208596615155271,-0.13608474210368815,0.5007752879124892,0.04335044087361367,2017-09-03,12.210567080409492,-0.02875807121183982
2016-12-18,1.24,-80.8431268,35.2270869,Charlotte,144634.01,0.6208596615155271,-0.13608474210368815,0.2151113796169455,-0.07006756261671698,2016-12-18,11.881961761604737,-0.32860531880475463
2015-08-23,1.15,-80.8431268,35.2270869,Charlotte,203298.37,0.6208596615155271,-0.13608474210368815,0.13976194237515863,-0.07534943724178686,2015-08-23,12.222429981876475,0.3404682202717382
2015-04-19,1.18,-80.8431268,35.2270869,Charlotte,180944.22,0.6208596615155271,-0.13608474210368815,0.16551443847757333,0.008510689667908633,2015-04-19,12.105944085956155,-0.1164858959203201
2015-04-26,1.2,-80.8431268,35.2270869,Charlotte,182141.55,0.6208596615155271,-0.13608474210368815,0.1823215567939546,0.016807118316381264,2015-04-26,12.112539411023011,0.006595325066856006
2015-08-30,1.2,-80.8431268,35.2270869,Charlotte,179026.88,0.6208596615155271,-0.13608474210368815,0.1823215567939546,0.042559614418795966,2015-08-30,12.095291241146633,-0.017248169876378228
2017-01-08,1.28,-80.8431268,35.2270869,Charlotte,219338.92,0.6208596615155271,-0.13608474210368815,0.2468600779315258,0.05623971832287611,2017-01-08,12.298373392439581,0.20308215129294815
2015-08-02,1.24,-80.8431268,35.2270869,Charlotte,179321.9,0.6208596615155271,-0.13608474210368815,0.2151113796169455,0.008097210232619362,2015-08-02,12.096937793796558,-0.20143559864302318
2015-07-26,1.23,-80.8431268,35.2270869,Charlotte,173896.82,0.6208596615155271,-0.13608474210368815,0.20701416938432612,0.03306086226088814,2015-07-26,12.066217413803699,-0.030720379992859037
2017-09-10,1.69,-80.8431268,35.2270869,Charlotte,187822.6,0.6208596615155271,-0.13608474210368815,0.5247285289349821,0.023953241022492966,2017-09-10,12.143253179304,0.07703576550030178
2016-12-11,1.33,-80.8431268,35.2270869,Charlotte,145815.04,0.6208596615155271,-0.13608474210368815,0.28517894223366247,-0.007490671729157572,2016-12-11,11.890094248243441,-0.2531589310605593
2015-04-12,1.17,-80.8431268,35.2270869,Charlotte,204005.24,0.6208596615155271,-0.13608474210368815,0.1570037488096647,-0.01694955831377329,2015-04-12,12.225900958770977,0.3358067105275353
2017-02-05,0.95,-80.8431268,35.2270869,Charlotte,359702.04,0.6208596615155271,-0.13608474210368815,-0.05129329438755058,-0.33647223662121306,2017-02-05,12.793031301060461,0.5671303422894844
2017-02-19,1.33,-80.8431268,35.2270869,Charlotte,198557.9,0.6208596615155271,-0.13608474210368815,0.28517894223366247,0.062035390919452704,2017-02-19,12.19883602423424,-0.5941952768262215
2015-05-10,1.19,-80.8431268,35.2270869,Charlotte,192767.09,0.6208596615155271,-0.13608474210368815,0.17395330712343798,0.17395330712343798,2015-05-10,12.169237951567782,-0.029598072666457753
2016-12-04,1.34,-80.8431268,35.2270869,Charlotte,154742.81,0.6208596615155271,-0.13608474210368815,0.29266961396282004,-0.1391128024627178,2016-12-04,11.949519727431907,-0.2197182241358746
2017-09-17,1.61,-80.8431268,35.2270869,Charlotte,192447.11,0.6208596615155271,-0.13608474210368815,0.4762341789963717,-0.048494349938610404,2017-09-17,12.167576641711634,0.2180569142797264
2015-09-06,1.01,-80.8431268,35.2270869,Charlotte,227728.43,0.6208596615155271,-0.13608474210368815,0.009950330853168092,-0.1723712259407865,2015-09-06,12.335909101526147,0.16833245981451306
2017-08-20,1.52,-80.8431268,35.2270869,Charlotte,212479.12,0.6208596615155271,-0.13608474210368815,0.41871033485818504,0.03344793406754015,2017-08-20,12.266599003695365,-0.06931009783078146
2016-11-27,1.54,-80.8431268,35.2270869,Charlotte,131453.85,0.6208596615155271,-0.13608474210368815,0.43178241642553783,-0.0192932029346789,2016-11-27,11.786411118432051,-0.48018788526331413
2017-07-23,1.39,-80.8431268,35.2270869,Charlotte,215463.51,0.6208596615155271,-0.13608474210368815,0.3293037471426003,0.007220247973487082,2017-07-23,12.280546847042308,0.49413572861025656
2016-11-20,1.57,-80.8431268,35.2270869,Charlotte,135608.11,0.6208596615155271,-0.13608474210368815,0.45107561936021673,-0.04362062247589027,2016-11-20,11.817524460959577,-0.4630223860827307
2017-07-30,1.4,-80.8431268,35.2270869,Charlotte,212607.67,0.6208596615155271,-0.13608474210368815,0.3364722366212129,0.007168489478612594,2017-07-30,12.26720382137939,0.4496793604198128
2015-10-04,1.22,-80.8431268,35.2270869,Charlotte,146737.74,0.6208596615155271,-0.13608474210368815,0.19885085874516517,0.11267316250411276,2015-10-04,11.896402190759169,-0.3708016306202211
2017-01-22,1.18,-80.8431268,35.2270869,Charlotte,247754.7,0.6208596615155271,-0.13608474210368815,0.16551443847757333,-0.14929630136246028,2017-01-22,12.420194422748922,0.5237922319897539
2017-05-21,1.5,-80.8431268,35.2270869,Charlotte,227842.05,0.6208596615155271,-0.13608474210368815,0.4054651081081644,0.06187540371808753,2017-05-21,12.336407904707405,-0.08378651804151716
2015-03-22,1.19,-80.8431268,35.2270869,Charlotte,182876.15,0.6208596615155271,-0.13608474210368815,0.17395330712343798,0.0,2015-03-22,12.116564426751047,-0.21984347795635806
2016-04-10,1.1,-80.8431268,35.2270869,Charlotte,210587.77,0.6208596615155271,-0.13608474210368815,0.09531017980432493,-0.018018505502678334,2016-04-10,12.257657804821019,0.14109337806997146
2016-01-03,0.96,-80.8431268,35.2270869,Charlotte,203961.88,0.6208596615155271,-0.13608474210368815,-0.040821994520255166,0.0,2016-01-03,12.225688392620237,-0.03196941220078209
2018-02-11,1.18,-80.8431268,35.2270869,Charlotte,262133.71,0.6208596615155271,-0.13608474210368815,0.16551443847757333,0.17556477433107479,2018-02-11,12.476609996073725,0.250921603453488
2016-04-17,1.14,-80.8431268,35.2270869,Charlotte,212440.76,0.6208596615155271,-0.13608474210368815,0.131028262406404,0.035718082602079065,2016-04-17,12.266418452010637,-0.21019154406308793
2015-01-25,1.18,-80.8431268,35.2270869,Charlotte,167270.13,0.6208596615155271,-0.13608474210368815,0.16551443847757333,-0.05762911283663644,2015-01-25,12.027365329492337,-0.2390531225182997
2016-04-24,1.12,-80.8431268,35.2270869,Charlotte,217385.39,0.6208596615155271,-0.13608474210368815,0.11332868530700327,-0.017699577099400732,2016-04-24,12.289427048099135,0.26206171860679817
2016-05-01,1.04,-80.8431268,35.2270869,Charlotte,249786.11,0.6208596615155271,-0.13608474210368815,0.03922071315328133,-0.07410797215372195,2016-05-01,12.42836027064404,0.13893322254490492
2018-02-04,0.99,-80.8431268,35.2270869,Charlotte,411160.94,0.6208596615155271,-0.13608474210368815,-0.01005033585350145,-0.32486107569353506,2018-02-04,12.926739998338856,0.4983797276948163
2016-01-10,0.95,-80.8431268,35.2270869,Charlotte,196216.36,0.6208596615155271,-0.13608474210368815,-0.05129329438755058,-0.010471299867295412,2016-01-10,12.186973206938855,-0.739766791400001
2015-12-27,0.96,-80.8431268,35.2270869,Charlotte,156698.24,0.6208596615155271,-0.13608474210368815,-0.040821994520255166,-0.0206192872027357,2015-12-27,11.962077196628197,-0.2248960103106583
2015-02-01,0.98,-80.8431268,35.2270869,Charlotte,254009.7,0.6208596615155271,-0.13608474210368815,-0.020202707317519466,-0.1857171457950928,2015-02-01,12.44512773424787,0.48305053761967365
2016-05-08,1.05,-80.8431268,35.2270869,Charlotte,253622.75,0.6208596615155271,-0.13608474210368815,0.04879016416943205,0.00956945101615072,2016-05-08,12.44360320572356,-0.0015245285243103979
2018-01-21,1.11,-80.8431268,35.2270869,Charlotte,331324.99,0.6208596615155271,-0.13608474210368815,0.10436001532424286,-0.21772348384487036,2018-01-21,12.710855015567033,0.2672518098434722
2016-05-15,1.12,-80.8431268,35.2270869,Charlotte,215807.01,0.6208596615155271,-0.13608474210368815,0.11332868530700327,0.06453852113757122,2016-05-15,12.282139815059864,-0.4287152005071686
2015-12-20,0.98,-80.8431268,35.2270869,Charlotte,139917.89,0.6208596615155271,-0.13608474210368815,-0.020202707317519466,0.031090587070031112,2015-12-20,11.848811029533039,-0.4333287855268253
2016-05-22,1.26,-80.8431268,35.2270869,Charlotte,203492.89,0.6208596615155271,-0.13608474210368815,0.23111172096338664,0.11778303565638337,2016-05-22,12.223386344679483,0.37457531514644415
2015-12-13,0.95,-80.8431268,35.2270869,Charlotte,157146.19,0.6208596615155271,-0.13608474210368815,-0.05129329438755058,-0.04124295853404913,2015-12-13,11.964931797579284,-0.25845454710019844
2016-05-29,1.21,-80.8431268,35.2270869,Charlotte,235009.02,0.6208596615155271,-0.13608474210368815,0.1906203596086497,-0.04049136135473694,2016-05-29,12.367379175368411,0.40244737778912665
2018-01-28,1.37,-80.8431268,35.2270869,Charlotte,247893.13,0.6208596615155271,-0.13608474210368815,0.3148107398400336,0.21045072451579075,2018-01-28,12.42075300485186,0.0533738294834496
2018-01-14,1.38,-80.8431268,35.2270869,Charlotte,251260.54,0.6208596615155271,-0.13608474210368815,0.3220834991691132,0.014598799421152497,2018-01-14,12.434245687724292,0.013492682872431772
2018-02-18,1.36,-80.8431268,35.2270869,Charlotte,224395.77,0.6208596615155271,-0.13608474210368815,0.3074846997479607,0.1419702612703874,2018-02-18,12.32116660218563,-0.1130790855386632
2018-02-25,1.34,-80.8431268,35.2270869,Charlotte,249254.23,0.6208596615155271,-0.13608474210368815,0.29266961396282004,-0.01481508578514068,2018-02-25,12.42622865859282,0.10506205640719024
2018-03-25,1.32,-80.8431268,35.2270869,Charlotte,258547.55,0.6208596615155271,-0.13608474210368815,0.27763173659827955,0.287682072451781,2018-03-25,12.462834901856052,0.036606243263232585
2016-02-07,0.8,-80.8431268,35.2270869,Charlotte,325941.39,0.6208596615155271,-0.13608474210368815,-0.2231435513142097,-0.17185025692665912,2016-02-07,12.69447285890946,0.23163795705340817
2016-02-14,1.0,-80.8431268,35.2270869,Charlotte,204110.86,0.6208596615155271,-0.13608474210368815,0.0,0.2231435513142097,2016-02-14,12.226418556593547,-0.46805430231591316
2016-02-21,1.07,-80.8431268,35.2270869,Charlotte,193132.2,0.6208596615155271,-0.13608474210368815,0.06765864847381486,0.06765864847381486,2016-02-21,12.171130207492606,-0.05528834910094105
2018-03-18,0.99,-80.8431268,35.2270869,Charlotte,396324.57,0.6208596615155271,-0.13608474210368815,-0.01005033585350145,-0.24906723632400138,2018-03-18,12.889988775742696,0.7188585682500896
2016-01-31,0.95,-80.8431268,35.2270869,Charlotte,214135.89,0.6208596615155271,-0.13608474210368815,-0.05129329438755058,0.032088314551500435,2016-01-31,12.274366092476797,-0.6156226832658991
2015-01-04,1.19,-80.8431268,35.2270869,Charlotte,166006.29,0.6208596615155271,-0.13608474210368815,0.17395330712343798,0.0,2015-01-04,12.019780958187079,-0.25458513428971763
2015-01-11,1.26,-80.8431268,35.2270869,Charlotte,159942.68,0.6208596615155271,-0.13608474210368815,0.23111172096338664,0.05715841383994866,2015-01-11,11.982570780029102,-0.037210178157977225
2016-04-03,1.12,-80.8431268,35.2270869,Charlotte,192341.67,0.6208596615155271,-0.13608474210368815,0.11332868530700327,-0.017699577099400732,2016-04-03,12.167028600770113,0.18445782074101125
2016-02-28,1.05,-80.8431268,35.2270869,Charlotte,215161.41,0.6208596615155271,-0.13608474210368815,0.04879016416943205,-0.018868484304382815,2016-02-28,12.279143769628394,0.11211516885828132
2016-01-24,0.92,-80.8431268,35.2270869,Charlotte,207961.33,0.6208596615155271,-0.13608474210368815,-0.08338160893905101,-0.06317890162153154,2016-01-24,12.245107427937867,-0.03403634169052694
2018-03-11,1.27,-80.8431268,35.2270869,Charlotte,279661.71,0.6208596615155271,-0.13608474210368815,0.23901690047049992,-0.038614836127779634,2018-03-11,12.541335973143838,0.2962285452059703
2016-03-13,1.05,-80.8431268,35.2270869,Charlotte,236131.07,0.6208596615155271,-0.13608474210368815,0.04879016416943205,-0.037387532071620364,2016-03-13,12.372142311196532,-0.16919366194730578
2016-01-17,0.98,-80.8431268,35.2270869,Charlotte,206778.29,0.6208596615155271,-0.13608474210368815,-0.020202707317519466,0.031090587070031112,2016-01-17,12.239402435447916,-0.1327398757486158
2018-03-04,1.32,-80.8431268,35.2270869,Charlotte,259060.74,0.6208596615155271,-0.13608474210368815,0.27763173659827955,-0.015037877364540486,2018-03-04,12.464817830561291,0.22541539511337483
2016-03-20,1.15,-80.8431268,35.2270869,Charlotte,205367.45,0.6208596615155271,-0.13608474210368815,0.13976194237515863,0.09097177820572658,2016-03-20,12.232556092643136,-0.2322617379181544
2016-03-27,1.14,-80.8431268,35.2270869,Charlotte,189944.6,0.6208596615155271,-0.13608474210368815,0.131028262406404,-0.008733679968754626,2016-03-27,12.154487729677848,-0.07806836296528807
2015-01-18,1.25,-80.8431268,35.2270869,Charlotte,152671.15,0.6208596615155271,-0.13608474210368815,0.22314355131420976,-0.007968169649176876,2015-01-18,11.936041540809242,-0.21844618886860623
2016-03-06,1.09,-80.8431268,35.2270869,Charlotte,208506.12,0.6208596615155271,-0.13608474210368815,0.08617769624105241,0.037387532071620364,2016-03-06,12.247723672308203,0.3116821314989604
2018-01-07,1.36,-80.8431268,35.2270869,Charlotte,243301.08,0.6208596615155271,-0.13608474210368815,0.3074846997479607,0.3800553925827961,2018-01-07,12.402054967726004,0.15433129541780133
2016-06-05,1.25,-80.8431268,35.2270869,Charlotte,209797.27,0.6208596615155271,-0.13608474210368815,0.22314355131420976,0.03252319170556006,2016-06-05,12.253896962466916,-0.14815800525908784
2015-12-06,0.99,-80.8431268,35.2270869,Charlotte,156114.08,0.6208596615155271,-0.13608474210368815,-0.01005033585350145,0.04124295853404913,2015-12-06,11.958342301026523,-0.2955546614403932
2017-11-26,1.4,-80.8431268,35.2270869,Charlotte,170412.0,0.6208596615155271,-0.13608474210368815,0.3364722366212129,0.0,2017-11-26,12.045974313433014,0.0876320124064911
2015-11-01,1.11,-80.8431268,35.2270869,Charlotte,171793.87,0.6208596615155271,-0.13608474210368815,0.10436001532424286,-0.13465688514625707,2015-11-01,12.054050606871263,0.008076293438248783
2017-11-19,1.4,-80.8431268,35.2270869,Charlotte,179011.0,0.6208596615155271,-0.13608474210368815,0.3364722366212129,-0.028170876966696345,2017-11-19,12.09520253544873,0.041151928577466634
2016-08-21,1.38,-80.8431268,35.2270869,Charlotte,193592.65,0.6208596615155271,-0.13608474210368815,0.3220834991691132,-0.014388737452099676,2016-08-21,12.173511488227897,0.07830895277916738
2015-10-25,1.27,-80.8431268,35.2270869,Charlotte,140920.61,0.6208596615155271,-0.13608474210368815,0.23901690047049992,0.00790517950711328,2015-10-25,11.855951961142939,-0.31755952708495805
2015-03-08,1.25,-80.8431268,35.2270869,Charlotte,159386.69,0.6208596615155271,-0.13608474210368815,0.22314355131420976,0.05762911283663644,2015-03-08,11.979088541224527,0.12313658008158868
2016-08-28,1.4,-80.8431268,35.2270869,Charlotte,187984.8,0.6208596615155271,-0.13608474210368815,0.3364722366212129,0.014388737452099676,2016-08-28,12.144116387479633,0.16502784625510536
2017-07-02,1.36,-80.8431268,35.2270869,Charlotte,224816.41,0.6208596615155271,-0.13608474210368815,0.3074846997479607,0.022305757514298252,2017-07-02,12.323039392558073,0.17892300507844006
