avo.csv
Date,AveragePrice,lon,lat,region,Total Volume,lon_scaled,lat_scaled,logPrice,logPriceDiff,Date,logVol,logDiffVol
2016-08-14,1.4,-80.8431268,35.2270869,Charlotte,195250.96,0.6208596615155271,-0.13608474210368815,0.3364722366212129,-0.02120220765060299,2016-08-14,12.182040984463212,-0.14099840809486075
2017-11-12,1.44,-80.8431268,35.2270869,Charlotte,190445.0,0.6208596615155271,-0.13608474210368815,0.36464311358790924,-0.020619287202735648,2017-11-12,12.157118717952248,-0.02492226651096452
2016-09-11,1.42,-80.8431268,35.2270869,Charlotte,180989.26,0.6208596615155271,-0.13608474210368815,0.35065687161316933,0.06547792937950686,2016-09-11,12.106192971470877,-0.05092574648137038
2015-03-15,1.19,-80.8431268,35.2270869,Charlotte,183944.05,0.6208596615155271,-0.13608474210368815,0.17395330712343798,-0.04919024419077178,2015-03-15,12.122386914263659,0.016193942792781968
2017-11-05,1.47,-80.8431268,35.2270869,Charlotte,187381.18,0.6208596615155271,-0.13608474210368815,0.3852624007906449,-0.013513719166722893,2017-11-05,12.140900216848998,0.018513302585338565
2016-09-18,1.43,-80.8431268,35.2270869,Charlotte,182978.3,0.6208596615155271,-0.13608474210368815,0.3576744442718159,0.007017572658646554,2016-09-18,12.117122845557512,-0.023777371291485494
2017-10-29,1.49,-80.8431268,35.2270869,Charlotte,183224.98,0.6208596615155271,-0.13608474210368815,0.3987761199573678,-0.09592012187873922,2017-10-29,12.118470075638635,0.0013472300811230298
2016-09-25,1.47,-80.8431268,35.2270869,Charlotte,189131.52,0.6208596615155271,-0.13608474210368815,0.3852624007906449,0.027587956518829004,2016-09-25,12.15019792505029,0.03172784941165396
2015-10-11,1.14,-80.8431268,35.2270869,Charlotte,167396.56,0.6208596615155271,-0.13608474210368815,0.131028262406404,-0.06782259633876117,2015-10-11,12.028120887244526,-0.12207703780576296
2016-10-02,1.48,-80.8431268,35.2270869,Charlotte,178410.82,0.6208596615155271,-0.13608474210368815,0.3920420877760237,0.0067796869853787856,2016-10-02,12.091844147513111,0.06372326026858488
2015-10-18,1.26,-80.8431268,35.2270869,Charlotte,156565.98,0.6208596615155271,-0.13608474210368815,0.23111172096338664,0.10008345855698264,2015-10-18,11.961232797559203,-0.13061134995390766
2015-11-08,1.03,-80.8431268,35.2270869,Charlotte,164322.04,0.6208596615155271,-0.13608474210368815,0.02955880224154443,-0.07480121308269842,2015-11-08,12.009583439885711,0.048350642326507653
2016-08-07,1.43,-80.8431268,35.2270869,Charlotte,196381.45,0.6208596615155271,-0.13608474210368815,0.3576744442718159,-0.03436764350420779,2016-08-07,12.187814220339979,0.17823078045426755
2017-12-03,1.26,-80.8431268,35.2270869,Charlotte,220837.0,0.6208596615155271,-0.13608474210368815,0.23111172096338664,-0.10536051565782625,2017-12-03,12.305180151810148,0.11736593147016983
2015-02-08,1.17,-80.8431268,35.2270869,Charlotte,150139.38,0.6208596615155271,-0.13608474210368815,0.1570037488096647,0.17720645612718416,2015-02-08,11.919319341639314,-0.3858608101708345
2016-06-12,1.25,-80.8431268,35.2270869,Charlotte,209095.62,0.6208596615155271,-0.13608474210368815,0.22314355131420976,0.0,2016-06-12,12.250546938281984,0.33122759664266965
2015-02-15,1.22,-80.8431268,35.2270869,Charlotte,156798.51,0.6208596615155271,-0.13608474210368815,0.19885085874516517,0.041847109935500476,2015-02-15,11.962716884302274,-0.2878300539797092
2017-12-31,0.93,-80.8431268,35.2270869,Charlotte,346356.5,0.6208596615155271,-0.13608474210368815,-0.07257069283483537,-0.35774963506849783,2017-12-31,12.755223870417714,0.7925069861154395
2016-06-19,1.21,-80.8431268,35.2270869,Charlotte,238720.78,0.6208596615155271,-0.13608474210368815,0.1906203596086497,-0.03252319170556006,2016-06-19,12.383049863418469,-0.37217400699924497
2015-11-29,0.95,-80.8431268,35.2270869,Charlotte,138858.86,0.6208596615155271,-0.13608474210368815,-0.05129329438755058,-0.05129329438755058,2015-11-29,11.841213300565945,-0.5418365628525237
2016-06-26,1.28,-80.8431268,35.2270869,Charlotte,200520.74,0.6208596615155271,-0.13608474210368815,0.2468600779315258,0.05623971832287611,2016-06-26,12.208672961775576,0.36745966120963125
2015-11-22,1.0,-80.8431268,35.2270869,Charlotte,133618.33,0.6208596615155271,-0.13608474210368815,0.0,-0.009950330853168092,2015-11-22,11.802742731272343,-0.40593023050323396
2016-07-03,1.2,-80.8431268,35.2270869,Charlotte,233543.59,0.6208596615155271,-0.13608474210368815,0.1823215567939546,-0.06453852113757122,2016-07-03,12.361124019610555,0.5583812883382127
2017-12-24,1.33,-80.8431268,35.2270869,Charlotte,182537.83,0.6208596615155271,-0.13608474210368815,0.28517894223366247,0.05406722127027583,2017-12-24,12.114712718194795,-0.24641130141576006
2016-07-10,1.26,-80.8431268,35.2270869,Charlotte,233262.16,0.6208596615155271,-0.13608474210368815,0.23111172096338664,0.04879016416943205,2016-07-10,12.359918250255326,0.24520553206053108
2017-12-17,1.26,-80.8431268,35.2270869,Charlotte,189529.04,0.6208596615155271,-0.13608474210368815,0.23111172096338664,0.2113090936672069,2017-12-17,12.15229753714633,-0.2076207131089962
2015-11-15,1.01,-80.8431268,35.2270869,Charlotte,169281.16,0.6208596615155271,-0.13608474210368815,0.009950330853168092,-0.019608471388376337,2015-11-15,12.039316280180579,-0.11298125696575134
2016-07-17,1.43,-80.8431268,35.2270869,Charlotte,196466.9,0.6208596615155271,-0.13608474210368815,0.3576744442718159,0.12656272330842924,2016-07-17,12.188249248265372,0.14893296808479306
2016-07-24,1.46,-80.8431268,35.2270869,Charlotte,193909.36,0.6208596615155271,-0.13608474210368815,0.37843643572024505,0.020761991448429162,2016-07-24,12.175146112370985,-0.013103135894386497
2015-02-22,1.08,-80.8431268,35.2270869,Charlotte,201741.43,0.6208596615155271,-0.13608474210368815,0.0769610411361284,-0.12188981760903678,2015-02-22,12.21474210691522,0.03959599454423568
2017-12-10,1.02,-80.8431268,35.2270869,Charlotte,277528.93,0.6208596615155271,-0.13608474210368815,0.01980262729617973,-0.2113090936672069,2017-12-10,12.53368045898699,0.31893835207176835
2016-07-31,1.48,-80.8431268,35.2270869,Charlotte,187969.31,0.6208596615155271,-0.13608474210368815,0.3920420877760237,0.013605652055778628,2016-07-31,12.144033983805372,-0.38964647518161755
2015-03-01,1.18,-80.8431268,35.2270869,Charlotte,176146.34,0.6208596615155271,-0.13608474210368815,0.16551443847757333,0.08855339734144493,2015-03-01,12.079070405807284,-0.06496357799808727
2016-10-09,1.51,-80.8431268,35.2270869,Charlotte,178235.75,0.6208596615155271,-0.13608474210368815,0.412109650826833,0.02006756305080931,2016-10-09,12.09086239118184,0.011791985374555836
2016-09-04,1.33,-80.8431268,35.2270869,Charlotte,204963.95,0.6208596615155271,-0.13608474210368815,0.28517894223366247,-0.051293294387550425,2016-09-04,12.230589388997942,0.13972699781610132
2017-10-22,1.64,-80.8431268,35.2270869,Charlotte,168237.31,0.6208596615155271,-0.13608474210368815,0.494696241836107,-0.03593200922606338,2017-10-22,12.033130821185512,-0.1974585678124292
2015-05-31,1.19,-80.8431268,35.2270869,Charlotte,194630.86,0.6208596615155271,-0.13608474210368815,0.17395330712343798,-0.008368249670516609,2015-05-31,12.178860017867356,0.14572919668184348
2017-04-23,1.5,-80.8431268,35.2270869,Charlotte,220970.07,0.6208596615155271,-0.13608474210368815,0.4054651081081644,-0.03922071315328135,2017-04-23,12.305782541464184,0.12692252359682854
2017-05-07,1.36,-80.8431268,35.2270869,Charlotte,303551.54,0.6208596615155271,-0.13608474210368815,0.3074846997479607,-0.11778303565638337,2017-05-07,12.623306693845002,0.3175241523808179
2015-05-24,1.2,-80.8431268,35.2270869,Charlotte,212527.72,0.6208596615155271,-0.13608474210368815,0.1823215567939546,-0.008298802814695111,2015-05-24,12.266827705897954,-0.3564789879470478
2017-06-18,1.43,-80.8431268,35.2270869,Charlotte,201837.88,0.6208596615155271,-0.13608474210368815,0.3576744442718159,0.035590945102702665,2017-06-18,12.215220079890774,-0.05160762600718094
2015-06-21,1.17,-80.8431268,35.2270869,Charlotte,201173.1,0.6208596615155271,-0.13608474210368815,0.1570037488096647,0.01724180643450607,2015-06-21,12.211921010456251,-0.003299069434522295
2017-06-11,1.38,-80.8431268,35.2270869,Charlotte,224288.57,0.6208596615155271,-0.13608474210368815,0.3220834991691132,-0.07669262078825456,2017-06-11,12.320688760672196,0.10876775021594476
2015-07-05,1.18,-80.8431268,35.2270869,Charlotte,216118.9,0.6208596615155271,-0.13608474210368815,0.16551443847757333,0.008510689667908633,2015-07-05,12.283583998180104,-0.037104762492091936
2015-06-28,1.17,-80.8431268,35.2270869,Charlotte,193654.01,0.6208596615155271,-0.13608474210368815,0.1570037488096647,0.0,2015-06-28,12.173828392190417,-0.1097556059896867
2017-05-14,1.41,-80.8431268,35.2270869,Charlotte,224626.96,0.6208596615155271,-0.13608474210368815,0.34358970439007686,0.036105004642116134,2017-05-14,12.32219634970166,0.1483679575112422
2017-06-04,1.49,-80.8431268,35.2270869,Charlotte,226422.86,0.6208596615155271,-0.13608474210368815,0.3987761199573678,-0.006688988150796604,2017-06-04,12.33015959194531,0.00796324224365108
2015-06-07,1.15,-80.8431268,35.2270869,Charlotte,199980.3,0.6208596615155271,-0.13608474210368815,0.13976194237515863,-0.03419136474827936,2015-06-07,12.20597414067873,-0.12418545126658032
2017-03-26,1.48,-80.8431268,35.2270869,Charlotte,225271.53,0.6208596615155271,-0.13608474210368815,0.3920420877760237,0.0067796869853787856,2017-03-26,12.325061753588756,0.11908761291002534
2017-04-09,1.54,-80.8431268,35.2270869,Charlotte,201298.91,0.6208596615155271,-0.13608474210368815,0.43178241642553783,0.039740328649514156,2017-04-09,12.212546196809447,-0.11251555677930902
2017-05-28,1.5,-80.8431268,35.2270869,Charlotte,237363.56,0.6208596615155271,-0.13608474210368815,0.4054651081081644,0.0,2017-05-28,12.377348253167026,0.16480205635757983
2017-04-02,1.48,-80.8431268,35.2270869,Charlotte,231427.69,0.6208596615155271,-0.13608474210368815,0.3920420877760237,0.0,2017-04-02,12.352022749504025,-0.02532550366300157
2017-04-16,1.56,-80.8431268,35.2270869,Charlotte,203220.34,0.6208596615155271,-0.13608474210368815,0.44468582126144574,0.012903404835907906,2017-04-16,12.222046088102148,-0.12997666140187647
2017-04-30,1.53,-80.8431268,35.2270869,Charlotte,235698.79,0.6208596615155271,-0.13608474210368815,0.4252677354043441,0.01980262729617971,2017-04-30,12.370309955266581,0.14826386716443274
2017-06-25,1.33,-80.8431268,35.2270869,Charlotte,211639.6,0.6208596615155271,-0.13608474210368815,0.28517894223366247,-0.07249550203815341,2017-06-25,12.262640107014391,-0.10766984825218984
2015-06-14,1.15,-80.8431268,35.2270869,Charlotte,207093.88,0.6208596615155271,-0.13608474210368815,0.13976194237515863,0.0,2015-06-14,12.240927496005463,-0.02171261100892785
2015-11-22,0.94,-87.6244212,41.875561600000005,Chicago,751897.89,0.3580997788478131,0.47153479012966804,-0.06187540371808753,-0.21887915252775222,2015-11-22,13.53035580913795,0.0
2015-01-11,1.15,-87.6244212,41.875561600000005,Chicago,802874.94,0.3580997788478131,0.47153479012966804,0.13976194237515863,0.03540192705091577,2015-01-11,13.595954239828657,0.06559843069070759
2017-02-05,0.7,-87.6244212,41.875561600000005,Chicago,1621253.97,0.3580997788478131,0.47153479012966804,-0.35667494393873245,-0.4519851237430574,2017-02-05,14.298710463337626,0.7027562235089686
2017-12-10,1.13,-87.6244212,41.875561600000005,Chicago,1021445.27,0.3580997788478131,0.47153479012966804,0.12221763272424911,-0.3224681885371966,2017-12-10,13.836729113732995,-0.4619813496046312
2015-05-24,1.23,-87.6244212,41.875561600000005,Chicago,887105.04,0.3580997788478131,0.47153479012966804,0.20701416938432612,0.0,2015-05-24,13.695718675926425,-0.1410104378065693
2017-11-26,1.7,-87.6244212,41.875561600000005,Chicago,506394.0,0.3580997788478131,0.47153479012966804,0.5306282510621704,-0.005865119452398093,2017-11-26,13.13507030140068,-0.560648374525746
2015-09-13,1.19,-87.6244212,41.875561600000005,Chicago,775671.49,0.3580997788478131,0.47153479012966804,0.17395330712343798,0.06959329179919513,2015-09-13,13.561484371903818,0.42641407050313873
2017-12-31,0.93,-87.6244212,41.875561600000005,Chicago,1182647.5,0.3580997788478131,0.47153479012966804,-0.07257069283483537,-0.3800553925827961,2017-12-31,13.983266127298759,0.42178175539494056
2016-04-24,1.08,-87.6244212,41.875561600000005,Chicago,879308.05,0.3580997788478131,0.47153479012966804,0.0769610411361284,0.0,2016-04-24,13.686890570334853,-0.2963755569639055
2017-09-24,2.07,-87.6244212,41.875561600000005,Chicago,551895.8,0.3580997788478131,0.47153479012966804,0.7275486072772777,-0.03791923486229376,2017-09-24,13.221114539324347,-0.46577603101050613
2018-03-04,1.53,-87.6244212,41.875561600000005,Chicago,820728.47,0.3580997788478131,0.47153479012966804,0.4252677354043441,0.013158084577511109,2018-03-04,13.61794760291499,0.39683306359064296
2016-01-24,1.01,-87.6244212,41.875561600000005,Chicago,794029.7,0.3580997788478131,0.47153479012966804,0.009950330853168092,-0.09440968447107476,2016-01-24,13.584876145071265,-0.03307145784372523
2016-03-13,1.0,-87.6244212,41.875561600000005,Chicago,823796.56,0.3580997788478131,0.47153479012966804,0.0,-0.12221763272424911,2016-03-13,13.621678885204581,0.03680274013331619
2015-04-05,1.27,-87.6244212,41.875561600000005,Chicago,751812.42,0.3580997788478131,0.47153479012966804,0.23901690047049992,0.04016604172533475,2015-04-05,13.530242130326913,-0.09143675487766778
2015-08-09,1.25,-87.6244212,41.875561600000005,Chicago,731125.01,0.3580997788478131,0.47153479012966804,0.22314355131420976,-0.015873349156290156,2015-08-09,13.50233973642288,-0.02790239390403393
2017-05-21,1.64,-87.6244212,41.875561600000005,Chicago,764241.14,0.3580997788478131,0.47153479012966804,0.494696241836107,0.024692612590371366,2017-05-21,13.546638646620785,0.04429891019790588
2015-03-01,1.09,-87.6244212,41.875561600000005,Chicago,863391.73,0.3580997788478131,0.47153479012966804,0.08617769624105241,-0.07933674223652092,2015-03-01,13.668623783646707,0.12198513702592173
2017-01-29,1.1,-87.6244212,41.875561600000005,Chicago,830499.38,0.3580997788478131,0.47153479012966804,0.09531017980432493,-0.09531017980432477,2017-01-29,13.629782461496978,-0.038841322149728796
2016-05-01,1.0,-87.6244212,41.875561600000005,Chicago,890281.5,0.3580997788478131,0.47153479012966804,0.0,-0.0769610411361284,2016-05-01,13.699292983833342,0.06951052233636368
2015-09-20,1.19,-87.6244212,41.875561600000005,Chicago,729117.42,0.3580997788478131,0.47153479012966804,0.17395330712343798,0.0,2015-09-20,13.49959006797927,-0.19970291585407196
2017-04-16,1.65,-87.6244212,41.875561600000005,Chicago,742675.28,0.3580997788478131,0.47153479012966804,0.5007752879124892,0.0,2017-04-16,13.51801418913955,0.018424121160279583
2015-05-10,1.23,-87.6244212,41.875561600000005,Chicago,835938.63,0.3580997788478131,0.47153479012966804,0.20701416938432612,0.1677934562310448,2015-05-10,13.63631048028135,0.11829629114180129
2016-10-30,2.07,-87.6244212,41.875561600000005,Chicago,375213.57,0.3580997788478131,0.47153479012966804,0.7275486072772777,0.11778303565638337,2016-10-30,12.835250662837582,-0.8010598174437682
2018-03-11,1.54,-87.6244212,41.875561600000005,Chicago,830421.03,0.3580997788478131,0.47153479012966804,0.43178241642553783,0.006514681021193736,2018-03-11,13.629688116217594,0.7944374533800111
2017-10-01,2.14,-87.6244212,41.875561600000005,Chicago,537708.81,0.3580997788478131,0.47153479012966804,0.7608058290337602,0.03325722175648249,2017-10-01,13.195072447264621,-0.4346156689529721
2017-07-30,1.62,-87.6244212,41.875561600000005,Chicago,735265.55,0.3580997788478131,0.47153479012966804,0.4824261492442928,0.018692133012152556,2017-07-30,13.507987005461555,0.31291455819693326
2015-11-29,1.11,-87.6244212,41.875561600000005,Chicago,602481.22,0.3580997788478131,0.47153479012966804,0.10436001532424286,0.16623541904233038,2015-11-29,13.308811773736668,-0.19917523172488671
2017-06-25,1.44,-87.6244212,41.875561600000005,Chicago,868770.67,0.3580997788478131,0.47153479012966804,0.36464311358790924,-0.060624621816434854,2017-06-25,13.67483446838385,0.3660226946471816
2016-11-06,2.07,-87.6244212,41.875561600000005,Chicago,376476.71,0.3580997788478131,0.47153479012966804,0.7275486072772777,0.0,2016-11-06,12.838611465078976,-0.8362230033048732
2015-07-26,1.12,-87.6244212,41.875561600000005,Chicago,791332.34,0.3580997788478131,0.47153479012966804,0.11332868530700327,-0.10178269430994222,2015-07-26,13.581473310217477,0.742861845138501
2018-01-28,1.36,-87.6244212,41.875561600000005,Chicago,947968.47,0.3580997788478131,0.47153479012966804,0.3074846997479607,-0.04317217186520861,2018-01-28,13.762076521190378,0.180603210972901
2017-02-19,1.27,-87.6244212,41.875561600000005,Chicago,728402.35,0.3580997788478131,0.47153479012966804,0.23901690047049992,0.19022673630106787,2017-02-19,13.498608853079698,-0.26346766811068
2016-02-28,1.15,-87.6244212,41.875561600000005,Chicago,780951.86,0.3580997788478131,0.47153479012966804,0.13976194237515863,0.053584246134106214,2016-02-28,13.56826878799761,0.06965993491791167
2016-10-23,1.84,-87.6244212,41.875561600000005,Chicago,431274.2,0.3580997788478131,0.47153479012966804,0.6097655716208943,0.021978906718775226,2016-10-23,12.974499361695296,-0.5937694263023143
2015-06-14,1.21,-87.6244212,41.875561600000005,Chicago,868197.41,0.3580997788478131,0.47153479012966804,0.1906203596086497,-0.024491020008295783,2015-06-14,13.674174398659583,0.6996750369642868
2015-12-27,0.93,-87.6244212,41.875561600000005,Chicago,661137.13,0.3580997788478131,0.47153479012966804,-0.07257069283483537,0.021739986636405917,2015-12-27,13.401716555713675,-0.2724578429459079
2018-02-04,0.88,-87.6244212,41.875561600000005,Chicago,1802646.35,0.3580997788478131,0.47153479012966804,-0.12783337150988489,-0.4353180712578456,2018-02-04,14.40476633763308,1.0030497819194046
2017-04-30,1.62,-87.6244212,41.875561600000005,Chicago,787324.19,0.3580997788478131,0.47153479012966804,0.4824261492442928,-0.006153865574378137,2017-04-30,13.576395373964106,-0.8283709636689736
