avo.csv
Date,AveragePrice,lon,lat,region,Total Volume,lon_scaled,lat_scaled,logPrice,logPriceDiff,Date,logVol,logDiffVol
2017-04-16,1.06,-84.5124602,39.1014537,CincinnatiDayton,261398.15,0.47868125769151293,0.21800263115749674,0.058268908123975824,-0.09873484068568887,2017-04-16,12.473800002871009,-0.17415826496913134
2017-06-18,1.09,-84.5124602,39.1014537,CincinnatiDayton,281486.15,0.47868125769151293,0.21800263115749674,0.08617769624105241,0.22543976357456008,2017-06-18,12.547838524641008,0.07403852176999948
2017-09-24,1.79,-84.5124602,39.1014537,CincinnatiDayton,182714.75,0.47868125769151293,0.21800263115749674,0.5822156198526637,0.0,2017-09-24,12.115681472550131,-0.4321570520908775
2015-03-22,0.98,-84.5124602,39.1014537,CincinnatiDayton,212719.94,0.47868125769151293,0.21800263115749674,-0.020202707317519466,0.04167269640056806,2015-03-22,12.267731743855936,0.1520502713058054
2016-11-06,1.08,-84.5124602,39.1014537,CincinnatiDayton,239233.63,0.47868125769151293,0.21800263115749674,0.0769610411361284,0.057158413839948664,2016-11-06,12.385195884821739,0.1174641409658026
2016-11-20,0.98,-84.5124602,39.1014537,CincinnatiDayton,242174.1,0.47868125769151293,0.21800263115749674,-0.020202707317519466,-0.08786135579133433,2016-11-20,12.397412167966838,0.012216283145098927
2015-12-27,0.87,-84.5124602,39.1014537,CincinnatiDayton,162993.77,0.47868125769151293,0.21800263115749674,-0.13926206733350766,0.023256862164267283,2015-12-27,12.001467258199568,-0.3959449097672696
2015-04-05,1.06,-84.5124602,39.1014537,CincinnatiDayton,196168.6,0.47868125769151293,0.21800263115749674,0.058268908123975824,0.1095622025115264,2015-04-05,12.18672977253079,0.18526251433122098
2015-09-13,1.05,-84.5124602,39.1014537,CincinnatiDayton,216548.9,0.47868125769151293,0.21800263115749674,0.04879016416943205,0.02898753687325232,2015-09-13,12.285571666971594,0.09884189444080427
2018-02-04,0.76,-84.5124602,39.1014537,CincinnatiDayton,380214.74,0.47868125769151293,0.21800263115749674,-0.2744368457017603,-0.1910552367627093,2018-02-04,12.848491477353877,0.562919810382283
2017-10-22,1.75,-84.5124602,39.1014537,CincinnatiDayton,181203.19,0.47868125769151293,0.21800263115749674,0.5596157879354227,-0.03371105734231172,2017-10-22,12.107374277292564,-0.7411172000613124
2015-06-14,1.05,-84.5124602,39.1014537,CincinnatiDayton,229363.51,0.47868125769151293,0.21800263115749674,0.04879016416943205,-0.018868484304382815,2015-06-14,12.343063403893241,0.2356891266006773
2016-11-13,1.07,-84.5124602,39.1014537,CincinnatiDayton,249072.9,0.47868125769151293,0.21800263115749674,0.06765864847381486,-0.00930239266231353,2016-11-13,12.42550090368209,0.08243749978884907
2015-05-24,1.1,-84.5124602,39.1014537,CincinnatiDayton,222390.09,0.47868125769151293,0.21800263115749674,0.09531017980432493,0.056089466651043605,2015-05-24,12.312188281013249,-0.11331262266884146
2016-10-09,1.01,-84.5124602,39.1014537,CincinnatiDayton,276819.57,0.47868125769151293,0.21800263115749674,0.009950330853168092,-0.019608471388376337,2016-10-09,12.531121201093516,0.21893292008026677
2016-08-21,1.07,-84.5124602,39.1014537,CincinnatiDayton,256195.06,0.47868125769151293,0.21800263115749674,0.06765864847381486,0.03809984623227043,2016-08-21,12.45369438644779,-0.07742681464572598
2015-01-25,0.93,-84.5124602,39.1014537,CincinnatiDayton,213554.45,0.47868125769151293,0.21800263115749674,-0.07257069283483537,0.0,2015-01-25,12.271647114263692,-0.18204727218409822
2016-05-22,0.82,-84.5124602,39.1014537,CincinnatiDayton,250387.73,0.47868125769151293,0.21800263115749674,-0.19845093872383832,-0.07061756721395343,2016-05-22,12.430765915410019,0.15911880114632737
2016-10-02,1.03,-84.5124602,39.1014537,CincinnatiDayton,280396.12,0.47868125769151293,0.21800263115749674,0.02955880224154443,-0.05661889399950798,2016-10-02,12.543958596671656,0.11319268126163706
2015-10-11,0.91,-84.5124602,39.1014537,CincinnatiDayton,213527.77,0.47868125769151293,0.21800263115749674,-0.09431067947124129,-0.021739986636405917,2015-10-11,12.271522173450025,-0.272436423221631
2016-04-17,0.93,-84.5124602,39.1014537,CincinnatiDayton,228211.44,0.47868125769151293,0.21800263115749674,-0.07257069283483537,0.043963123421116135,2016-04-17,12.338027846617202,0.06650567316717648
2015-12-13,0.79,-84.5124602,39.1014537,CincinnatiDayton,207386.27,0.47868125769151293,0.21800263115749674,-0.23572233352106983,-0.04939275532957635,2015-12-13,12.242338372007616,-0.09568947460958555
2015-08-23,1.05,-84.5124602,39.1014537,CincinnatiDayton,208608.84,0.47868125769151293,0.21800263115749674,0.04879016416943205,0.03883983331626396,2015-08-23,12.24821619840737,0.0058778263997538716
2015-11-01,0.93,-84.5124602,39.1014537,CincinnatiDayton,254760.33,0.47868125769151293,0.21800263115749674,-0.07257069283483537,-0.08252102368800346,2015-11-01,12.44807849982125,0.19986230141388006
2017-10-01,1.86,-84.5124602,39.1014537,CincinnatiDayton,183683.68,0.47868125769151293,0.21800263115749674,0.62057648772511,0.0383608678724463,2017-10-01,12.12097042675585,-0.3271080730653999
2017-05-14,0.76,-84.5124602,39.1014537,CincinnatiDayton,313988.97,0.47868125769151293,0.21800263115749674,-0.2744368457017603,0.23638877806423042,2017-05-14,12.657113136884874,0.5361427101290239
2015-04-12,1.02,-84.5124602,39.1014537,CincinnatiDayton,188937.83,0.47868125769151293,0.21800263115749674,0.01980262729617973,-0.038466280827796094,2015-04-12,12.149173298129616,-0.5079398387552576
2016-05-01,0.94,-84.5124602,39.1014537,CincinnatiDayton,233581.0,0.47868125769151293,0.21800263115749674,-0.06187540371808753,0.0,2016-05-01,12.36128419101185,0.21211089288223306
2016-12-04,0.7,-84.5124602,39.1014537,CincinnatiDayton,356617.38,0.47868125769151293,0.21800263115749674,-0.35667494393873245,-0.4428526401797849,2016-12-04,12.7844187213054,0.4231345302935505
2018-01-14,1.15,-84.5124602,39.1014537,CincinnatiDayton,243366.13,0.47868125769151293,0.21800263115749674,0.13976194237515863,0.23407262184639993,2018-01-14,12.402322296196264,-0.3820964251091361
2018-02-11,0.8,-84.5124602,39.1014537,CincinnatiDayton,305400.41,0.47868125769151293,0.21800263115749674,-0.2231435513142097,0.05129329438755059,2018-02-11,12.629379014267405,0.22705671807114136
2017-10-29,1.42,-84.5124602,39.1014537,CincinnatiDayton,233003.46,0.47868125769151293,0.21800263115749674,0.35065687161316933,-0.20895891632225333,2017-10-29,12.358808582222988,-0.27057043204441733
2015-03-15,0.94,-84.5124602,39.1014537,CincinnatiDayton,196008.57,0.47868125769151293,0.21800263115749674,-0.06187540371808753,0.07738666361542013,2015-03-15,12.185913661746563,-0.17289492047642518
2015-07-12,1.03,-84.5124602,39.1014537,CincinnatiDayton,218170.8,0.47868125769151293,0.21800263115749674,0.02955880224154443,0.0,2015-07-12,12.293033521244636,0.10711985949807357
2016-05-29,0.84,-84.5124602,39.1014537,CincinnatiDayton,268328.36,0.47868125769151293,0.21800263115749674,-0.1743533871447778,0.024097551579060517,2016-05-29,12.49996673339934,0.20693321215470384
2015-06-28,1.01,-84.5124602,39.1014537,CincinnatiDayton,225165.84,0.47868125769151293,0.21800263115749674,0.009950330853168092,-0.009852296443011638,2015-06-28,12.32459247635299,-0.17537425704635012
2016-09-18,0.96,-84.5124602,39.1014537,CincinnatiDayton,288857.14,0.47868125769151293,0.21800263115749674,-0.040821994520255166,-0.0800427076735365,2016-09-18,12.573687519616044,0.2490950432630541
2015-02-15,0.94,-84.5124602,39.1014537,CincinnatiDayton,169950.37,0.47868125769151293,0.21800263115749674,-0.06187540371808753,0.010695289116747844,2015-02-15,12.043261732232807,-0.530425787383237
2017-06-04,1.0,-84.5124602,39.1014537,CincinnatiDayton,337444.34,0.47868125769151293,0.21800263115749674,0.0,0.040821994520255166,2017-06-04,12.729155857175648,0.6858941249428412
2017-09-17,1.79,-84.5124602,39.1014537,CincinnatiDayton,184434.69,0.47868125769151293,0.21800263115749674,0.5822156198526637,0.02259983191724102,2017-09-17,12.125050696055848,-0.6041051611198007
2015-03-08,0.87,-84.5124602,39.1014537,CincinnatiDayton,219110.81,0.47868125769151293,0.21800263115749674,-0.13926206733350766,-0.022728251077556147,2015-03-08,12.297332862568203,0.17228216651235506
2018-01-07,0.91,-84.5124602,39.1014537,CincinnatiDayton,303592.92,0.47868125769151293,0.21800263115749674,-0.09431067947124129,0.05651221026334237,2018-01-07,12.62344300407359,0.32611014150538686
2016-06-05,0.85,-84.5124602,39.1014537,CincinnatiDayton,310345.06,0.47868125769151293,0.21800263115749674,-0.16251892949777494,0.01183445764700286,2016-06-05,12.645440054202627,0.021997050129037632
2016-06-12,1.05,-84.5124602,39.1014537,CincinnatiDayton,237773.53,0.47868125769151293,0.21800263115749674,0.04879016416943205,0.211309093667207,2016-06-12,12.379073945016263,-0.2663661091863645
2016-11-27,1.09,-84.5124602,39.1014537,CincinnatiDayton,183176.26,0.47868125769151293,0.21800263115749674,0.08617769624105241,0.10638040355857188,2016-11-27,12.118204137672448,-0.2608698073438145
2016-09-25,1.09,-84.5124602,39.1014537,CincinnatiDayton,268805.44,0.47868125769151293,0.21800263115749674,0.08617769624105241,0.12699969076130757,2016-09-25,12.501743125521582,0.38353898784913376
2016-05-15,0.88,-84.5124602,39.1014537,CincinnatiDayton,250333.08,0.47868125769151293,0.21800263115749674,-0.12783337150988489,0.022989518224698774,2016-05-15,12.43054763009363,-0.07119549542795234
2015-10-04,0.93,-84.5124602,39.1014537,CincinnatiDayton,235243.88,0.47868125769151293,0.21800263115749674,-0.07257069283483537,-0.14953173397096375,2015-10-04,12.368378042231443,-0.062169587862186404
2015-09-27,1.08,-84.5124602,39.1014537,CincinnatiDayton,202012.62,0.47868125769151293,0.21800263115749674,0.0769610411361284,0.028170876966696345,2015-09-27,12.216085449679369,-0.15229259255207417
2016-04-10,0.89,-84.5124602,39.1014537,CincinnatiDayton,210309.77,0.47868125769151293,0.21800263115749674,-0.11653381625595151,0.0,2016-04-10,12.256336818053427,0.04025136837405796
2015-01-18,0.93,-84.5124602,39.1014537,CincinnatiDayton,175681.09,0.47868125769151293,0.21800263115749674,-0.07257069283483537,0.01081091610421564,2015-01-18,12.076425641746715,-0.17991117630671205
2015-07-19,1.06,-84.5124602,39.1014537,CincinnatiDayton,223479.02,0.47868125769151293,0.21800263115749674,0.058268908123975824,0.028710105882431395,2015-07-19,12.317072818383588,0.24064717663687318
2018-03-04,1.02,-84.5124602,39.1014537,CincinnatiDayton,265942.15,0.47868125769151293,0.21800263115749674,0.01980262729617973,-0.009756174945364699,2018-03-04,12.491034082908362,0.1739612645247739
2017-06-25,0.8,-84.5124602,39.1014537,CincinnatiDayton,337211.8,0.47868125769151293,0.21800263115749674,-0.2231435513142097,-0.30932124755526214,2017-06-25,12.72846649856636,0.23743241565799877
2018-03-11,1.01,-84.5124602,39.1014537,CincinnatiDayton,275804.74,0.47868125769151293,0.21800263115749674,0.009950330853168092,-0.009852296443011638,2018-03-11,12.527448430560588,-0.20101806800577293
2016-07-10,1.06,-84.5124602,39.1014537,CincinnatiDayton,266811.55,0.47868125769151293,0.21800263115749674,0.058268908123975824,0.2326222952687536,2016-07-10,12.494297882941156,-0.03315054761943159
2017-03-05,0.78,-84.5124602,39.1014537,CincinnatiDayton,272988.49,0.47868125769151293,0.21800263115749674,-0.2484613592984996,0.0,2017-03-05,12.517184912106128,0.02288702916497165
2015-01-11,0.92,-84.5124602,39.1014537,CincinnatiDayton,201392.27,0.47868125769151293,0.21800263115749674,-0.08338160893905101,0.04445176257083387,2015-01-11,12.213009877199331,-0.3041750349067964
2015-08-16,1.01,-84.5124602,39.1014537,CincinnatiDayton,234349.47,0.47868125769151293,0.21800263115749674,0.009950330853168092,-0.0670107102829603,2015-08-16,12.364568741773727,0.1515588645743957
2017-03-12,0.9,-84.5124602,39.1014537,CincinnatiDayton,284997.7,0.47868125769151293,0.21800263115749674,-0.10536051565782628,0.14310084364067333,2017-03-12,12.560236389042785,0.19566764726905816
2017-02-12,0.65,-84.5124602,39.1014537,CincinnatiDayton,320492.68,0.47868125769151293,0.21800263115749674,-0.4307829160924542,0.0,2017-02-12,12.677614715768469,0.11737832672568338
2017-12-24,1.36,-84.5124602,39.1014537,CincinnatiDayton,159238.4,0.47868125769151293,0.21800263115749674,0.3074846997479607,0.04512043528046966,2017-12-24,11.978157729337072,-0.6994569864313966
2017-01-15,0.76,-84.5124602,39.1014537,CincinnatiDayton,346523.78,0.47868125769151293,0.21800263115749674,-0.2744368457017603,-0.07598590697792199,2017-01-15,12.755706724405853,0.7775489950687806
2017-07-02,0.79,-84.5124602,39.1014537,CincinnatiDayton,336087.28,0.47868125769151293,0.21800263115749674,-0.23572233352106983,-0.012578782206860123,2017-07-02,12.725126167117821,-0.03058055728803133
2017-03-19,0.95,-84.5124602,39.1014537,CincinnatiDayton,263837.93,0.47868125769151293,0.21800263115749674,-0.05129329438755058,0.0540672212702757,2017-03-19,12.483090292098609,-0.2420358750192122
2017-05-21,1.0,-84.5124602,39.1014537,CincinnatiDayton,260725.3,0.47868125769151293,0.21800263115749674,0.0,0.2744368457017603,2017-05-21,12.471222641626397,-0.011867650472211722
2017-08-20,1.15,-84.5124602,39.1014537,CincinnatiDayton,307618.14,0.47868125769151293,0.21800263115749674,0.13976194237515863,-0.15290767158766141,2017-08-20,12.636614487566613,0.16539184594021528
2017-12-17,1.3,-84.5124602,39.1014537,CincinnatiDayton,169219.79,0.47868125769151293,0.21800263115749674,0.26236426446749106,0.11394425934921784,2017-12-17,12.038953681489659,-0.5976608060769539
2017-12-03,1.05,-84.5124602,39.1014537,CincinnatiDayton,302992.0,0.47868125769151293,0.21800263115749674,0.04879016416943205,-0.15822400521489408,2017-12-03,12.621461681502687,0.5825080000130285
2016-01-24,0.89,-84.5124602,39.1014537,CincinnatiDayton,252317.23,0.47868125769151293,0.21800263115749674,-0.11653381625595151,0.03428907347863215,2016-01-24,12.438442424013587,-0.18301925748910008
2017-07-30,1.48,-84.5124602,39.1014537,CincinnatiDayton,213593.1,0.47868125769151293,0.21800263115749674,0.3920420877760237,0.0067796869853787856,2017-07-30,12.271828082175626,-0.16661434183796153
2018-03-25,1.08,-84.5124602,39.1014537,CincinnatiDayton,277267.97,0.47868125769151293,0.21800263115749674,0.0769610411361284,0.00930239266231353,2018-03-25,12.532739718260984,0.2609116360853587
2016-01-17,0.86,-84.5124602,39.1014537,CincinnatiDayton,228860.79,0.47868125769151293,0.21800263115749674,-0.15082288973458366,-0.06744128079553265,2016-01-17,12.340869193757735,-0.19187052450324948
2017-02-05,0.65,-84.5124602,39.1014537,CincinnatiDayton,411450.85,0.47868125769151293,0.21800263115749674,-0.4307829160924542,-0.08829260714567821,2017-02-05,12.92744485089635,0.5865756571386154
2018-03-18,1.07,-84.5124602,39.1014537,CincinnatiDayton,245062.31,0.47868125769151293,0.21800263115749674,0.06765864847381486,0.05770831762064677,2018-03-18,12.409267783721967,-0.518177067174383
2016-07-03,0.84,-84.5124602,39.1014537,CincinnatiDayton,330182.4,0.47868125769151293,0.21800263115749674,-0.1743533871447778,-0.09097177820572679,2016-07-03,12.707400508017935,0.29813272429596793
2017-07-09,1.09,-84.5124602,39.1014537,CincinnatiDayton,255253.55,0.47868125769151293,0.21800263115749674,0.08617769624105241,0.32190002976212223,2017-07-09,12.450012643863596,-0.2573878641543388
2016-07-24,1.1,-84.5124602,39.1014537,CincinnatiDayton,264194.71,0.47868125769151293,0.21800263115749674,0.09531017980432493,0.046520015634892886,2016-07-24,12.484441648159837,0.03442900429624096
2015-06-21,1.02,-84.5124602,39.1014537,CincinnatiDayton,243012.2,0.47868125769151293,0.21800263115749674,0.01980262729617973,-0.02898753687325232,2015-06-21,12.400866926823735,-0.08357472133610244
2016-02-14,0.86,-84.5124602,39.1014537,CincinnatiDayton,229211.34,0.47868125769151293,0.21800263115749674,-0.15082288973458366,0.059898141581068876,2016-02-14,12.342399739038594,-0.058467187785140595
2015-05-03,1.08,-84.5124602,39.1014537,CincinnatiDayton,238140.96,0.47868125769151293,0.21800263115749674,0.0769610411361284,0.01869213301215257,2015-05-03,12.380618046239167,0.038218307200573065
2017-12-10,1.16,-84.5124602,39.1014537,CincinnatiDayton,234296.59,0.47868125769151293,0.21800263115749674,0.14842000511827322,0.09962984094884117,2017-12-10,12.364343070399366,-0.016274975839801087
2017-01-29,0.71,-84.5124602,39.1014537,CincinnatiDayton,325944.73,0.47868125769151293,0.21800263115749674,-0.342490308946776,0.028573372444056055,2017-01-29,12.694483106098035,0.330140035698669
2016-03-13,0.88,-84.5124602,39.1014537,CincinnatiDayton,210904.76,0.47868125769151293,0.21800263115749674,-0.12783337150988489,0.03468555798789005,2016-03-13,12.259161936150528,-0.4353211699475068
2017-01-22,0.69,-84.5124602,39.1014537,CincinnatiDayton,380429.31,0.47868125769151293,0.21800263115749674,-0.37106368139083207,-0.09662683568907177,2017-01-22,12.849055657158322,0.5898937210077939
2017-08-06,1.46,-84.5124602,39.1014537,CincinnatiDayton,236484.9,0.47868125769151293,0.21800263115749674,0.37843643572024505,-0.013605652055778628,2017-08-06,12.373639637095641,-0.47541602006268135
2017-08-13,1.34,-84.5124602,39.1014537,CincinnatiDayton,261153.8,0.47868125769151293,0.21800263115749674,0.29266961396282004,-0.085766821757425,2017-08-13,12.472864784782896,0.09922514768725499
2015-08-02,1.09,-84.5124602,39.1014537,CincinnatiDayton,206121.36,0.47868125769151293,0.21800263115749674,0.08617769624105241,0.05661889399950798,2015-08-02,12.236220400518588,-0.23664438426430756
2017-07-16,1.5,-84.5124602,39.1014537,CincinnatiDayton,218147.06,0.47868125769151293,0.21800263115749674,0.4054651081081644,0.31928741186711196,2017-07-16,12.292924701495549,0.05670430097696055
2016-02-21,0.86,-84.5124602,39.1014537,CincinnatiDayton,190349.58,0.47868125769151293,0.21800263115749674,-0.15082288973458366,0.0,2016-02-21,12.156617555346427,-0.13630714614912165
2015-11-22,0.89,-84.5124602,39.1014537,CincinnatiDayton,174892.99,0.47868125769151293,0.21800263115749674,-0.11653381625595151,0.011299555253933377,2015-11-22,12.071929580157727,-0.08468797518870019
