avo.csv
Date,AveragePrice,lon,lat,region,Total Volume,lon_scaled,lat_scaled,logPrice,logPriceDiff,Date,logVol,logDiffVol
2016-01-31,0.94,-84.5124602,39.1014537,CincinnatiDayton,203005.7,0.47868125769151293,0.21800263115749674,-0.06187540371808753,0.05465841253786398,2016-01-31,12.220989336447456,0.1490597562897289
2015-08-09,1.08,-84.5124602,39.1014537,CincinnatiDayton,214374.41,0.47868125769151293,0.21800263115749674,0.0769610411361284,-0.009216655104924018,2015-08-09,12.275479344711965,0.05449000826450856
2016-03-06,0.85,-84.5124602,39.1014537,CincinnatiDayton,234512.25,0.47868125769151293,0.21800263115749674,-0.16251892949777494,-0.023256862164267283,2016-03-06,12.365263104310042,0.0897837595980775
2017-07-23,1.47,-84.5124602,39.1014537,CincinnatiDayton,215667.84,0.47868125769151293,0.21800263115749674,0.3852624007906449,-0.020202707317519497,2017-07-23,12.281494725294719,-0.08376837901532319
2016-03-27,0.9,-84.5124602,39.1014537,CincinnatiDayton,225485.9,0.47868125769151293,0.21800263115749674,-0.10536051565782628,0.0,2016-03-27,12.326012908253745,0.044518182959025765
2015-02-22,0.93,-84.5124602,39.1014537,CincinnatiDayton,183072.02,0.47868125769151293,0.21800263115749674,-0.07257069283483537,-0.010695289116747844,2015-02-22,12.117634906314885,-0.20837800193885947
2015-05-17,1.04,-84.5124602,39.1014537,CincinnatiDayton,234579.34,0.47868125769151293,0.21800263115749674,0.03922071315328133,-0.019048194970694494,2015-05-17,12.365549146532446,0.24791424021756114
2015-01-04,0.88,-84.5124602,39.1014537,CincinnatiDayton,228569.58,0.47868125769151293,0.21800263115749674,-0.12783337150988489,0.0,2015-01-04,12.339595950621993,-0.02595319591045353
2018-02-25,1.03,-84.5124602,39.1014537,CincinnatiDayton,263363.41,0.47868125769151293,0.21800263115749674,0.02955880224154443,0.2158883804330379,2018-02-25,12.48129014444291,0.14169419382091775
2017-02-19,0.7,-84.5124602,39.1014537,CincinnatiDayton,303146.46,0.47868125769151293,0.21800263115749674,-0.35667494393873245,0.07410797215372178,2017-02-19,12.621971334044265,0.140681189601354
2017-05-28,0.96,-84.5124602,39.1014537,CincinnatiDayton,303442.79,0.47868125769151293,0.21800263115749674,-0.040821994520255166,-0.040821994520255166,2017-05-28,12.622948370889453,0.0009770368451889055
2017-04-02,1.01,-84.5124602,39.1014537,CincinnatiDayton,290569.6,0.47868125769151293,0.21800263115749674,0.009950330853168092,-0.13846967426510512,2017-04-02,12.579598413496845,-0.04334995739260883
2017-02-26,0.78,-84.5124602,39.1014537,CincinnatiDayton,282344.52,0.47868125769151293,0.21800263115749674,-0.2484613592984996,0.10821358464023284,2017-02-26,12.550883306377129,-0.02871510711971581
2016-02-07,0.81,-84.5124602,39.1014537,CincinnatiDayton,302337.87,0.47868125769151293,0.21800263115749674,-0.21072103131565253,-0.148845627597565,2016-02-07,12.619300445829262,0.06841713945213357
2016-03-20,0.9,-84.5124602,39.1014537,CincinnatiDayton,224942.74,0.47868125769151293,0.21800263115749674,-0.10536051565782628,0.022472855852058604,2016-03-20,12.323601159909876,-0.29569928591938677
2016-07-17,1.05,-84.5124602,39.1014537,CincinnatiDayton,280542.19,0.47868125769151293,0.21800263115749674,0.04879016416943205,-0.009478743954543775,2016-07-17,12.544479402616615,0.22087824270673906
2016-07-31,1.07,-84.5124602,39.1014537,CincinnatiDayton,254689.93,0.47868125769151293,0.21800263115749674,0.06765864847381486,-0.02765153133051007,2016-07-31,12.447802123476098,-0.0966772791405166
2017-01-08,0.82,-84.5124602,39.1014537,CincinnatiDayton,285027.21,0.47868125769151293,0.21800263115749674,-0.19845093872383832,0.24783616390458116,2017-01-08,12.560339928377676,0.11253780490157794
2017-03-26,1.16,-84.5124602,39.1014537,CincinnatiDayton,221214.93,0.47868125769151293,0.21800263115749674,0.14842000511827322,0.19971329950582378,2017-03-26,12.306890041831803,-0.25344988654587297
2015-07-26,1.03,-84.5124602,39.1014537,CincinnatiDayton,216611.18,0.47868125769151293,0.21800263115749674,0.02955880224154443,-0.028710105882431395,2015-07-26,12.285859228098783,-0.02103081373302018
2015-05-10,1.06,-84.5124602,39.1014537,CincinnatiDayton,259598.76,0.47868125769151293,0.21800263115749674,0.058268908123975824,-0.01869213301215257,2015-05-10,12.466892487221312,0.181033259122529
2015-11-15,0.88,-84.5124602,39.1014537,CincinnatiDayton,193723.22,0.47868125769151293,0.21800263115749674,-0.12783337150988489,0.01142869582362277,2015-11-15,12.17418571830758,-0.2927067689137317
2015-07-05,1.03,-84.5124602,39.1014537,CincinnatiDayton,250626.33,0.47868125769151293,0.21800263115749674,0.02955880224154443,0.019608471388376337,2015-07-05,12.431718383762057,0.25753266545447673
2016-02-28,0.87,-84.5124602,39.1014537,CincinnatiDayton,227593.54,0.47868125769151293,0.21800263115749674,-0.13926206733350766,0.011560822401076004,2016-02-28,12.335316597703208,-0.09640178605884842
2015-04-26,1.06,-84.5124602,39.1014537,CincinnatiDayton,214469.51,0.47868125769151293,0.21800263115749674,0.058268908123975824,0.038466280827796094,2015-04-26,12.275922862724574,-0.05939373497863443
2016-05-29,0.93,-83.00070649999999,39.9622601,Columbus,201747.62,0.5372583082372735,0.2966737257638248,-0.07257069283483537,0.11375888535665811,2016-05-29,12.214772789284423,0.0
2015-08-02,1.05,-83.00070649999999,39.9622601,Columbus,148597.91,0.5372583082372735,0.2966737257638248,0.04879016416943205,0.02898753687325232,2015-08-02,11.908999346563927,-0.3057734427204952
2017-12-24,1.06,-83.00070649999999,39.9622601,Columbus,140322.03,0.5372583082372735,0.2966737257638248,0.058268908123975824,0.028710105882431395,2017-12-24,11.85169527443409,-0.05730407212983657
2017-09-24,1.69,-83.00070649999999,39.9622601,Columbus,120872.81,0.5372583082372735,0.2966737257638248,0.5247285289349821,-0.005899722127188256,2017-09-24,11.702494114701082,-0.14920115973300874
2016-10-02,1.3,-83.00070649999999,39.9622601,Columbus,123300.36,0.5372583082372735,0.2966737257638248,0.26236426446749106,0.13133600206108706,2016-10-02,11.722378608856202,0.019884494155119725
2016-07-17,1.18,-83.00070649999999,39.9622601,Columbus,160413.49,0.5372583082372735,0.2966737257638248,0.16551443847757333,0.1072455303535975,2016-07-17,11.985510073122544,0.26313146426634226
2016-08-21,1.2,-83.00070649999999,39.9622601,Columbus,154116.71,0.5372583082372735,0.2966737257638248,0.1823215567939546,0.025317807984289897,2016-08-21,11.945465451509907,-0.04004462161263689
2017-07-16,1.36,-83.00070649999999,39.9622601,Columbus,150749.34,0.5372583082372735,0.2966737257638248,0.3074846997479607,0.3587779941355113,2017-07-16,11.923373736470396,-0.022091715039511683
2015-10-04,0.93,-83.00070649999999,39.9622601,Columbus,134326.53,0.5372583082372735,0.2966737257638248,-0.07257069283483537,-0.0923733201310151,2015-10-04,11.80802890581691,-0.11534483065348589
2017-07-23,1.39,-83.00070649999999,39.9622601,Columbus,137783.13,0.5372583082372735,0.2966737257638248,0.3293037471426003,0.02181904739463958,2017-07-23,11.833436206264677,0.02540730044776751
2015-11-15,0.99,-83.00070649999999,39.9622601,Columbus,117462.94,0.5372583082372735,0.2966737257638248,-0.01005033585350145,0.04124295853404913,2015-11-15,11.673878158560647,-0.1595580477040297
2015-07-05,0.98,-83.00070649999999,39.9622601,Columbus,173370.68,0.5372583082372735,0.2966737257638248,-0.020202707317519466,0.04167269640056806,2015-07-05,12.063187240219458,0.3893090816588103
2016-10-16,1.31,-83.00070649999999,39.9622601,Columbus,123388.77,0.5372583082372735,0.2966737257638248,0.2700271372130602,-0.01515180502060226,2016-10-16,11.723095381449994,-0.3400918587694637
2017-05-14,0.99,-83.00070649999999,39.9622601,Columbus,210349.0,0.5372583082372735,0.2966737257638248,-0.01005033585350145,0.06252035698133393,2017-05-14,12.256523335025907,0.533427953575913
2016-02-28,1.03,-83.00070649999999,39.9622601,Columbus,154967.56,0.5372583082372735,0.2966737257638248,0.02955880224154443,-0.01923136192788762,2016-02-28,11.950971083674528,-0.3055522513513793
2018-03-18,1.01,-83.00070649999999,39.9622601,Columbus,216897.74,0.5372583082372735,0.2966737257638248,0.009950330853168092,-0.03883983331626396,2018-03-18,12.287181277212502,0.33621019353797443
2016-02-21,1.05,-83.00070649999999,39.9622601,Columbus,126067.56,0.5372583082372735,0.2966737257638248,0.04879016416943205,0.14310084364067333,2016-02-21,11.744573232711057,-0.5426080445014456
2015-06-14,1.01,-83.00070649999999,39.9622601,Columbus,171353.59,0.5372583082372735,0.2966737257638248,0.009950330853168092,-0.019608471388376337,2015-06-14,12.051484478352611,0.3069112456415546
2015-07-26,1.02,-83.00070649999999,39.9622601,Columbus,159846.2,0.5372583082372735,0.2966737257638248,0.01980262729617973,-0.02898753687325232,2015-07-26,11.981967381918905,-0.06951709643370663
2016-04-24,0.72,-83.00070649999999,39.9622601,Columbus,242277.45,0.5372583082372735,0.2966737257638248,-0.3285040669720361,-0.2980448594873275,2016-04-24,12.397838836027113,0.415871454108208
2018-01-21,0.99,-83.00070649999999,39.9622601,Columbus,214353.02,0.5372583082372735,0.2966737257638248,-0.01005033585350145,-0.07770898432731632,2018-01-21,12.275379561033473,-0.12245927499363951
2016-11-20,1.33,-83.00070649999999,39.9622601,Columbus,117299.16,0.5372583082372735,0.2966737257638248,0.28517894223366247,-0.03690455693545075,2016-11-20,11.672482873490607,-0.6028966875428665
2015-12-13,1.03,-83.00070649999999,39.9622601,Columbus,124617.07,0.5372583082372735,0.2966737257638248,0.02955880224154443,0.039609138095045876,2015-12-13,11.73300087434693,0.060518000856323084
2017-11-19,0.97,-83.00070649999999,39.9622601,Columbus,169553.0,0.5372583082372735,0.2966737257638248,-0.030459207484708574,0.0,2017-11-19,12.040920841292856,0.30791996694592605
2017-08-06,1.21,-83.00070649999999,39.9622601,Columbus,194759.03,0.5372583082372735,0.2966737257638248,0.1906203596086497,-0.008230499136515468,2017-08-06,12.179518329795428,0.13859748850257247
2017-01-29,1.06,-83.00070649999999,39.9622601,Columbus,163084.68,0.5372583082372735,0.2966737257638248,0.058268908123975824,0.15257958759521711,2017-01-29,12.002024854093166,-0.1774934757022617
2017-10-29,1.22,-83.00070649999999,39.9622601,Columbus,165260.84,0.5372583082372735,0.2966737257638248,0.19885085874516517,-0.23940407218599014,2017-10-29,12.01528035314193,0.013255499048764108
2016-09-25,1.14,-83.00070649999999,39.9622601,Columbus,151978.88,0.5372583082372735,0.2966737257638248,0.131028262406404,0.06336961393258914,2016-09-25,11.931496842805913,-0.08378351033601739
2016-11-13,1.38,-83.00070649999999,39.9622601,Columbus,116814.65,0.5372583082372735,0.2966737257638248,0.3220834991691132,-0.021506205220963637,2016-11-13,11.668343769593012,-0.2631530732129015
2017-02-05,0.69,-83.00070649999999,39.9622601,Columbus,323030.81,0.5372583082372735,0.2966737257638248,-0.37106368139083207,-0.4293325895148079,2017-02-05,12.685502984652647,1.0171592150596354
2017-10-15,1.71,-83.00070649999999,39.9622601,Columbus,109664.86,0.5372583082372735,0.2966737257638248,0.5364933705145685,-0.06782259633876109,2017-10-15,11.605184266779565,-1.080318717873082
2015-05-03,0.99,-83.00070649999999,39.9622601,Columbus,176737.77,0.5372583082372735,0.2966737257638248,-0.01005033585350145,-0.02985296314968118,2015-05-03,12.082422387588299,0.4772381208087335
2017-10-22,1.55,-83.00070649999999,39.9622601,Columbus,111491.11,0.5372583082372735,0.2966737257638248,0.4382549309311553,-0.09823843958341316,2017-10-22,11.621700135761927,-0.46072225182637183
2018-01-28,1.03,-83.00070649999999,39.9622601,Columbus,187523.2,0.5372583082372735,0.2966737257638248,0.02955880224154443,0.039609138095045876,2018-01-28,12.1416578500716,0.5199577143096725
2018-01-07,0.84,-83.00070649999999,39.9622601,Columbus,256757.6,0.5372583082372735,0.2966737257638248,-0.1743533871447778,0.04879016416943191,2018-01-07,12.455887728131678,0.31422987806007896
2015-03-08,0.95,-83.00070649999999,39.9622601,Columbus,141281.56,0.5372583082372735,0.2966737257638248,-0.05129329438755058,-0.08085209662909501,2015-03-08,11.85851005767943,-0.5973776704522482
2016-07-03,0.94,-83.00070649999999,39.9622601,Columbus,234975.32,0.5372583082372735,0.2966737257638248,-0.06187540371808753,-0.10109611687136885,2016-07-03,12.36723576633458,0.5087257086551507
2015-11-29,1.03,-83.00070649999999,39.9622601,Columbus,97235.6,0.5372583082372735,0.2966737257638248,0.02955880224154443,-0.0096619109117369,2015-11-29,11.484892178537521,-0.8823435877970596
2016-10-23,1.11,-83.00070649999999,39.9622601,Columbus,156831.11,0.5372583082372735,0.2966737257638248,0.10436001532424286,-0.16566712188881735,2016-10-23,11.962924772830899,0.47803259429337785
2015-09-20,1.0,-83.00070649999999,39.9622601,Columbus,165068.86,0.5372583082372735,0.2966737257638248,0.0,-0.01980262729617973,2015-09-20,12.014117999156717,0.05119322632581813
2015-10-25,1.04,-83.00070649999999,39.9622601,Columbus,119210.27,0.5372583082372735,0.2966737257638248,0.03922071315328133,0.05942342047080079,2015-10-25,11.688644187620143,-0.3254738115365736
2017-04-23,1.26,-83.00070649999999,39.9622601,Columbus,166919.21,0.5372583082372735,0.2966737257638248,0.23111172096338664,0.2411620568168881,2017-04-23,12.025265201888155,0.3366210142680117
2015-02-22,1.09,-83.00070649999999,39.9622601,Columbus,114280.87,0.5372583082372735,0.2966737257638248,0.08617769624105241,0.037387532071620364,2015-02-22,11.646414469196376,-0.37885073269177916
2017-05-21,1.16,-83.00070649999999,39.9622601,Columbus,180283.53,0.5372583082372735,0.2966737257638248,0.14842000511827322,0.15847034097177468,2017-05-21,12.102286057265205,0.4558715880688293
2017-03-05,1.14,-83.00070649999999,39.9622601,Columbus,166169.72,0.5372583082372735,0.2966737257638248,0.131028262406404,0.09180754925312268,2017-03-05,12.020764954672476,-0.08152110259272938
2015-01-04,0.89,-83.00070649999999,39.9622601,Columbus,158638.04,0.5372583082372735,0.2966737257638248,-0.11653381625595151,0.0,2015-01-04,11.974380408099703,-0.04638454657277258
2018-03-11,1.05,-83.00070649999999,39.9622601,Columbus,212107.87,0.5372583082372735,0.2966737257638248,0.04879016416943205,0.00956945101615072,2018-03-11,12.26485024500348,0.29046983690377637
2015-12-20,1.03,-83.00070649999999,39.9622601,Columbus,117393.22,0.5372583082372735,0.2966737257638248,0.02955880224154443,0.0,2015-12-20,11.67328443343078,-0.5915658115726998
2016-05-22,0.83,-83.00070649999999,39.9622601,Columbus,210263.7,0.5372583082372735,0.2966737257638248,-0.18632957819149348,-0.011976191046715684,2016-05-22,12.256117736235527,0.5828333028047474
2015-05-10,1.1,-83.00070649999999,39.9622601,Columbus,162802.65,0.5372583082372735,0.2966737257638248,0.09531017980432493,0.10536051565782639,2015-05-10,12.000294010059376,-0.25582372617615157
2015-12-06,0.99,-83.00070649999999,39.9622601,Columbus,137195.59,0.5372583082372735,0.2966737257638248,-0.01005033585350145,-0.039609138095045876,2015-12-06,11.829162850900186,-0.17113115915918975
2017-10-08,1.83,-83.00070649999999,39.9622601,Columbus,103123.48,0.5372583082372735,0.2966737257638248,0.6043159668533296,0.061991676027967846,2017-10-08,11.543682384134417,-0.2854804667657689
2016-05-08,0.9,-83.00070649999999,39.9622601,Columbus,201205.97,0.5372583082372735,0.2966737257638248,-0.10536051565782628,0.23712979328894973,2016-05-08,12.212084388735708,0.6684020046012904
2016-10-30,1.1,-83.00070649999999,39.9622601,Columbus,138565.73,0.5372583082372735,0.2966737257638248,0.09531017980432493,-0.00904983551991792,2016-10-30,11.83910007686731,-0.3729843118683984
2016-01-24,0.89,-83.00070649999999,39.9622601,Columbus,213215.4,0.5372583082372735,0.2966737257638248,-0.11653381625595151,-0.14609261849749594,2016-01-24,12.270058201310578,0.43095812444326853
2017-10-01,1.72,-83.00070649999999,39.9622601,Columbus,118344.44,0.5372583082372735,0.2966737257638248,0.5423242908253617,0.01759576189037959,2017-10-01,11.681354634539877,-0.5887035667707003
2015-04-05,1.09,-83.00070649999999,39.9622601,Columbus,126109.82,0.5372583082372735,0.2966737257638248,0.08617769624105241,0.12699969076130757,2015-04-05,11.74490839362355,0.063553759083673
2017-02-12,0.78,-83.00070649999999,39.9622601,Columbus,226525.29,0.5372583082372735,0.2966737257638248,-0.2484613592984996,0.12260232209233246,2017-02-12,12.33061187330134,0.5857034796777896
2016-05-01,0.71,-83.00070649999999,39.9622601,Columbus,224515.48,0.5372583082372735,0.2966737257638248,-0.342490308946776,-0.01398624197473991,2016-05-01,12.32169993701668,-0.008911936284659916
2018-02-04,0.73,-83.00070649999999,39.9622601,Columbus,333398.29,0.5372583082372735,0.2966737257638248,-0.31471074483970024,-0.3442695470812447,2018-02-04,12.717093120311473,0.395393183294793
2016-10-09,1.33,-83.00070649999999,39.9622601,Columbus,120833.05,0.5372583082372735,0.2966737257638248,0.28517894223366247,0.02281467776617141,2016-10-09,11.70216511977842,-1.014928000533052
2015-03-29,0.96,-83.00070649999999,39.9622601,Columbus,139065.31,0.5372583082372735,0.2966737257638248,-0.040821994520255166,0.021053409197832364,2015-03-29,11.842698957880115,0.1405338381016943
2017-04-30,1.18,-83.00070649999999,39.9622601,Columbus,199643.4,0.5372583082372735,0.2966737257638248,0.16551443847757333,-0.06559728248581331,2017-04-30,12.204288054093706,0.36158909621359037
2017-06-11,0.98,-83.00070649999999,39.9622601,Columbus,181254.11,0.5372583082372735,0.2966737257638248,-0.020202707317519466,-0.1155128871218444,2017-06-11,12.107655248321896,-0.09663280577180977
2017-02-26,1.04,-83.00070649999999,39.9622601,Columbus,186429.24,0.5372583082372735,0.2966737257638248,0.03922071315328133,-0.028437935320533535,2017-02-26,12.135807035884083,0.02815178756218728
2015-02-01,0.87,-83.00070649999999,39.9622601,Columbus,216653.06,0.5372583082372735,0.2966737257638248,-0.13926206733350766,-0.21622310846963605,2015-02-01,12.286052551231707,0.1502455153476241
2016-03-06,0.95,-83.00070649999999,39.9622601,Columbus,173825.82,0.5372583082372735,0.2966737257638248,-0.05129329438755058,-0.08085209662909501,2016-03-06,12.06580904234427,-0.22024350888743705
