avo.csv
Date,AveragePrice,lon,lat,region,Total Volume,lon_scaled,lat_scaled,logPrice,logPriceDiff,Date,logVol,logDiffVol
2017-12-10,1.1,-83.00070649999999,39.9622601,Columbus,149626.6,0.5372583082372735,0.2966737257638248,0.09531017980432493,0.10536051565782639,2017-12-10,11.915898136203268,-0.14991090614100244
2015-12-27,0.99,-83.00070649999999,39.9622601,Columbus,107565.04,0.5372583082372735,0.2966737257638248,-0.01005033585350145,-0.039609138095045876,2015-12-27,11.585850966852888,-0.3300471693503795
2017-12-31,0.8,-83.00070649999999,39.9622601,Columbus,221203.78,0.5372583082372735,0.2966737257638248,-0.2231435513142097,-0.28141245943818555,2017-12-31,12.306839637091903,0.7209886702390147
2017-07-30,1.22,-83.00070649999999,39.9622601,Columbus,170792.43,0.5372583082372735,0.2966737257638248,0.19885085874516517,-0.13045288839743513,2017-07-30,12.048204238511317,-0.2586353985805854
2015-03-22,0.94,-83.00070649999999,39.9622601,Columbus,182625.49,0.5372583082372735,0.2966737257638248,-0.06187540371808753,-0.07182573457125563,2015-03-22,12.115192832143173,0.06698859363185505
2016-07-24,1.15,-83.00070649999999,39.9622601,Columbus,173335.16,0.5372583082372735,0.2966737257638248,0.13976194237515863,-0.0257524961024147,2016-07-24,12.062982340295509,-0.052210491847663576
2016-08-14,1.17,-83.00070649999999,39.9622601,Columbus,166462.83,0.5372583082372735,0.2966737257638248,0.1570037488096647,-0.008510689667908633,2016-08-14,12.022527320236911,-0.040455020058598024
2015-09-27,1.02,-83.00070649999999,39.9622601,Columbus,137298.77,0.5372583082372735,0.2966737257638248,0.01980262729617973,0.01980262729617973,2015-09-27,11.829914633230866,-0.1926126870060454
2016-11-06,1.41,-83.00070649999999,39.9622601,Columbus,114207.94,0.5372583082372735,0.2966737257638248,0.34358970439007686,0.24827952458575192,2016-11-06,11.645776100932506,-0.18413853229835908
2016-06-12,1.13,-83.00070649999999,39.9622601,Columbus,163638.65,0.5372583082372735,0.2966737257638248,0.12221763272424911,0.05455898425043425,2016-06-12,12.005415922192634,0.35963982126012795
2017-04-16,0.99,-83.00070649999999,39.9622601,Columbus,242720.67,0.5372583082372735,0.2966737257638248,-0.01005033585350145,-0.07770898432731632,2017-04-16,12.399666554960882,0.394250632768248
2017-02-19,1.07,-83.00070649999999,39.9622601,Columbus,159054.67,0.5372583082372735,0.2966737257638248,0.06765864847381486,0.31612000777231447,2017-02-19,11.97700325858214,-0.422663296378742
2015-10-11,0.9,-83.00070649999999,39.9622601,Columbus,145305.65,0.5372583082372735,0.2966737257638248,-0.10536051565782628,-0.03278982282299091,2015-10-11,11.886594733867751,-0.09040852471438932
2018-02-11,0.82,-83.00070649999999,39.9622601,Columbus,218329.7,0.5372583082372735,0.2966737257638248,-0.19845093872383832,0.11625980611586192,2018-02-11,12.293761584589438,0.407166850721687
2015-06-21,0.99,-83.00070649999999,39.9622601,Columbus,164161.25,0.5372583082372735,0.2966737257638248,-0.01005033585350145,-0.020000666706669543,2015-06-21,12.008604455457968,-0.28515712913146984
2017-12-03,0.99,-83.00070649999999,39.9622601,Columbus,194796.0,0.5372583082372735,0.2966737257638248,-0.01005033585350145,-0.04927104900678278,2017-12-03,12.179708136098846,0.17110368064087744
2017-11-05,0.96,-83.00070649999999,39.9622601,Columbus,222749.35,0.5372583082372735,0.2966737257638248,-0.040821994520255166,-0.23967285326542034,2017-11-05,12.313802427259214,0.13409429116036797
2016-09-11,1.06,-83.00070649999999,39.9622601,Columbus,177299.48,0.5372583082372735,0.2966737257638248,0.058268908123975824,0.0,2016-09-11,12.085595559175879,-0.22820686808333512
2017-01-15,0.97,-83.00070649999999,39.9622601,Columbus,200226.42,0.5372583082372735,0.2966737257638248,-0.030459207484708574,0.12036368224987509,2017-01-15,12.207204105188211,0.1216085460123324
2016-12-18,1.06,-83.00070649999999,39.9622601,Columbus,131322.27,0.5372583082372735,0.2966737257638248,0.058268908123975824,0.0784716154414953,2016-12-18,11.785409657485012,-0.4217944477031992
2015-07-12,1.04,-83.00070649999999,39.9622601,Columbus,143992.91,0.5372583082372735,0.2966737257638248,0.03922071315328133,0.05942342047080079,2015-07-12,11.877519341234889,0.09210968374987694
2018-02-18,1.02,-83.00070649999999,39.9622601,Columbus,179193.25,0.5372583082372735,0.2966737257638248,0.01980262729617973,0.21825356602001805,2018-02-18,12.096220111402818,0.21870077016792955
2015-05-24,1.01,-83.00070649999999,39.9622601,Columbus,171879.57,0.5372583082372735,0.2966737257638248,0.009950330853168092,0.009950330853168092,2015-05-24,12.054549336140399,-0.04167077526241947
2016-06-26,1.04,-83.00070649999999,39.9622601,Columbus,201923.72,0.5372583082372735,0.2966737257638248,0.03922071315328133,-0.08299691957096778,2016-06-26,12.215645281303157,0.16109594516275827
2015-05-31,1.1,-83.00070649999999,39.9622601,Columbus,143985.96,0.5372583082372735,0.2966737257638248,0.09531017980432493,0.08535984895115684,2015-05-31,11.877471073804704,-0.3381742074984526
2018-03-25,0.96,-83.00070649999999,39.9622601,Columbus,264778.18,0.5372583082372735,0.2966737257638248,-0.040821994520255166,-0.05077232537342326,2018-03-25,12.486647697837086,0.609176624032381
2017-08-13,1.52,-83.00070649999999,39.9622601,Columbus,151390.04,0.5372583082372735,0.2966737257638248,0.41871033485818504,0.22808997524953534,2017-08-13,11.927614831824133,-0.5590328660129522
2015-02-08,0.96,-83.00070649999999,39.9622601,Columbus,128078.27,0.5372583082372735,0.2966737257638248,-0.040821994520255166,0.09844007281325248,2015-02-08,11.760396840396362,-0.16721799142777094
2017-07-09,0.95,-83.00070649999999,39.9622601,Columbus,240071.43,0.5372583082372735,0.2966737257638248,-0.05129329438755058,0.11122563511022436,2017-07-09,12.388691783042594,0.6282949426462316
2017-09-17,1.7,-83.00070649999999,39.9622601,Columbus,120600.86,0.5372583082372735,0.2966737257638248,0.5306282510621704,0.01183445764700286,2017-09-17,11.700241694261406,-0.6884500887811882
2017-03-12,1.29,-83.00070649999999,39.9622601,Columbus,140126.45,0.5372583082372735,0.2966737257638248,0.25464221837358075,0.12361395596717675,2017-03-12,11.85030050822458,0.15005881396317378
2016-12-11,0.98,-83.00070649999999,39.9622601,Columbus,144354.95,0.5372583082372735,0.2966737257638248,-0.020202707317519466,0.15415067982725833,2016-12-11,11.88003047615537,0.02972996793079119
2015-08-16,1.03,-83.00070649999999,39.9622601,Columbus,155881.73,0.5372583082372735,0.2966737257638248,0.02955880224154443,0.02955880224154443,2015-08-16,11.95685285767179,0.0768223815164184
2017-12-17,1.03,-83.00070649999999,39.9622601,Columbus,162900.37,0.5372583082372735,0.2966737257638248,0.02955880224154443,-0.0657513775627805,2017-12-17,12.000894065919663,0.04404120824787405
2015-05-17,1.0,-83.00070649999999,39.9622601,Columbus,180511.78,0.5372583082372735,0.2966737257638248,0.0,-0.09531017980432493,2015-05-17,12.10355131778342,0.10265725186375718
2017-06-18,0.81,-83.00070649999999,39.9622601,Columbus,304247.54,0.5372583082372735,0.2966737257638248,-0.21072103131565253,-0.19051832399813307,2017-06-18,12.625596925361046,0.5220456075776259
2016-01-03,0.91,-83.00070649999999,39.9622601,Columbus,192774.07,0.5372583082372735,0.2966737257638248,-0.09431067947124129,-0.08426034361773985,2016-01-03,12.169274160412519,-0.45632276494852775
2015-01-25,1.08,-83.00070649999999,39.9622601,Columbus,116995.68,0.5372583082372735,0.2966737257638248,0.0769610411361284,0.057158413839948664,2015-01-25,11.669892290021297,-0.49938187039122184
2015-08-30,1.03,-83.00070649999999,39.9622601,Columbus,147230.76,0.5372583082372735,0.2966737257638248,0.02955880224154443,-0.04740223889458396,2015-08-30,11.899756430837574,0.22986414081627693
2016-03-20,1.04,-83.00070649999999,39.9622601,Columbus,152572.16,0.5372583082372735,0.2966737257638248,0.03922071315328133,-0.00956945101615072,2016-03-20,11.935392943442963,0.03563651260538947
2017-03-19,1.3,-83.00070649999999,39.9622601,Columbus,136371.39,0.5372583082372735,0.2966737257638248,0.26236426446749106,0.007722046093910306,2017-03-19,11.823137251657599,-0.11225569178536432
2017-09-03,1.62,-83.00070649999999,39.9622601,Columbus,127613.24,0.5372583082372735,0.2966737257638248,0.4824261492442928,0.2513144282809061,2017-09-03,11.756759406265434,-0.0663778453921644
2017-11-12,0.97,-83.00070649999999,39.9622601,Columbus,196433.0,0.5372583082372735,0.2966737257638248,-0.030459207484708574,0.010362787035546592,2017-11-12,12.188076685227896,0.43131727896246197
2016-02-07,0.81,-83.00070649999999,39.9622601,Columbus,233905.62,0.5372583082372735,0.2966737257638248,-0.21072103131565253,-0.1273394223766015,2016-02-07,12.362672979645739,0.1745962944178423
2017-08-20,1.23,-83.00070649999999,39.9622601,Columbus,211279.9,0.5372583082372735,0.2966737257638248,0.20701416938432612,-0.21169616547385892,2017-08-20,12.260939073665336,-0.101733905980403
2015-11-08,0.95,-83.00070649999999,39.9622601,Columbus,152084.79,0.5372583082372735,0.2966737257638248,-0.05129329438755058,-0.04124295853404913,2015-11-08,11.93219347324705,-0.3287456004182854
2017-07-02,0.85,-83.00070649999999,39.9622601,Columbus,276442.3,0.5372583082372735,0.2966737257638248,-0.16251892949777494,-0.01169603976319128,2017-07-02,12.529757398240173,0.597563924993123
2017-03-26,1.26,-83.00070649999999,39.9622601,Columbus,153513.23,0.5372583082372735,0.2966737257638248,0.23111172096338664,-0.03125254350410442,2017-03-26,11.941542031220418,-0.588215367019755
2017-08-27,1.26,-83.00070649999999,39.9622601,Columbus,176231.47,0.5372583082372735,0.2966737257638248,0.23111172096338664,0.024097551579060517,2017-08-27,12.079553580395697,0.13801154917527825
2015-04-19,1.0,-83.00070649999999,39.9622601,Columbus,172913.44,0.5372583082372735,0.2966737257638248,0.0,-0.06765864847381486,2015-04-19,12.060546401443867,-0.019007178951829573
2017-01-01,0.83,-83.00070649999999,39.9622601,Columbus,218881.63,0.5372583082372735,0.2966737257638248,-0.18632957819149348,-0.25398822666530835,2017-01-01,12.296286360391518,0.23573995894765076
2015-03-01,1.03,-83.00070649999999,39.9622601,Columbus,136795.35,0.5372583082372735,0.2966737257638248,0.02955880224154443,-0.05661889399950798,2015-03-01,11.826241292364802,-0.47004506802671564
2016-01-10,0.97,-83.00070649999999,39.9622601,Columbus,163977.03,0.5372583082372735,0.2966737257638248,-0.030459207484708574,0.06385147198653271,2016-01-10,12.007481636021271,0.18124034365646935
2017-04-09,1.07,-83.00070649999999,39.9622601,Columbus,225843.95,0.5372583082372735,0.2966737257638248,0.06765864847381486,-0.13935552091051126,2017-04-09,12.327599553033009,0.3201179170117374
2016-03-27,1.01,-83.00070649999999,39.9622601,Columbus,153523.03,0.5372583082372735,0.2966737257638248,0.009950330853168092,-0.029270382300113237,2016-03-27,11.941605867328917,-0.38599368570409176
2016-07-31,1.21,-83.00070649999999,39.9622601,Columbus,153804.34,0.5372583082372735,0.2966737257638248,0.1906203596086497,0.05085841723349108,2016-07-31,11.943436554121087,0.0018306867921698
2017-01-08,0.86,-83.00070649999999,39.9622601,Columbus,226219.71,0.5372583082372735,0.2966737257638248,-0.15082288973458366,0.035506688456909824,2017-01-08,12.329261974146613,0.385825420025526
2016-09-04,1.06,-83.00070649999999,39.9622601,Columbus,161362.24,0.5372583082372735,0.2966737257638248,0.058268908123975824,-0.00938974034983904,2016-09-04,11.991407054534713,-0.3378549196118996
2018-02-25,1.03,-83.00070649999999,39.9622601,Columbus,209180.18,0.5372583082372735,0.2966737257638248,0.02955880224154443,0.009756174945364699,2018-02-25,12.250951264810805,0.25954421027609165
2016-06-05,1.07,-83.00070649999999,39.9622601,Columbus,175046.12,0.5372583082372735,0.2966737257638248,0.06765864847381486,0.14022934130865022,2016-06-05,12.072804761041475,-0.17814650376933017
2017-04-02,1.23,-83.00070649999999,39.9622601,Columbus,174975.95,0.5372583082372735,0.2966737257638248,0.20701416938432612,-0.024097551579060517,2017-04-02,12.072403814890052,-0.0004009461514229429
2016-04-03,0.95,-83.00070649999999,39.9622601,Columbus,147520.15,0.5372583082372735,0.2966737257638248,-0.05129329438755058,-0.06124362524071867,2016-04-03,11.901720055601183,-0.1706837592888686
2015-08-23,1.08,-83.00070649999999,39.9622601,Columbus,130920.97,0.5372583082372735,0.2966737257638248,0.0769610411361284,0.04740223889458396,2015-08-23,11.782349137692467,-0.11937091790871612
2015-06-28,0.94,-83.00070649999999,39.9622601,Columbus,159970.54,0.5372583082372735,0.2966737257638248,-0.06187540371808753,-0.05182506786458608,2015-06-28,11.982744952262875,0.2003958145704079
2016-12-25,1.07,-83.00070649999999,39.9622601,Columbus,136733.12,0.5372583082372735,0.2966737257638248,0.06765864847381486,0.00938974034983904,2016-12-25,11.825786275736561,-0.15695867652631357
2015-01-18,1.02,-83.00070649999999,39.9622601,Columbus,116450.21,0.5372583082372735,0.2966737257638248,0.01980262729617973,0.050261834780888304,2015-01-18,11.665219078659938,-0.1605671970766238
2017-05-07,0.93,-83.00070649999999,39.9622601,Columbus,276421.87,0.5372583082372735,0.2966737257638248,-0.07257069283483537,-0.23808513131240872,2017-05-07,12.529683492202786,0.8644644135428479
2016-01-17,1.03,-83.00070649999999,39.9622601,Columbus,134604.75,0.5372583082372735,0.2966737257638248,0.02955880224154443,0.060018009726253,2016-01-17,11.810097985317496,-0.7195855068852897
2018-01-14,1.07,-83.00070649999999,39.9622601,Columbus,194619.31,0.5372583082372735,0.2966737257638248,0.06765864847381486,0.24201203561859266,2018-01-14,12.17880067299923,0.36870268768173453
2015-10-18,0.98,-83.00070649999999,39.9622601,Columbus,137773.84,0.5372583082372735,0.2966737257638248,-0.020202707317519466,0.08515780834030681,2015-10-18,11.833368779191405,-0.3454318938078256
2017-06-04,1.1,-83.00070649999999,39.9622601,Columbus,196391.15,0.5372583082372735,0.2966737257638248,0.09531017980432493,-0.11980119981262055,2017-06-04,12.187863612787424,0.35449483359601963
2016-06-19,1.13,-83.00070649999999,39.9622601,Columbus,172220.11,0.5372583082372735,0.2966737257638248,0.12221763272424911,0.0,2016-06-19,12.056528646967871,-0.13133496581955306
2016-12-04,0.84,-83.00070649999999,39.9622601,Columbus,237639.3,0.5372583082372735,0.2966737257638248,-0.1743533871447778,-0.26966356694910276,2016-12-04,12.37850925683329,0.32198060986541854
2015-11-01,0.99,-83.00070649999999,39.9622601,Columbus,135237.01,0.5372583082372735,0.2966737257638248,-0.01005033585350145,-0.04927104900678278,2015-11-01,11.814784147733882,-0.5637251090994084
2015-03-15,1.01,-83.00070649999999,39.9622601,Columbus,149884.1,0.5372583082372735,0.2966737257638248,0.009950330853168092,0.06124362524071867,2015-03-15,11.917617607750984,0.10283346001710214
2017-05-28,1.24,-83.00070649999999,39.9622601,Columbus,182566.46,0.5372583082372735,0.2966737257638248,0.2151113796169455,0.06669137449867227,2017-05-28,12.11486955009649,0.19725194234550614
2015-04-26,1.02,-83.00070649999999,39.9622601,Columbus,161438.17,0.5372583082372735,0.2966737257638248,0.01980262729617973,0.01980262729617973,2015-04-26,11.991877500042515,-0.12299205005397518
2017-09-10,1.68,-83.00070649999999,39.9622601,Columbus,135633.34,0.5372583082372735,0.2966737257638248,0.5187937934151675,0.036367644170874736,2017-09-10,11.817710494473797,-0.17416700556871767
2017-11-26,1.04,-83.00070649999999,39.9622601,Columbus,126378.0,0.5372583082372735,0.2966737257638248,0.03922071315328133,0.0696799206379899,2017-11-26,11.747032694913413,-0.070677799560384
2016-04-17,0.97,-83.00070649999999,39.9622601,Columbus,172183.83,0.5372583082372735,0.2966737257638248,-0.030459207484708574,0.010362787035546592,2016-04-17,12.056317964127633,0.30928526921421984
2015-04-12,1.07,-83.00070649999999,39.9622601,Columbus,129397.39,0.5372583082372735,0.2966737257638248,0.06765864847381486,-0.018519047767237548,2015-04-12,11.770643490830064,-0.28567447329756845
2015-07-19,1.05,-83.00070649999999,39.9622601,Columbus,159137.17,0.5372583082372735,0.2966737257638248,0.04879016416943205,0.00956945101615072,2015-07-19,11.977521813689329,0.20687832285926433
2016-03-13,1.05,-83.00070649999999,39.9622601,Columbus,140244.15,0.5372583082372735,0.2966737257638248,0.04879016416943205,0.10008345855698263,2016-03-13,11.851140111285059,-0.12638170240427016
2015-11-22,1.04,-83.00070649999999,39.9622601,Columbus,115089.62,0.5372583082372735,0.2966737257638248,0.03922071315328133,0.04927104900678278,2015-11-22,11.65346640819325,-0.19767370309180876
2015-01-11,0.97,-83.00070649999999,39.9622601,Columbus,125742.48,0.5372583082372735,0.2966737257638248,-0.030459207484708574,0.08607460877124293,2015-01-11,11.74199128498098,0.08852487678773002
2016-08-28,1.07,-83.00070649999999,39.9622601,Columbus,168757.98,0.5372583082372735,0.2966737257638248,0.06765864847381486,-0.11466290832013973,2016-08-28,12.036220896505581,0.29422961152460125
2015-09-13,1.02,-83.00070649999999,39.9622601,Columbus,169025.14,0.5372583082372735,0.2966737257638248,0.01980262729617973,-0.0194180858571016,2015-09-13,12.037802740238376,0.0015818437327954626
2015-08-09,1.0,-83.00070649999999,39.9622601,Columbus,167387.9,0.5372583082372735,0.2966737257638248,0.0,-0.04879016416943205,2015-08-09,12.028069152465667,-0.009733587772709384
2016-07-10,1.06,-83.00070649999999,39.9622601,Columbus,170762.71,0.5372583082372735,0.2966737257638248,0.058268908123975824,0.12014431184206335,2016-07-10,12.048030210973186,0.01996105850751917
2018-03-04,1.04,-83.00070649999999,39.9622601,Columbus,207531.29,0.5372583082372735,0.2966737257638248,0.03922071315328133,0.0096619109117369,2018-03-04,12.243037402465163,0.19500719149197643
2017-01-22,0.91,-83.00070649999999,39.9622601,Columbus,197072.56,0.5372583082372735,0.2966737257638248,-0.09431067947124129,-0.06385147198653271,2017-01-22,12.191327264778268,-0.0517101376868947
2016-11-27,1.1,-83.00070649999999,39.9622601,Columbus,134305.97,0.5372583082372735,0.2966737257638248,0.09531017980432493,-0.18986876242933753,2016-11-27,11.807875834241132,-0.3834514305371357
