avo.csv
Date,AveragePrice,lon,lat,region,Total Volume,lon_scaled,lat_scaled,logPrice,logPriceDiff,Date,logVol,logDiffVol
2015-02-15,1.05,-83.00070649999999,39.9622601,Columbus,106663.68,0.5372583082372735,0.2966737257638248,0.04879016416943205,0.08961215868968722,2015-02-15,11.577435985715793,-0.23043984852533939
2015-06-07,1.03,-83.00070649999999,39.9622601,Columbus,187983.88,0.5372583082372735,0.2966737257638248,0.02955880224154443,-0.0657513775627805,2015-06-07,12.14411149345495,0.5666755077391574
2016-01-31,0.92,-83.00070649999999,39.9622601,Columbus,173311.53,0.5372583082372735,0.2966737257638248,-0.08338160893905101,0.033152207316900495,2016-01-31,12.06284600551593,-0.08126548793902089
2015-09-06,1.04,-83.00070649999999,39.9622601,Columbus,144563.15,0.5372583082372735,0.2966737257638248,0.03922071315328133,0.0096619109117369,2015-09-06,11.881471715288805,-0.18137429022712404
2016-08-07,1.18,-83.00070649999999,39.9622601,Columbus,164281.56,0.5372583082372735,0.2966737257638248,0.16551443847757333,-0.025105921131076375,2016-08-07,12.009337064007877,0.1278653487190713
2016-02-14,0.91,-83.00070649999999,39.9622601,Columbus,173980.1,0.5372583082372735,0.2966737257638248,-0.09431067947124129,0.11641035184441124,2016-02-14,12.066696203840078,0.05735913983220087
2016-09-18,1.07,-83.00070649999999,39.9622601,Columbus,167438.32,0.5372583082372735,0.2966737257638248,0.06765864847381486,0.00938974034983904,2016-09-18,12.02837032362473,-0.03832588021534811
2016-04-10,0.96,-83.00070649999999,39.9622601,Columbus,135905.09,0.5372583082372735,0.2966737257638248,-0.040821994520255166,0.010471299867295412,2016-04-10,11.819712053448153,-0.208658270176576
2016-05-15,0.84,-83.00070649999999,39.9622601,Columbus,202002.0,0.5372583082372735,0.2966737257638248,-0.1743533871447778,-0.06899287148695152,2016-05-15,12.216032877324427,0.3963208238762732
2017-06-25,0.86,-83.00070649999999,39.9622601,Columbus,243935.99,0.5372583082372735,0.2966737257638248,-0.15082288973458366,0.059898141581068876,2017-06-25,12.40466113379364,0.18862825646921344
2017-11-05,0.96,-96.7968559,32.7762719,DallasFtWorth,1142499.74,0.002688595763170376,-0.3600704126651628,-0.040821994520255166,-0.08961215868968722,2017-11-05,13.948729174179356,0.0
2015-10-25,0.86,-96.7968559,32.7762719,DallasFtWorth,1010394.81,0.002688595763170376,-0.3600704126651628,-0.15082288973458366,0.035506688456909824,2015-10-25,13.825851713425653,-0.12287746075370265
2015-03-15,0.72,-96.7968559,32.7762719,DallasFtWorth,1211158.55,0.002688595763170376,-0.3600704126651628,-0.3285040669720361,-0.0408219945202552,2015-03-15,14.00708793882081,0.18123622539515694
2016-09-18,0.8,-96.7968559,32.7762719,DallasFtWorth,1382358.0,0.002688595763170376,-0.3600704126651628,-0.2231435513142097,0.012578782206860123,2016-09-18,14.139301294625943,0.13221335580513305
2017-03-19,0.94,-96.7968559,32.7762719,DallasFtWorth,1153699.28,0.002688595763170376,-0.3600704126651628,-0.06187540371808753,0.04348511193973875,2017-03-19,13.958484102836136,-0.1808171917898065
2015-11-22,0.78,-96.7968559,32.7762719,DallasFtWorth,885067.49,0.002688595763170376,-0.3600704126651628,-0.2484613592984996,0.0940289496482764,2015-11-22,13.693419180969435,-0.26506492186670094
2015-10-18,0.83,-96.7968559,32.7762719,DallasFtWorth,992983.76,0.002688595763170376,-0.3600704126651628,-0.18632957819149348,0.02439145312415905,2015-10-18,13.808469588412205,0.1150504074427694
2016-08-28,0.74,-96.7968559,32.7762719,DallasFtWorth,1260685.59,0.002688595763170376,-0.3600704126651628,-0.3011050927839216,-0.0397403286495141,2016-08-28,14.047166249996188,0.23869666158398317
2017-05-21,0.91,-96.7968559,32.7762719,DallasFtWorth,1291606.06,0.002688595763170376,-0.3600704126651628,-0.09431067947124129,-0.04301738508369071,2017-05-21,14.071397009710314,0.024230759714125583
2015-07-05,0.83,-96.7968559,32.7762719,DallasFtWorth,1320696.13,0.002688595763170376,-0.3600704126651628,-0.18632957819149348,0.07503518594291403,2015-07-05,14.093669526763348,0.022272517053034235
2016-06-12,0.84,-96.7968559,32.7762719,DallasFtWorth,1272166.49,0.002688595763170376,-0.3600704126651628,-0.1743533871447778,0.024097551579060517,2016-06-12,14.05623190268185,-0.0374376240814982
2018-01-14,0.93,-96.7968559,32.7762719,DallasFtWorth,1333180.68,0.002688595763170376,-0.3600704126651628,-0.07257069283483537,0.01081091610421564,2018-01-14,14.103078133861574,0.04684623117972464
2017-07-09,0.84,-96.7968559,32.7762719,DallasFtWorth,1514500.0,0.002688595763170376,-0.3600704126651628,-0.1743533871447778,-0.06899287148695152,2017-07-09,14.230595909449429,0.1275177755878545
2016-08-21,0.77,-96.7968559,32.7762719,DallasFtWorth,1215161.52,0.002688595763170376,-0.3600704126651628,-0.2613647641344075,-0.13353139262452263,2016-08-21,14.010387564192882,-0.22020834525654642
2016-02-14,0.65,-96.7968559,32.7762719,DallasFtWorth,1358553.29,0.002688595763170376,-0.3600704126651628,-0.4307829160924542,-0.08829260714567821,2016-02-14,14.121930934167878,0.1115433699749957
2015-10-11,0.81,-96.7968559,32.7762719,DallasFtWorth,1100679.15,0.002688595763170376,-0.3600704126651628,-0.21072103131565253,-0.012270092591814219,2015-10-11,13.91143795634093,-0.21049297782694865
2015-06-28,0.77,-96.7968559,32.7762719,DallasFtWorth,1203553.98,0.002688595763170376,-0.3600704126651628,-0.2613647641344075,0.02631730831737339,2015-06-28,14.000789387712922,0.08935143137199297
2015-12-06,0.74,-96.7968559,32.7762719,DallasFtWorth,1054849.97,0.002688595763170376,-0.3600704126651628,-0.3011050927839216,-0.0779615414697119,2015-12-06,13.868909106248907,-0.13188028146401543
2015-10-04,0.82,-96.7968559,32.7762719,DallasFtWorth,1104602.14,0.002688595763170376,-0.3600704126651628,-0.19845093872383832,-0.024097551579060517,2015-10-04,13.914995773800236,0.04608666755132873
2016-06-05,0.82,-96.7968559,32.7762719,DallasFtWorth,1343656.34,0.002688595763170376,-0.3600704126651628,-0.19845093872383832,0.0629138254105692,2016-06-05,14.110905067963804,0.1959092941635685
2017-10-22,1.1,-96.7968559,32.7762719,DallasFtWorth,1037930.19,0.002688595763170376,-0.3600704126651628,0.09531017980432493,-0.15154989812720088,2017-10-22,13.852739086111036,-0.25816598185276796
2015-05-10,0.75,-96.7968559,32.7762719,DallasFtWorth,1298826.19,0.002688595763170376,-0.3600704126651628,-0.2876820724517809,-0.02631730831737339,2015-05-10,14.076971483774999,0.22423239766396286
2017-10-29,1.05,-96.7968559,32.7762719,DallasFtWorth,1071345.81,0.002688595763170376,-0.3600704126651628,0.04879016416943205,-0.046520015634892886,2017-10-29,13.884426182467754,-0.1925453013072449
2016-01-31,0.8,-96.7968559,32.7762719,DallasFtWorth,1128639.48,0.002688595763170376,-0.3600704126651628,-0.2231435513142097,-0.24294617861038945,2016-01-31,13.936523465298219,0.052097282830464664
2015-03-22,0.67,-96.7968559,32.7762719,DallasFtWorth,1333424.37,0.002688595763170376,-0.3600704126651628,-0.40047756659712525,-0.07197349962508914,2015-03-22,14.103260905585254,0.16673744028703474
2017-04-16,0.87,-96.7968559,32.7762719,DallasFtWorth,1517178.55,0.002688595763170376,-0.3600704126651628,-0.13926206733350766,-0.033901551675681374,2017-04-16,14.232362950811362,0.12910204522610869
2016-07-10,0.91,-96.7968559,32.7762719,DallasFtWorth,1080238.02,0.002688595763170376,-0.3600704126651628,-0.09431067947124129,0.022223136784710218,2016-07-10,13.892691963707227,-0.33967098710413524
2018-01-21,0.85,-96.7968559,32.7762719,DallasFtWorth,1437239.09,0.002688595763170376,-0.3600704126651628,-0.16251892949777494,-0.08994823666293957,2018-01-21,14.178234532571356,0.28554256886412865
2017-06-11,0.9,-96.7968559,32.7762719,DallasFtWorth,1361774.87,0.002688595763170376,-0.3600704126651628,-0.10536051565782628,-0.03278982282299091,2017-06-11,14.124299458343332,-0.053935074228023794
2017-07-16,0.98,-96.7968559,32.7762719,DallasFtWorth,1219892.61,0.002688595763170376,-0.3600704126651628,-0.020202707317519466,0.15415067982725833,2017-07-16,14.014273388244884,-0.11002607009844745
2018-03-25,0.73,-96.7968559,32.7762719,DallasFtWorth,1803351.21,0.002688595763170376,-0.3600704126651628,-0.31471074483970024,-0.17544867750619259,2018-03-25,14.405157275229264,0.3908838869843798
2017-02-26,0.73,-96.7968559,32.7762719,DallasFtWorth,1372811.19,0.002688595763170376,-0.3600704126651628,-0.31471074483970024,-0.04027389913793994,2017-02-26,14.13237115890639,-0.27278611632287486
2015-12-13,0.79,-96.7968559,32.7762719,DallasFtWorth,980891.18,0.002688595763170376,-0.3600704126651628,-0.23572233352106983,0.06538275926285178,2015-12-13,13.796216804769704,-0.33615435413668493
2016-05-22,0.7,-96.7968559,32.7762719,DallasFtWorth,1378888.74,0.002688595763170376,-0.3600704126651628,-0.35667494393873245,-0.014184634991956435,2016-05-22,14.136788471867128,0.34057166709742326
2016-02-07,0.71,-96.7968559,32.7762719,DallasFtWorth,1515264.27,0.002688595763170376,-0.3600704126651628,-0.342490308946776,-0.1193467576325663,2016-02-07,14.231100417357043,0.09431194548991506
2017-03-05,0.93,-96.7968559,32.7762719,DallasFtWorth,1105083.35,0.002688595763170376,-0.3600704126651628,-0.07257069283483537,0.24214005200486488,2017-03-05,13.915431319953555,-0.3156690974034877
2015-07-12,0.82,-96.7968559,32.7762719,DallasFtWorth,1144448.23,0.002688595763170376,-0.3600704126651628,-0.19845093872383832,-0.012121360532344833,2015-07-12,13.950433183625165,0.03500186367161007
2015-05-17,0.73,-96.7968559,32.7762719,DallasFtWorth,1219398.43,0.002688595763170376,-0.3600704126651628,-0.31471074483970024,-0.02702867238791934,2015-05-17,14.013868204936573,0.06343502131140788
2016-09-11,0.79,-96.7968559,32.7762719,DallasFtWorth,1308970.15,0.002688595763170376,-0.3600704126651628,-0.23572233352106983,0.06538275926285178,2016-09-11,14.084751240965108,0.07088303602853507
2016-10-02,0.95,-96.7968559,32.7762719,DallasFtWorth,1033290.02,0.002688595763170376,-0.3600704126651628,-0.05129329438755058,0.032088314551500435,2016-10-02,13.848258463779727,-0.2364927771853811
2015-07-19,0.82,-96.7968559,32.7762719,DallasFtWorth,1186878.88,0.002688595763170376,-0.3600704126651628,-0.19845093872383832,0.0,2015-07-19,13.986837629632339,0.13857916585261165
2016-05-29,0.77,-96.7968559,32.7762719,DallasFtWorth,1354696.91,0.002688595763170376,-0.3600704126651628,-0.2613647641344075,0.09531017980432493,2016-05-29,14.119088304618415,0.1322506749860768
2015-05-31,0.68,-96.7968559,32.7762719,DallasFtWorth,1377670.81,0.002688595763170376,-0.3600704126651628,-0.3856624808119846,-0.17494144949633209,2015-05-31,14.135904812321842,0.016816507703426353
2016-02-21,0.83,-96.7968559,32.7762719,DallasFtWorth,1006181.04,0.002688595763170376,-0.3600704126651628,-0.18632957819149348,0.24445333790096074,2016-02-21,13.821672573689488,-0.3142322386323535
2017-04-30,0.9,-96.7968559,32.7762719,DallasFtWorth,1407490.7,0.002688595763170376,-0.3600704126651628,-0.10536051565782628,0.05715841383994866,2017-04-30,14.157319031514117,0.33564645782462854
2015-02-08,0.67,-96.7968559,32.7762719,DallasFtWorth,1207167.54,0.002688595763170376,-0.3600704126651628,-0.40047756659712525,-0.014815085785140625,2015-02-08,14.003787297406278,-0.1535317341078386
2017-06-04,0.93,-96.7968559,32.7762719,DallasFtWorth,1325912.38,0.002688595763170376,-0.3600704126651628,-0.07257069283483537,0.0,2017-06-04,14.097611369113297,0.09382407170701867
2017-04-23,0.85,-96.7968559,32.7762719,DallasFtWorth,1496361.87,0.002688595763170376,-0.3600704126651628,-0.16251892949777494,-0.023256862164267283,2017-04-23,14.218547299976706,0.12093593086340881
2015-01-04,0.74,-96.7968559,32.7762719,DallasFtWorth,1086363.97,0.002688595763170376,-0.3600704126651628,-0.3011050927839216,0.0,2015-01-04,13.898346870656347,-0.32020042932035864
2016-10-09,0.93,-96.7968559,32.7762719,DallasFtWorth,1162334.53,0.002688595763170376,-0.3600704126651628,-0.07257069283483537,-0.021277398447284795,2016-10-09,13.965941066527433,0.06759419587108617
2017-03-12,0.9,-96.7968559,32.7762719,DallasFtWorth,1170640.71,0.002688595763170376,-0.3600704126651628,-0.10536051565782628,-0.03278982282299091,2017-03-12,13.973061772271967,0.007120705744533495
2015-12-20,0.82,-96.7968559,32.7762719,DallasFtWorth,928051.16,0.002688595763170376,-0.3600704126651628,-0.19845093872383832,0.037271394797231516,2015-12-20,13.740842139559119,-0.23221963271284807
2016-09-25,0.92,-96.7968559,32.7762719,DallasFtWorth,1150789.41,0.002688595763170376,-0.3600704126651628,-0.08338160893905101,0.1397619423751587,2016-09-25,13.955958708323132,0.21511656876401375
2015-11-15,0.71,-96.7968559,32.7762719,DallasFtWorth,1040439.71,0.002688595763170376,-0.3600704126651628,-0.342490308946776,-0.1193467576325663,2015-11-15,13.855153979840557,-0.10080472848257571
2017-11-19,0.94,-96.7968559,32.7762719,DallasFtWorth,958421.0,0.002688595763170376,-0.3600704126651628,-0.06187540371808753,-0.021053409197832364,2017-11-19,13.773042417622467,-0.08211156221809013
2017-12-17,0.83,-96.7968559,32.7762719,DallasFtWorth,1084068.05,0.002688595763170376,-0.3600704126651628,-0.18632957819149348,0.10135249426028742,2017-12-17,13.896231235764118,0.12318881814165117
2016-03-06,0.76,-96.7968559,32.7762719,DallasFtWorth,1201768.74,0.002688595763170376,-0.3600704126651628,-0.2744368457017603,0.02666824708216131,2016-03-06,13.999304979560149,0.10307374379603118
2016-05-15,0.71,-96.7968559,32.7762719,DallasFtWorth,1366439.71,0.002688595763170376,-0.3600704126651628,-0.342490308946776,-0.01398624197473991,2016-05-15,14.127719163362308,0.12841418380215863
2015-04-26,0.81,-96.7968559,32.7762719,DallasFtWorth,1102639.51,0.002688595763170376,-0.3600704126651628,-0.21072103131565253,0.012422519998557174,2015-04-26,13.913217417980208,-0.21450174538209943
2016-06-19,0.87,-96.7968559,32.7762719,DallasFtWorth,1236820.38,0.002688595763170376,-0.3600704126651628,-0.13926206733350766,0.035091319811270144,2016-06-19,14.028054434687295,0.1148370167070869
2017-04-09,0.9,-96.7968559,32.7762719,DallasFtWorth,1337046.52,0.002688595763170376,-0.3600704126651628,-0.10536051565782628,0.0809690625336672,2017-04-09,14.105973649794404,0.07791921510710864
2016-06-26,0.85,-96.7968559,32.7762719,DallasFtWorth,1277488.6,0.002688595763170376,-0.3600704126651628,-0.16251892949777494,-0.023256862164267283,2016-06-26,14.06040667734112,-0.04556697245328323
2015-08-16,0.88,-96.7968559,32.7762719,DallasFtWorth,1122668.33,0.002688595763170376,-0.3600704126651628,-0.12783337150988489,0.03468555798789005,2015-08-16,13.931218847266596,-0.1291878300745246
2017-05-07,0.89,-96.7968559,32.7762719,DallasFtWorth,1473846.78,0.002688595763170376,-0.3600704126651628,-0.11653381625595151,-0.011173300598125227,2017-05-07,14.203386397888785,0.2721675506221892
2016-01-17,0.79,-96.7968559,32.7762719,DallasFtWorth,1164936.06,0.002688595763170376,-0.3600704126651628,-0.23572233352106983,-0.0732034040232949,2016-01-17,13.968176759355577,-0.23520963853320787
2016-12-04,0.69,-96.7968559,32.7762719,DallasFtWorth,1245471.58,0.002688595763170376,-0.3600704126651628,-0.37106368139083207,-0.2657031657330058,2016-12-04,14.03502479527871,0.06684803592313315
2016-01-03,0.78,-96.7968559,32.7762719,DallasFtWorth,1191927.54,0.002688595763170376,-0.3600704126651628,-0.2484613592984996,-0.025317807984289897,2016-01-03,13.991082336169127,-0.04394245910958361
2017-09-10,1.2,-96.7968559,32.7762719,DallasFtWorth,997274.92,0.002688595763170376,-0.3600704126651628,0.1823215567939546,-0.024692612590371532,2017-09-10,13.812781758174417,-0.17830057799471
2016-03-20,0.74,-96.7968559,32.7762719,DallasFtWorth,1347884.14,0.002688595763170376,-0.3600704126651628,-0.3011050927839216,-0.052643733485422006,2016-03-20,14.114046617205618,0.3012648590312015
2017-01-22,0.7,-96.7968559,32.7762719,DallasFtWorth,1382964.89,0.002688595763170376,-0.3600704126651628,-0.35667494393873245,0.0,2017-01-22,14.139740223484441,0.02569360627882311
2016-04-17,0.69,-96.7968559,32.7762719,DallasFtWorth,1339725.73,0.002688595763170376,-0.3600704126651628,-0.37106368139083207,0.0,2016-04-17,14.10797547187299,-0.0317647516114512
2017-06-25,0.89,-96.7968559,32.7762719,DallasFtWorth,1327166.18,0.002688595763170376,-0.3600704126651628,-0.11653381625595151,-0.011173300598125227,2017-06-25,14.09855653531549,-0.009418936557500146
2017-12-10,0.75,-96.7968559,32.7762719,DallasFtWorth,1288280.85,0.002688595763170376,-0.3600704126651628,-0.2876820724517809,-0.12516314295400596,2017-12-10,14.068819213118955,-0.029737322196535132
2017-11-26,0.95,-96.7968559,32.7762719,DallasFtWorth,898548.0,0.002688595763170376,-0.3600704126651628,-0.05129329438755058,0.010582109330536951,2017-11-26,13.708535406149444,-0.3602838069695107
2015-09-06,0.84,-96.7968559,32.7762719,DallasFtWorth,1270739.69,0.002688595763170376,-0.3600704126651628,-0.1743533871447778,0.024097551579060517,2015-09-06,14.05510972195733,0.3465743158078851
2018-02-11,0.72,-96.7968559,32.7762719,DallasFtWorth,1553404.16,0.002688595763170376,-0.3600704126651628,-0.3285040669720361,0.07197349962508914,2018-02-11,14.255959312960751,0.20084959100342203
2015-04-12,0.72,-96.7968559,32.7762719,DallasFtWorth,1266899.55,0.002688595763170376,-0.3600704126651628,-0.3285040669720361,-0.06713930283762859,2015-04-12,14.052083174392354,-0.20387613856839693
2015-11-08,0.8,-96.7968559,32.7762719,DallasFtWorth,977717.36,0.002688595763170376,-0.3600704126651628,-0.2231435513142097,0.025317807984289897,2015-11-08,13.792975909293988,-0.25910726509836657
2015-03-01,0.82,-96.7968559,32.7762719,DallasFtWorth,1144032.03,0.002688595763170376,-0.3600704126651628,-0.19845093872383832,0.024692612590371393,2015-03-01,13.950069448781685,0.1570935394876969
2017-01-29,0.73,-96.7968559,32.7762719,DallasFtWorth,1306293.11,0.002688595763170376,-0.3600704126651628,-0.31471074483970024,0.04196419909903221,2017-01-29,14.08270399702149,0.13263454823980503
2015-05-03,0.77,-96.7968559,32.7762719,DallasFtWorth,1282852.08,0.002688595763170376,-0.3600704126651628,-0.2613647641344075,-0.05064373281875498,2015-05-03,14.064596344667397,-0.018107652354093062
