avo.csv
Date,AveragePrice,lon,lat,region,Total Volume,lon_scaled,lat_scaled,logPrice,logPriceDiff,Date,logVol,logDiffVol
2017-09-17,1.24,-96.7968559,32.7762719,DallasFtWorth,982833.04,0.002688595763170376,-0.3600704126651628,0.2151113796169455,0.032789822822990894,2017-09-17,13.798194537297698,-0.2664018073696983
2018-03-04,0.77,-96.7968559,32.7762719,DallasFtWorth,1501141.58,0.002688595763170376,-0.3600704126651628,-0.2613647641344075,0.0397403286495141,2018-03-04,14.221736429951534,0.42354189265383546
2015-08-09,0.85,-96.7968559,32.7762719,DallasFtWorth,1124259.51,0.002688595763170376,-0.3600704126651628,-0.16251892949777494,-0.023256862164267283,2015-08-09,13.932635163569826,-0.2891012663817083
2015-09-13,0.86,-96.7968559,32.7762719,DallasFtWorth,1212585.41,0.002688595763170376,-0.3600704126651628,-0.15082288973458366,0.02353049741019414,2015-09-13,14.008265340550022,0.07563017698019614
2017-06-18,0.9,-96.7968559,32.7762719,DallasFtWorth,1441940.59,0.002688595763170376,-0.3600704126651628,-0.10536051565782628,0.0,2017-06-18,14.181500396255693,0.17323505570567121
2016-11-27,0.9,-96.7968559,32.7762719,DallasFtWorth,851579.21,0.002688595763170376,-0.3600704126651628,-0.10536051565782628,-0.10536051565782628,2016-11-27,13.65484779883357,-0.5266525974221228
2015-01-11,0.76,-96.7968559,32.7762719,DallasFtWorth,1128693.04,0.002688595763170376,-0.3600704126651628,-0.2744368457017603,0.02666824708216131,2015-01-11,13.936570919538598,0.2817231207050277
2016-12-11,0.69,-96.7968559,32.7762719,DallasFtWorth,1121306.38,0.002688595763170376,-0.3600704126651628,-0.37106368139083207,0.0,2016-12-11,13.930004974257097,-0.006565945281501229
2017-05-14,0.95,-96.7968559,32.7762719,DallasFtWorth,1292071.56,0.002688595763170376,-0.3600704126651628,-0.05129329438755058,0.06524052186840093,2017-05-14,14.071757348787786,0.14175237453068945
2017-05-28,0.93,-96.7968559,32.7762719,DallasFtWorth,1386906.1,0.002688595763170376,-0.3600704126651628,-0.07257069283483537,0.021739986636405917,2017-05-28,14.142585996933118,0.07082864814533174
2015-11-29,0.8,-96.7968559,32.7762719,DallasFtWorth,839818.87,0.002688595763170376,-0.3600704126651628,-0.2231435513142097,0.025317807984289897,2015-11-29,13.640941516615419,-0.5016444803176991
2017-01-01,0.68,-96.7968559,32.7762719,DallasFtWorth,1336539.2,0.002688595763170376,-0.3600704126651628,-0.3856624808119846,-0.11122563511022432,2017-01-01,14.105594144471427,0.46465262785600814
2016-03-27,0.76,-96.7968559,32.7762719,DallasFtWorth,1341740.28,0.002688595763170376,-0.3600704126651628,-0.2744368457017603,0.02666824708216131,2016-03-27,14.109478045742293,0.0038839012708660192
2016-01-10,0.85,-96.7968559,32.7762719,DallasFtWorth,1145736.97,0.002688595763170376,-0.3600704126651628,-0.16251892949777494,0.08594242980072467,2016-01-10,13.951558629843252,-0.15791941589904113
2015-02-15,0.77,-96.7968559,32.7762719,DallasFtWorth,1020856.87,0.002688595763170376,-0.3600704126651628,-0.2613647641344075,0.13911280246271773,2015-02-15,13.836152901227747,-0.1154057286155048
2017-12-24,0.99,-96.7968559,32.7762719,DallasFtWorth,1060456.59,0.002688595763170376,-0.3600704126651628,-0.01005033585350145,0.17627924233799203,2017-12-24,13.87421011862715,0.0380572173994036
2017-04-02,0.83,-96.7968559,32.7762719,DallasFtWorth,1372247.8,0.002688595763170376,-0.3600704126651628,-0.18632957819149348,-0.09201889872025219,2017-04-02,14.131960683204438,0.25775056457728773
2017-08-27,1.13,-96.7968559,32.7762719,DallasFtWorth,1090966.44,0.002688595763170376,-0.3600704126651628,0.12221763272424911,0.13226796857775056,2017-08-27,13.90257450357215,-0.22938617963228758
2016-07-31,0.88,-96.7968559,32.7762719,DallasFtWorth,1163785.11,0.002688595763170376,-0.3600704126651628,-0.12783337150988489,-0.06595796779179736,2016-07-31,13.967188276828306,0.06461377325615558
2015-06-07,0.73,-96.7968559,32.7762719,DallasFtWorth,1255575.78,0.002688595763170376,-0.3600704126651628,-0.31471074483970024,0.07095173597228438,2015-06-07,14.04310481418122,0.0759165373529136
2016-12-25,0.76,-96.7968559,32.7762719,DallasFtWorth,1199636.75,0.002688595763170376,-0.3600704126651628,-0.2744368457017603,0.09662683568907177,2016-12-25,13.99752936059948,-0.04557545358174053
2015-08-23,0.85,-96.7968559,32.7762719,DallasFtWorth,1120172.03,0.002688595763170376,-0.3600704126651628,-0.16251892949777494,-0.03468555798789005,2015-08-23,13.928992829690564,-0.06853653090891498
2017-11-12,0.96,-96.7968559,32.7762719,DallasFtWorth,1054327.0,0.002688595763170376,-0.3600704126651628,-0.040821994520255166,0.0,2017-11-12,13.868413206646212,-0.060579623044352715
2016-08-07,0.83,-96.7968559,32.7762719,DallasFtWorth,1244080.92,0.002688595763170376,-0.3600704126651628,-0.18632957819149348,-0.0584962066816086,2016-08-07,14.033907598397228,0.16549439175101632
2017-09-03,1.23,-96.7968559,32.7762719,DallasFtWorth,1043009.46,0.002688595763170376,-0.3600704126651628,0.20701416938432612,0.08479653666007701,2017-09-03,13.857620803932189,-0.1762867944650388
2018-02-25,0.74,-96.7968559,32.7762719,DallasFtWorth,1616898.5,0.002688595763170376,-0.3600704126651628,-0.3011050927839216,-0.0397403286495141,2018-02-25,14.296020366026319,0.4383995620941299
2017-08-20,0.99,-96.7968559,32.7762719,DallasFtWorth,1163466.68,0.002688595763170376,-0.3600704126651628,-0.01005033585350145,-0.01005033585350145,2017-08-20,13.966914623583431,-0.3291057424428878
2015-01-18,0.76,-96.7968559,32.7762719,DallasFtWorth,1091677.29,0.002688595763170376,-0.3600704126651628,-0.2744368457017603,0.0,2015-01-18,13.90322586963374,-0.06368875394969109
2017-01-08,0.78,-96.7968559,32.7762719,DallasFtWorth,1247488.6,0.002688595763170376,-0.3600704126651628,-0.2484613592984996,0.137201121513485,2017-01-08,14.036642968289504,0.13341709865576412
2016-12-18,0.69,-96.7968559,32.7762719,DallasFtWorth,1148251.0,0.002688595763170376,-0.3600704126651628,-0.37106368139083207,0.0,2016-12-18,13.953750473078147,-0.08289249521135744
2016-04-03,0.7,-96.7968559,32.7762719,DallasFtWorth,1339210.2,0.002688595763170376,-0.3600704126651628,-0.35667494393873245,-0.08223809823697215,2016-04-03,14.107590595175798,0.15384012209765174
2015-04-19,0.8,-96.7968559,32.7762719,DallasFtWorth,1137811.87,0.002688595763170376,-0.3600704126651628,-0.2231435513142097,0.10536051565782639,2015-04-19,13.944617563657696,-0.16297303151810283
2017-01-15,0.7,-96.7968559,32.7762719,DallasFtWorth,1389716.89,0.002688595763170376,-0.3600704126651628,-0.35667494393873245,-0.10821358464023284,2017-01-15,14.144610608103056,0.19999304444536037
2016-04-10,0.69,-96.7968559,32.7762719,DallasFtWorth,1424317.64,0.002688595763170376,-0.3600704126651628,-0.37106368139083207,-0.01438873745209962,2016-04-10,14.169203407877227,0.024592799774170615
2017-08-13,1.0,-96.7968559,32.7762719,DallasFtWorth,1263766.23,0.002688595763170376,-0.3600704126651628,0.0,0.020202707317519466,2017-08-13,14.049606891964322,-0.11959651591290488
2015-08-30,0.82,-96.7968559,32.7762719,DallasFtWorth,1101680.91,0.002688595763170376,-0.3600704126651628,-0.19845093872383832,-0.03593200922606338,2015-08-30,13.91234767141185,-0.13725922055247253
2017-12-03,0.85,-96.7968559,32.7762719,DallasFtWorth,1199422.0,0.002688595763170376,-0.3600704126651628,-0.16251892949777494,-0.11122563511022436,2017-12-03,13.99735033205291,0.08500266064106121
2018-02-18,0.77,-96.7968559,32.7762719,DallasFtWorth,1421970.53,0.002688595763170376,-0.3600704126651628,-0.2613647641344075,0.06713930283762859,2018-02-18,14.167554164798645,0.17020383274573447
2016-07-24,0.94,-96.7968559,32.7762719,DallasFtWorth,1188812.12,0.002688595763170376,-0.3600704126651628,-0.06187540371808753,-0.021053409197832364,2016-07-24,13.988465148048439,-0.17908901675020594
2016-09-04,0.74,-96.7968559,32.7762719,DallasFtWorth,1390891.44,0.002688595763170376,-0.3600704126651628,-0.3011050927839216,0.0,2016-09-04,14.145455423287693,0.15699027523925402
2015-12-27,0.8,-96.7968559,32.7762719,DallasFtWorth,1020390.64,0.002688595763170376,-0.3600704126651628,-0.2231435513142097,-0.024692612590371393,2015-12-27,13.83569609233434,-0.3097593309533533
2017-02-19,0.76,-96.7968559,32.7762719,DallasFtWorth,1177312.94,0.002688595763170376,-0.3600704126651628,-0.2744368457017603,0.08223809823697215,2017-02-19,13.978745230257053,0.1430491379227128
2016-11-06,1.14,-96.7968559,32.7762719,DallasFtWorth,894904.55,0.002688595763170376,-0.3600704126651628,0.131028262406404,0.0,2016-11-06,13.704472343524992,-0.2742728867320601
2016-01-24,1.02,-96.7968559,32.7762719,DallasFtWorth,676032.04,0.002688595763170376,-0.3600704126651628,0.01980262729617973,0.25552496081724957,2016-01-24,13.42399575035163,-0.28047659317336304
2017-07-30,1.03,-96.7968559,32.7762719,DallasFtWorth,1154233.85,0.002688595763170376,-0.3600704126651628,0.02955880224154443,0.039609138095045876,2017-07-30,13.958947348501802,0.5349515981501725
2015-07-26,0.8,-96.7968559,32.7762719,DallasFtWorth,1191310.92,0.002688595763170376,-0.3600704126651628,-0.2231435513142097,-0.024692612590371393,2015-07-26,13.990564872202253,0.03161752370045079
2018-03-11,0.87,-96.7968559,32.7762719,DallasFtWorth,1356159.96,0.002688595763170376,-0.3600704126651628,-0.13926206733350766,0.12210269680089986,2018-03-11,14.12016770512697,0.12960283292471786
2017-10-01,1.3,-96.7968559,32.7762719,DallasFtWorth,893387.5,0.002688595763170376,-0.3600704126651628,0.26236426446749106,0.007722046093910306,2017-10-01,13.702775696309102,-0.41739200881786864
2018-01-28,0.82,-96.7968559,32.7762719,DallasFtWorth,1433095.36,0.002688595763170376,-0.3600704126651628,-0.19845093872383832,-0.03593200922606338,2018-01-28,14.175347250304545,0.4725715539954436
2016-05-08,0.72,-96.7968559,32.7762719,DallasFtWorth,1475782.06,0.002688595763170376,-0.3600704126651628,-0.3285040669720361,0.01398624197473991,2016-05-08,14.204698617413802,0.0293513671092569
2015-03-08,0.75,-96.7968559,32.7762719,DallasFtWorth,1218684.28,0.002688595763170376,-0.3600704126651628,-0.2876820724517809,-0.08923113372794259,2015-03-08,14.013282375737674,-0.19141624167612825
2017-12-31,0.9,-96.7968559,32.7762719,DallasFtWorth,1116393.2,0.002688595763170376,-0.3600704126651628,-0.10536051565782628,-0.09531017980432482,2017-12-31,13.925613689618947,-0.08766868611872702
2015-08-02,0.87,-96.7968559,32.7762719,DallasFtWorth,1067498.21,0.002688595763170376,-0.3600704126651628,-0.13926206733350766,0.08388148398070205,2015-08-02,13.880828347268523,-0.04478534235042453
2015-06-14,0.65,-96.7968559,32.7762719,DallasFtWorth,1508750.45,0.002688595763170376,-0.3600704126651628,-0.4307829160924542,-0.11607217125275399,2015-06-14,14.226792349653984,0.3459640023854611
2017-07-23,0.99,-96.7968559,32.7762719,DallasFtWorth,1197803.17,0.002688595763170376,-0.3600704126651628,-0.01005033585350145,0.010152371464018015,2017-07-23,13.995999745327614,-0.2307926043263695
2015-11-01,0.78,-96.7968559,32.7762719,DallasFtWorth,1114177.66,0.002688595763170376,-0.3600704126651628,-0.2484613592984996,-0.09763846956391595,2015-11-01,13.923627166107567,-0.07237257922004758
2016-10-30,1.14,-96.7968559,32.7762719,DallasFtWorth,801081.72,0.002688595763170376,-0.3600704126651628,0.131028262406404,0.054067221270275606,2016-10-30,13.593718243318468,-0.3299089227890981
2017-10-08,1.29,-96.7968559,32.7762719,DallasFtWorth,919708.71,0.002688595763170376,-0.3600704126651628,0.25464221837358075,-0.007722046093910306,2017-10-08,13.731812279325448,0.13809403600697934
2016-10-23,1.08,-96.7968559,32.7762719,DallasFtWorth,993986.41,0.002688595763170376,-0.3600704126651628,0.0769610411361284,0.08701137698962985,2016-10-23,13.809478813513055,0.07766653418760683
2017-02-12,0.7,-96.7968559,32.7762719,DallasFtWorth,1422345.94,0.002688595763170376,-0.3600704126651628,-0.35667494393873245,0.07410797215372178,2017-02-12,14.167818136832796,0.3583393233197416
2016-02-28,0.74,-96.7968559,32.7762719,DallasFtWorth,1199630.68,0.002688595763170376,-0.3600704126651628,-0.3011050927839216,-0.11477551459242813,2016-02-28,13.997524300721683,-0.1702938361111137
2017-03-26,0.91,-96.7968559,32.7762719,DallasFtWorth,1282796.85,0.002688595763170376,-0.3600704126651628,-0.09431067947124129,-0.03243527575315376,2017-03-26,14.064553291232173,0.06702899051049016
2018-01-07,0.92,-96.7968559,32.7762719,DallasFtWorth,1140210.38,0.002688595763170376,-0.3600704126651628,-0.08338160893905101,0.021978906718775268,2018-01-07,13.946723347204204,-0.11782994402796909
2015-03-29,0.79,-96.7968559,32.7762719,DallasFtWorth,1164808.22,0.002688595763170376,-0.3600704126651628,-0.23572233352106983,0.1647552330760554,2015-03-29,13.968067013405152,0.02134366620094852
2015-09-27,0.84,-96.7968559,32.7762719,DallasFtWorth,1063583.86,0.002688595763170376,-0.3600704126651628,-0.1743533871447778,0.08701137698962971,2015-09-27,13.877154763358089,-0.09091225004706338
2015-02-01,0.68,-96.7968559,32.7762719,DallasFtWorth,1391089.32,0.002688595763170376,-0.3600704126651628,-0.3856624808119846,-0.1625189294977749,2015-02-01,14.145597681640576,0.2684429182824868
2015-02-22,0.8,-96.7968559,32.7762719,DallasFtWorth,1116600.76,0.002688595763170376,-0.3600704126651628,-0.2231435513142097,0.0382212128201978,2015-02-22,13.925799592495816,-0.21979808914475996
2015-05-24,0.81,-96.7968559,32.7762719,DallasFtWorth,1184131.34,0.002688595763170376,-0.3600704126651628,-0.21072103131565253,0.1039897135240477,2015-05-24,13.98452001732797,0.05872042483215445
2016-11-20,1.0,-96.7968559,32.7762719,DallasFtWorth,910226.05,0.002688595763170376,-0.3600704126651628,0.0,-0.0769610411361284,2016-11-20,13.72144825423863,-0.2630717630893393
2016-07-17,0.96,-96.7968559,32.7762719,DallasFtWorth,1070350.11,0.002688595763170376,-0.3600704126651628,-0.040821994520255166,0.053488684950986125,2016-07-17,13.883496358525486,0.16204810428685512
2017-10-15,1.28,-96.7968559,32.7762719,DallasFtWorth,884631.4,0.002688595763170376,-0.3600704126651628,0.2468600779315258,-0.007782140442054941,2017-10-15,13.692926340055886,-0.1905700184696002
2017-09-24,1.29,-96.7968559,32.7762719,DallasFtWorth,946384.19,0.002688595763170376,-0.3600704126651628,0.25464221837358075,0.03953083875663527,2017-09-24,13.760403886096803,0.0674775460409176
2016-03-13,0.78,-96.7968559,32.7762719,DallasFtWorth,1177309.05,0.002688595763170376,-0.3600704126651628,-0.2484613592984996,0.025975486403260695,2016-03-13,13.978741926117351,0.2183380400205479
2017-07-02,0.9,-96.7968559,32.7762719,DallasFtWorth,1378563.61,0.002688595763170376,-0.3600704126651628,-0.10536051565782628,0.011173300598125227,2017-07-02,14.136552652741182,0.1578107266238309
2018-03-18,0.87,-96.7968559,32.7762719,DallasFtWorth,1362250.25,0.002688595763170376,-0.3600704126651628,-0.13926206733350766,0.0,2018-03-18,14.12464848596524,-0.01190416677594186
2018-02-04,0.67,-96.7968559,32.7762719,DallasFtWorth,1885401.44,0.002688595763170376,-0.3600704126651628,-0.40047756659712525,-0.20202662787328693,2018-02-04,14.449651321707552,0.32500283574231226
2015-04-05,0.77,-96.7968559,32.7762719,DallasFtWorth,1324348.89,0.002688595763170376,-0.3600704126651628,-0.2613647641344075,-0.02564243061333768,2015-04-05,14.09643149285047,-0.3532198288570818
2015-09-20,0.77,-96.7968559,32.7762719,DallasFtWorth,1155212.67,0.002688595763170376,-0.3600704126651628,-0.2613647641344075,-0.11054187439982385,2015-09-20,13.959795014858337,-0.13663647799213408
2016-07-03,0.89,-96.7968559,32.7762719,DallasFtWorth,1350870.14,0.002688595763170376,-0.3600704126651628,-0.11653381625595151,0.04598511324182343,2016-07-03,14.116259490930817,0.1564644760724807
2017-08-06,0.98,-96.7968559,32.7762719,DallasFtWorth,1253537.5,0.002688595763170376,-0.3600704126651628,-0.020202707317519466,-0.049761509559063895,2017-08-06,14.041480112367546,-0.07477937856327088
2016-08-14,0.88,-96.7968559,32.7762719,DallasFtWorth,1132112.24,0.002688595763170376,-0.3600704126651628,-0.12783337150988489,0.0584962066816086,2016-08-14,13.939595684773499,-0.10188442759404737
2016-04-24,0.65,-96.7968559,32.7762719,DallasFtWorth,1482923.45,0.002688595763170376,-0.3600704126651628,-0.4307829160924542,-0.05971923470162216,2016-04-24,14.209526001446596,0.2699303166730971
2015-06-21,0.75,-96.7968559,32.7762719,DallasFtWorth,1283503.44,0.002688595763170376,-0.3600704126651628,-0.2876820724517809,0.14310084364067333,2015-06-21,14.065103959461148,-0.1444220419854485
2017-02-05,0.65,-96.7968559,32.7762719,DallasFtWorth,1772501.55,0.002688595763170376,-0.3600704126651628,-0.4307829160924542,-0.11607217125275399,2017-02-05,14.387902411859123,0.32279845239797567
2016-05-01,0.71,-96.7968559,32.7762719,DallasFtWorth,1433697.02,0.002688595763170376,-0.3600704126651628,-0.342490308946776,0.08829260714567821,2016-05-01,14.17576699469415,-0.21213541716497275
2016-10-16,0.99,-96.7968559,32.7762719,DallasFtWorth,1021028.79,0.002688595763170376,-0.3600704126651628,-0.01005033585350145,0.06252035698133393,2016-10-16,13.8363212945945,-0.3394457000996507
2016-11-13,1.08,-96.7968559,32.7762719,DallasFtWorth,894000.36,0.002688595763170376,-0.3600704126651628,0.0769610411361284,-0.054067221270275606,2016-11-13,13.703461456840135,-0.13285983775436527
2015-01-25,0.8,-96.7968559,32.7762719,DallasFtWorth,1008295.47,0.002688595763170376,-0.3600704126651628,-0.2231435513142097,0.05129329438755059,2015-01-25,13.82377180966071,0.12031035282057623
