avo.csv
Date,AveragePrice,lon,lat,region,Total Volume,lon_scaled,lat_scaled,logPrice,logPriceDiff,Date,logVol,logDiffVol
2015-10-25,0.93,-104.984696,39.739142799999996,Denver,735206.51,-0.31457176443856305,0.27628251791893765,-0.07257069283483537,0.06669137449867228,2015-10-25,13.507906704717817,0.0
2017-12-10,0.97,-104.984696,39.739142799999996,Denver,886841.87,-0.31457176443856305,0.27628251791893765,-0.030459207484708574,-0.1257693872890335,2017-12-10,13.69542197031427,0.1875152655964527
2017-04-30,1.33,-104.984696,39.739142799999996,Denver,703503.26,-0.31457176443856305,0.27628251791893765,0.28517894223366247,0.14541699985850384,2017-04-30,13.463827789498836,-0.23159418081543315
2017-06-11,1.18,-104.984696,39.739142799999996,Denver,872407.69,-0.31457176443856305,0.27628251791893765,0.16551443847757333,0.01709443335930011,2017-06-11,13.67901212803463,0.21518433853579388
2015-03-15,1.03,-104.984696,39.739142799999996,Denver,662131.8,-0.31457176443856305,0.27628251791893765,0.02955880224154443,0.0,2015-03-15,13.403219908758222,-0.27579221927640774
2016-07-10,1.04,-104.984696,39.739142799999996,Denver,835116.1,-0.31457176443856305,0.27628251791893765,0.03922071315328133,0.0096619109117369,2016-07-10,13.635326036083729,0.2321061273255065
2017-12-24,1.19,-104.984696,39.739142799999996,Denver,675592.64,-0.31457176443856305,0.27628251791893765,0.17395330712343798,0.05173567439918887,2017-12-24,13.42334556983631,-0.21198046624741806
2016-07-31,1.15,-104.984696,39.739142799999996,Denver,673588.45,-0.31457176443856305,0.27628251791893765,0.13976194237515863,-0.01724180643450607,2016-07-31,13.420374595088663,-0.0029709747476474035
2015-11-29,1.12,-104.984696,39.739142799999996,Denver,429109.64,-0.31457176443856305,0.27628251791893765,0.11332868530700327,0.2758476148047782,2015-11-29,12.969467736352996,-0.45090685873566727
2016-08-14,1.18,-104.984696,39.739142799999996,Denver,657981.41,-0.31457176443856305,0.27628251791893765,0.16551443847757333,0.03448617607116933,2016-08-14,13.396931957628716,0.42746422127572004
2015-03-01,1.03,-104.984696,39.739142799999996,Denver,670820.5,-0.31457176443856305,0.27628251791893765,0.02955880224154443,0.02955880224154443,2015-03-01,13.416256868988974,0.0193249113602576
2017-11-19,1.13,-104.984696,39.739142799999996,Denver,701022.0,-0.31457176443856305,0.27628251791893765,0.12221763272424911,0.09265883048270468,2017-11-19,13.460294549261786,0.04403768027281174
2015-11-15,0.82,-104.984696,39.739142799999996,Denver,925618.09,-0.31457176443856305,0.27628251791893765,-0.19845093872383832,-0.12588024588900293,2015-11-15,13.738216998750136,0.27792244948835076
2017-11-26,1.36,-104.984696,39.739142799999996,Denver,543243.0,-0.31457176443856305,0.27628251791893765,0.3074846997479607,0.1852670670237116,2017-11-26,13.205312012623786,-0.5329049861263506
2016-07-24,1.17,-104.984696,39.739142799999996,Denver,690893.4,-0.31457176443856305,0.27628251791893765,0.1570037488096647,0.08934510033584983,2016-07-24,13.445740821673985,0.24042880905019892
2016-07-03,1.03,-104.984696,39.739142799999996,Denver,815698.87,-0.31457176443856305,0.27628251791893765,0.02955880224154443,0.049761509559063895,2016-07-03,13.611800533974485,0.1660597123005001
2015-11-01,0.82,-104.984696,39.739142799999996,Denver,831994.43,-0.31457176443856305,0.27628251791893765,-0.19845093872383832,-0.12588024588900293,2015-11-01,13.631581025069398,0.01978049109491309
2017-12-31,0.94,-104.984696,39.739142799999996,Denver,938481.85,-0.31457176443856305,0.27628251791893765,-0.06187540371808753,-0.2358287108415255,2017-12-31,13.752018795450356,0.12043777038095804
2016-08-28,0.91,-104.984696,39.739142799999996,Denver,957464.14,-0.31457176443856305,0.27628251791893765,-0.09431067947124129,-0.29316153821640645,2016-08-28,13.772043547638479,0.02002475218812272
2015-11-22,0.85,-104.984696,39.739142799999996,Denver,724865.72,-0.31457176443856305,0.27628251791893765,-0.16251892949777494,0.03593200922606338,2015-11-22,13.493741702889515,-0.27830184474896313
2015-05-31,1.26,-104.984696,39.739142799999996,Denver,600377.94,-0.31457176443856305,0.27628251791893765,0.23111172096338664,0.08269171584511342,2015-05-31,13.305314635894549,-0.1884270669949668
2016-06-12,0.96,-104.984696,39.739142799999996,Denver,819664.78,-0.31457176443856305,0.27628251791893765,-0.040821994520255166,0.12169693497751977,2016-06-12,13.616650730778893,0.31133609488434466
2017-12-03,1.1,-104.984696,39.739142799999996,Denver,849840.0,-0.31457176443856305,0.27628251791893765,0.09531017980432493,-0.2121745199436358,2017-12-03,13.652803375453894,0.0361526446750009
2018-01-07,1.01,-104.984696,39.739142799999996,Denver,963849.75,-0.31457176443856305,0.27628251791893765,0.009950330853168092,0.07182573457125563,2018-01-07,13.778690700449244,0.12588732499535027
2017-05-07,1.13,-104.984696,39.739142799999996,Denver,904098.6,-0.31457176443856305,0.27628251791893765,0.12221763272424911,-0.16296130950941334,2017-05-07,13.714693704222986,-0.06399699622625832
2015-11-08,0.93,-104.984696,39.739142799999996,Denver,690633.88,-0.31457176443856305,0.27628251791893765,-0.07257069283483537,0.12588024588900293,2015-11-08,13.445365121524144,-0.26932858269884186
2016-07-17,1.07,-104.984696,39.739142799999996,Denver,771606.04,-0.31457176443856305,0.27628251791893765,0.06765864847381486,0.028437935320533535,2016-07-17,13.556229387873172,0.11086426634902757
2016-08-07,1.14,-104.984696,39.739142799999996,Denver,695116.3,-0.31457176443856305,0.27628251791893765,0.131028262406404,-0.008733679968754626,2016-08-07,13.451834448676962,-0.10439493919620979
2016-06-26,0.98,-104.984696,39.739142799999996,Denver,773677.84,-0.31457176443856305,0.27628251791893765,-0.020202707317519466,-0.020202707317519466,2016-06-26,13.558910838535018,0.10707638985805623
2016-08-21,1.22,-104.984696,39.739142799999996,Denver,603007.72,-0.31457176443856305,0.27628251791893765,0.19885085874516517,0.03333642026759184,2016-08-21,13.309685278280769,-0.24922556025424925
2015-02-15,1.12,-104.984696,39.739142799999996,Denver,629074.28,-0.31457176443856305,0.27628251791893765,0.11332868530700327,0.16462197969455383,2015-02-15,13.352004620920098,0.04231934263932935
2015-06-21,1.16,-104.984696,39.739142799999996,Denver,730826.79,-0.31457176443856305,0.27628251791893765,0.14842000511827322,0.0,2015-06-21,13.50193176127057,0.14992714035047072
2015-03-08,1.03,-104.984696,39.739142799999996,Denver,719792.51,-0.31457176443856305,0.27628251791893765,0.02955880224154443,0.0,2015-03-08,13.486718268904687,-0.01521349236588243
2016-06-19,1.0,-104.984696,39.739142799999996,Denver,791013.5,-0.31457176443856305,0.27628251791893765,0.0,0.040821994520255166,2016-06-19,13.581070313607944,0.09435204470325687
2016-02-07,0.63,-104.984696,39.739142799999996,Denver,1365558.26,-0.31457176443856305,0.27628251791893765,-0.4620354595965587,-0.23889190828234896,2016-02-07,14.127073884675966,0.546003571068022
2015-10-18,0.87,-104.984696,39.739142799999996,Denver,805437.95,-0.31457176443856305,0.27628251791893765,-0.13926206733350766,-0.033901551675681374,2015-10-18,13.59914144573316,-0.5279324389428055
2017-05-28,1.19,-104.984696,39.739142799999996,Denver,835834.41,-0.31457176443856305,0.27628251791893765,0.17395330712343798,-0.03306086226088814,2017-05-28,13.636185798284881,0.037044352551721005
2015-08-23,1.2,-104.984696,39.739142799999996,Denver,598195.03,-0.31457176443856305,0.27628251791893765,0.1823215567939546,0.025317807984289897,2015-08-23,13.301672116885364,-0.33451368139951754
2015-04-19,1.08,-104.984696,39.739142799999996,Denver,797021.22,-0.31457176443856305,0.27628251791893765,0.0769610411361284,0.028170876966696345,2015-04-19,13.58863658226108,0.28696446537571596
2017-08-27,1.1,-104.984696,39.739142799999996,Denver,896083.2,-0.31457176443856305,0.27628251791893765,0.09531017980432493,-0.08701137698962966,2017-08-27,13.705788544788968,0.11715196252788829
2016-03-27,0.95,-104.984696,39.739142799999996,Denver,716900.4,-0.31457176443856305,0.27628251791893765,-0.05129329438755058,0.26341745045214965,2016-03-27,13.482692197798682,-0.22309634699028535
2017-04-02,1.33,-104.984696,39.739142799999996,Denver,681540.61,-0.31457176443856305,0.27628251791893765,0.28517894223366247,-0.06547792937950686,2017-04-02,13.432111117484961,-0.050581080313721216
2017-01-01,0.8,-104.984696,39.739142799999996,Denver,959368.84,-0.31457176443856305,0.27628251791893765,-0.2231435513142097,-0.26236426446749106,2017-01-01,13.774030888890179,0.3419197714052178
2016-01-10,0.72,-104.984696,39.739142799999996,Denver,1094945.73,-0.31457176443856305,0.27628251791893765,-0.3285040669720361,0.18232155679395462,2016-01-10,13.906215358360683,0.13218446947050388
2015-01-18,0.99,-104.984696,39.739142799999996,Denver,808194.41,-0.31457176443856305,0.27628251791893765,-0.01005033585350145,-0.09622803209455386,2015-01-18,13.60255791499779,-0.30365744336289247
